Component: Arm Compiler for Embedded 6.18 Tool: armlink [5e4cc100]

==============================================================================

Section Cross References

    startup_stm32f405xx.o(STACK) refers (Special) to heapauxi.o(.text) for __use_two_region_memory
    startup_stm32f405xx.o(HEAP) refers (Special) to heapauxi.o(.text) for __use_two_region_memory
    startup_stm32f405xx.o(RESET) refers (Special) to heapauxi.o(.text) for __use_two_region_memory
    startup_stm32f405xx.o(RESET) refers to startup_stm32f405xx.o(STACK) for __initial_sp
    startup_stm32f405xx.o(RESET) refers to startup_stm32f405xx.o(.text) for Reset_Handler
    startup_stm32f405xx.o(RESET) refers to stm32f4xx_it.o(.text.NMI_Handler) for NMI_Handler
    startup_stm32f405xx.o(RESET) refers to stm32f4xx_it.o(.text.HardFault_Handler) for HardFault_Handler
    startup_stm32f405xx.o(RESET) refers to stm32f4xx_it.o(.text.MemManage_Handler) for MemManage_Handler
    startup_stm32f405xx.o(RESET) refers to stm32f4xx_it.o(.text.BusFault_Handler) for BusFault_Handler
    startup_stm32f405xx.o(RESET) refers to stm32f4xx_it.o(.text.UsageFault_Handler) for UsageFault_Handler
    startup_stm32f405xx.o(RESET) refers to port.o(.text.SVC_Handler) for SVC_Handler
    startup_stm32f405xx.o(RESET) refers to stm32f4xx_it.o(.text.DebugMon_Handler) for DebugMon_Handler
    startup_stm32f405xx.o(RESET) refers to port.o(.text.PendSV_Handler) for PendSV_Handler
    startup_stm32f405xx.o(RESET) refers to cmsis_os2.o(.text.SysTick_Handler) for SysTick_Handler
    startup_stm32f405xx.o(RESET) refers to stm32f4xx_it.o(.text.DMA1_Stream5_IRQHandler) for DMA1_Stream5_IRQHandler
    startup_stm32f405xx.o(RESET) refers to stm32f4xx_it.o(.text.DMA1_Stream6_IRQHandler) for DMA1_Stream6_IRQHandler
    startup_stm32f405xx.o(RESET) refers to stm32f4xx_it.o(.text.CAN1_RX0_IRQHandler) for CAN1_RX0_IRQHandler
    startup_stm32f405xx.o(RESET) refers to stm32f4xx_it.o(.text.CAN1_RX1_IRQHandler) for CAN1_RX1_IRQHandler
    startup_stm32f405xx.o(RESET) refers to stm32f4xx_it.o(.text.TIM1_UP_TIM10_IRQHandler) for TIM1_UP_TIM10_IRQHandler
    startup_stm32f405xx.o(RESET) refers to stm32f4xx_it.o(.text.TIM2_IRQHandler) for TIM2_IRQHandler
    startup_stm32f405xx.o(RESET) refers to stm32f4xx_it.o(.text.TIM3_IRQHandler) for TIM3_IRQHandler
    startup_stm32f405xx.o(RESET) refers to stm32f4xx_it.o(.text.USART1_IRQHandler) for USART1_IRQHandler
    startup_stm32f405xx.o(RESET) refers to stm32f4xx_it.o(.text.USART2_IRQHandler) for USART2_IRQHandler
    startup_stm32f405xx.o(RESET) refers to stm32f4xx_it.o(.text.DMA2_Stream2_IRQHandler) for DMA2_Stream2_IRQHandler
    startup_stm32f405xx.o(RESET) refers to stm32f4xx_it.o(.text.CAN2_RX0_IRQHandler) for CAN2_RX0_IRQHandler
    startup_stm32f405xx.o(RESET) refers to stm32f4xx_it.o(.text.CAN2_RX1_IRQHandler) for CAN2_RX1_IRQHandler
    startup_stm32f405xx.o(RESET) refers to stm32f4xx_it.o(.text.DMA2_Stream7_IRQHandler) for DMA2_Stream7_IRQHandler
    startup_stm32f405xx.o(.text) refers (Special) to heapauxi.o(.text) for __use_two_region_memory
    startup_stm32f405xx.o(.text) refers to system_stm32f4xx.o(.text.SystemInit) for SystemInit
    startup_stm32f405xx.o(.text) refers to __main.o(!!!main) for __main
    startup_stm32f405xx.o(.text) refers to startup_stm32f405xx.o(HEAP) for Heap_Mem
    startup_stm32f405xx.o(.text) refers to startup_stm32f405xx.o(STACK) for Stack_Mem
    main.o(.text.main) refers to stm32f4xx_hal.o(.text.HAL_Init) for HAL_Init
    main.o(.text.main) refers to main.o(.text.SystemClock_Config) for SystemClock_Config
    main.o(.text.main) refers to gpio.o(.text.MX_GPIO_Init) for MX_GPIO_Init
    main.o(.text.main) refers to dma.o(.text.MX_DMA_Init) for MX_DMA_Init
    main.o(.text.main) refers to tim.o(.text.MX_TIM2_Init) for MX_TIM2_Init
    main.o(.text.main) refers to tim.o(.text.MX_TIM3_Init) for MX_TIM3_Init
    main.o(.text.main) refers to usart.o(.text.MX_USART1_UART_Init) for MX_USART1_UART_Init
    main.o(.text.main) refers to can.o(.text.MX_CAN1_Init) for MX_CAN1_Init
    main.o(.text.main) refers to usart.o(.text.MX_USART2_UART_Init) for MX_USART2_UART_Init
    main.o(.text.main) refers to can.o(.text.MX_CAN2_Init) for MX_CAN2_Init
    main.o(.text.main) refers to beep.o(.text.Beep_Init) for Beep_Init
    main.o(.text.main) refers to canqueue.o(.text.CAN_InitSendQueue) for CAN_InitSendQueue
    main.o(.text.main) refers to uart_irqhandler.o(.text.UART_Start_Recieve) for UART_Start_Recieve
    main.o(.text.main) refers to solenoid.o(.text.solenoid_init) for solenoid_init
    main.o(.text.main) refers to djmotor.o(.text.DJmotor_Init) for DJmotor_Init
    main.o(.text.main) refers to zdrive.o(.text.ZdriveInit) for ZdriveInit
    main.o(.text.main) refers to ground_block.o(.text.Ground_Block_Init) for Ground_Block_Init
    main.o(.text.main) refers to cmsis_os2.o(.text.osKernelInitialize) for osKernelInitialize
    main.o(.text.main) refers to freertos.o(.text.MX_FREERTOS_Init) for MX_FREERTOS_Init
[...]
    _memcpy_lastbytes_aligned                0x0800048f   Thumb Code     0  rt_memcpy_w.o(.text)
    __user_libspace                          0x080004ad   Thumb Code     8  libspace.o(.text)
    __user_perproc_libspace                  0x080004ad   Thumb Code     0  libspace.o(.text)
    __user_perthread_libspace                0x080004ad   Thumb Code     0  libspace.o(.text)
    __user_setup_stackheap                   0x080004b5   Thumb Code    74  sys_stackheap_outer.o(.text)
    exit                                     0x080004ff   Thumb Code    18  exit.o(.text)
    _sys_exit                                0x08000511   Thumb Code     8  sys_exit.o(.text)
    __I$use$semihosting                      0x0800051d   Thumb Code     0  use_no_semi.o(.text)
    __use_no_semihosting_swi                 0x0800051d   Thumb Code     2  use_no_semi.o(.text)
    __semihosting_library_function           0x0800051f   Thumb Code     0  indicate_semi.o(.text)
    BeepAlarmTask                            0x08000521   Thumb Code   102  myostasks.o(.text.BeepAlarmTask)
    Beep_Init                                0x08000589   Thumb Code   122  beep.o(.text.Beep_Init)
    BusFault_Handler                         0x08000605   Thumb Code     4  stm32f4xx_it.o(.text.BusFault_Handler)
    CAN1_RX0_IRQHandler                      0x08000609   Thumb Code    16  stm32f4xx_it.o(.text.CAN1_RX0_IRQHandler)
    CAN1_RX1_IRQHandler                      0x08000619   Thumb Code    16  stm32f4xx_it.o(.text.CAN1_RX1_IRQHandler)
    CAN2_RX0_IRQHandler                      0x08000629   Thumb Code    16  stm32f4xx_it.o(.text.CAN2_RX0_IRQHandler)
    CAN2_RX1_IRQHandler                      0x08000639   Thumb Code    16  stm32f4xx_it.o(.text.CAN2_RX1_IRQHandler)
    CAN_DequeueTx                            0x08000649   Thumb Code   228  canqueue.o(.text.CAN_DequeueTx)
    CAN_Enqueue                              0x0800072d   Thumb Code   198  canqueue.o(.text.CAN_Enqueue)
    CAN_InitSendQueue                        0x080007f5   Thumb Code    80  canqueue.o(.text.CAN_InitSendQueue)
    CAN_Queue_IfEmpty                        0x08000845   Thumb Code    22  canqueue.o(.text.CAN_Queue_IfEmpty)
    CAN_Queue_IfFull                         0x0800085d   Thumb Code    46  canqueue.o(.text.CAN_Queue_IfFull)
    ChangeDataByte                           0x0800088d   Thumb Code    34  mathfunc.o(.text.ChangeDataByte)
    DJmotor_AngleCalculate                   0x08000975   Thumb Code   284  djmotor.o(.text.DJmotor_AngleCalculate)
    DJmotor_CurrentTransmit                  0x08000a91   Thumb Code   152  djmotor.o(.text.DJmotor_CurrentTransmit)
    DJmotor_Func                             0x08000b29   Thumb Code   330  djmotor.o(.text.DJmotor_Func)
    DJmotor_Init                             0x08000c81   Thumb Code   696  djmotor.o(.text.DJmotor_Init)
    DJmotor_PositionMode                     0x08000f39   Thumb Code   424  djmotor.o(.text.DJmotor_PositionMode)
    DJmotor_Receive                          0x080010e1   Thumb Code   324  djmotor.o(.text.DJmotor_Receive)
    DJmotor_SetZero                          0x08001225   Thumb Code    30  djmotor.o(.text.DJmotor_SetZero)
    DJmotor_SpeedMode                        0x08001245   Thumb Code   226  djmotor.o(.text.DJmotor_SpeedMode)
    DJmotor_ZeroMode                         0x08001385   Thumb Code   282  djmotor.o(.text.DJmotor_ZeroMode)
    DMA1_Stream5_IRQHandler                  0x080014a1   Thumb Code    16  stm32f4xx_it.o(.text.DMA1_Stream5_IRQHandler)
    DMA1_Stream6_IRQHandler                  0x080014b1   Thumb Code    16  stm32f4xx_it.o(.text.DMA1_Stream6_IRQHandler)
    DMA2_Stream2_IRQHandler                  0x080014c1   Thumb Code    16  stm32f4xx_it.o(.text.DMA2_Stream2_IRQHandler)
    DMA2_Stream7_IRQHandler                  0x080014d1   Thumb Code    16  stm32f4xx_it.o(.text.DMA2_Stream7_IRQHandler)
    Deal_RxPack                              0x08001679   Thumb Code   354  bluetooth.o(.text.Deal_RxPack)
    DebugMon_Handler                         0x080017dd   Thumb Code     2  stm32f4xx_it.o(.text.DebugMon_Handler)
    Error_Handler                            0x080018d5   Thumb Code     6  main.o(.text.Error_Handler)
    Ground_Block_Disable                     0x080018f5   Thumb Code    76  ground_block.o(.text.Ground_Block_Disable)
    Ground_Block_Enable                      0x08001941   Thumb Code    76  ground_block.o(.text.Ground_Block_Enable)
    Ground_Block_Fetch                       0x0800198d   Thumb Code   210  ground_block.o(.text.Ground_Block_Fetch)
    Ground_Block_Func                        0x08001a61   Thumb Code   364  ground_block.o(.text.Ground_Block_Func)
    Ground_Block_GetReady                    0x08001bcd   Thumb Code    82  ground_block.o(.text.Ground_Block_GetReady)
    Ground_Block_Init                        0x08001c21   Thumb Code    16  ground_block.o(.text.Ground_Block_Init)
    Ground_Block_Lay                         0x08001c31   Thumb Code   180  ground_block.o(.text.Ground_Block_Lay)
    Ground_Block_Process                     0x08001ce5   Thumb Code   124  ground_block.o(.text.Ground_Block_Process)
    Ground_Block_Split                       0x08001d61   Thumb Code   148  ground_block.o(.text.Ground_Block_Split)
    Ground_Block_Task                        0x08001df5   Thumb Code    14  myostasks.o(.text.Ground_Block_Task)
    Ground_Block_reset                       0x08001e05   Thumb Code    78  ground_block.o(.text.Ground_Block_reset)
    HAL_CAN_ActivateNotification             0x08001e55   Thumb Code    82  stm32f4xx_hal_can.o(.text.HAL_CAN_ActivateNotification)
    HAL_CAN_AddTxMessage                     0x08001ea9   Thumb Code   342  stm32f4xx_hal_can.o(.text.HAL_CAN_AddTxMessage)
    HAL_CAN_ConfigFilter                     0x08002001   Thumb Code   414  stm32f4xx_hal_can.o(.text.HAL_CAN_ConfigFilter)
    HAL_CAN_ErrorCallback                    0x080021a1   Thumb Code     8  stm32f4xx_hal_can.o(.text.HAL_CAN_ErrorCallback)
    HAL_CAN_GetRxMessage                     0x080021a9   Thumb Code   530  stm32f4xx_hal_can.o(.text.HAL_CAN_GetRxMessage)
    HAL_CAN_IRQHandler                       0x080023bd   Thumb Code  1010  stm32f4xx_hal_can.o(.text.HAL_CAN_IRQHandler)
    HAL_CAN_Init                             0x080027b1   Thumb Code   478  stm32f4xx_hal_can.o(.text.HAL_CAN_Init)
    HAL_CAN_MspInit                          0x08002991   Thumb Code   430  can.o(.text.HAL_CAN_MspInit)
    HAL_CAN_RxFifo0FullCallback              0x08002b41   Thumb Code     8  stm32f4xx_hal_can.o(.text.HAL_CAN_RxFifo0FullCallback)
    HAL_CAN_RxFifo0MsgPendingCallback        0x08002b49   Thumb Code   128  can_irqhandler.o(.text.HAL_CAN_RxFifo0MsgPendingCallback)
    HAL_CAN_RxFifo1FullCallback              0x08002bc9   Thumb Code     8  stm32f4xx_hal_can.o(.text.HAL_CAN_RxFifo1FullCallback)
    HAL_CAN_RxFifo1MsgPendingCallback        0x08002bd1   Thumb Code   174  can_irqhandler.o(.text.HAL_CAN_RxFifo1MsgPendingCallback)
    HAL_CAN_SleepCallback                    0x08002c81   Thumb Code     8  stm32f4xx_hal_can.o(.text.HAL_CAN_SleepCallback)
    HAL_CAN_Start                            0x08002c89   Thumb Code   138  stm32f4xx_hal_can.o(.text.HAL_CAN_Start)
    HAL_CAN_TxMailbox0AbortCallback          0x08002d15   Thumb Code     8  stm32f4xx_hal_can.o(.text.HAL_CAN_TxMailbox0AbortCallback)
    HAL_CAN_TxMailbox0CompleteCallback       0x08002d1d   Thumb Code     8  stm32f4xx_hal_can.o(.text.HAL_CAN_TxMailbox0CompleteCallback)
    HAL_CAN_TxMailbox1AbortCallback          0x08002d25   Thumb Code     8  stm32f4xx_hal_can.o(.text.HAL_CAN_TxMailbox1AbortCallback)
    HAL_CAN_TxMailbox1CompleteCallback       0x08002d2d   Thumb Code     8  stm32f4xx_hal_can.o(.text.HAL_CAN_TxMailbox1CompleteCallback)
    HAL_CAN_TxMailbox2AbortCallback          0x08002d35   Thumb Code     8  stm32f4xx_hal_can.o(.text.HAL_CAN_TxMailbox2AbortCallback)
    HAL_CAN_TxMailbox2CompleteCallback       0x08002d3d   Thumb Code     8  stm32f4xx_hal_can.o(.text.HAL_CAN_TxMailbox2CompleteCallback)
    HAL_CAN_WakeUpFromRxMsgCallback          0x08002d45   Thumb Code     8  stm32f4xx_hal_can.o(.text.HAL_CAN_WakeUpFromRxMsgCallback)
    HAL_DMA_Abort                            0x08002d4d   Thumb Code   236  stm32f4xx_hal_dma.o(.text.HAL_DMA_Abort)
    HAL_DMA_Abort_IT                         0x08002e39   Thumb Code    68  stm32f4xx_hal_dma.o(.text.HAL_DMA_Abort_IT)
    HAL_DMA_IRQHandler                       0x08002e7d   Thumb Code   798  stm32f4xx_hal_dma.o(.text.HAL_DMA_IRQHandler)
    HAL_DMA_Init                             0x0800319d   Thumb Code   366  stm32f4xx_hal_dma.o(.text.HAL_DMA_Init)
    HAL_DMA_Start_IT                         0x0800330d   Thumb Code   194  stm32f4xx_hal_dma.o(.text.HAL_DMA_Start_IT)
    HAL_Delay                                0x080033d1   Thumb Code    66  stm32f4xx_hal.o(.text.HAL_Delay)
    HAL_GPIO_Init                            0x08003415   Thumb Code   950  stm32f4xx_hal_gpio.o(.text.HAL_GPIO_Init)
    HAL_GPIO_WritePin                        0x080037cd   Thumb Code    46  stm32f4xx_hal_gpio.o(.text.HAL_GPIO_WritePin)
    HAL_GetTick                              0x080037fd   Thumb Code    12  stm32f4xx_hal.o(.text.HAL_GetTick)
    HAL_IncTick                              0x08003809   Thumb Code    26  stm32f4xx_hal.o(.text.HAL_IncTick)
    HAL_Init                                 0x08003825   Thumb Code    54  stm32f4xx_hal.o(.text.HAL_Init)
    HAL_InitTick                             0x0800385d   Thumb Code   218  stm32f4xx_hal_timebase_tim.o(.text.HAL_InitTick)
    HAL_MspInit                              0x08003939   Thumb Code    88  stm32f4xx_hal_msp.o(.text.HAL_MspInit)
    HAL_NVIC_EnableIRQ                       0x08003991   Thumb Code    20  stm32f4xx_hal_cortex.o(.text.HAL_NVIC_EnableIRQ)
    HAL_NVIC_SetPriority                     0x080039a5   Thumb Code    50  stm32f4xx_hal_cortex.o(.text.HAL_NVIC_SetPriority)
    HAL_NVIC_SetPriorityGrouping             0x080039d9   Thumb Code    16  stm32f4xx_hal_cortex.o(.text.HAL_NVIC_SetPriorityGrouping)
    HAL_RCC_ClockConfig                      0x080039e9   Thumb Code   610  stm32f4xx_hal_rcc.o(.text.HAL_RCC_ClockConfig)
    HAL_RCC_GetClockConfig                   0x08003c4d   Thumb Code    84  stm32f4xx_hal_rcc.o(.text.HAL_RCC_GetClockConfig)
    HAL_RCC_GetHCLKFreq                      0x08003ca1   Thumb Code    12  stm32f4xx_hal_rcc.o(.text.HAL_RCC_GetHCLKFreq)
    HAL_RCC_GetPCLK1Freq                     0x08003cad   Thumb Code    34  stm32f4xx_hal_rcc.o(.text.HAL_RCC_GetPCLK1Freq)
    HAL_RCC_GetPCLK2Freq                     0x08003cd1   Thumb Code    34  stm32f4xx_hal_rcc.o(.text.HAL_RCC_GetPCLK2Freq)
    HAL_RCC_GetSysClockFreq                  0x08003cf5   Thumb Code   230  stm32f4xx_hal_rcc.o(.text.HAL_RCC_GetSysClockFreq)
    HAL_RCC_OscConfig                        0x08003ddd   Thumb Code  1726  stm32f4xx_hal_rcc.o(.text.HAL_RCC_OscConfig)
    HAL_TIMEx_BreakCallback                  0x0800449d   Thumb Code     8  stm32f4xx_hal_tim_ex.o(.text.HAL_TIMEx_BreakCallback)
    HAL_TIMEx_CommutCallback                 0x080044a5   Thumb Code     8  stm32f4xx_hal_tim_ex.o(.text.HAL_TIMEx_CommutCallback)
    HAL_TIMEx_MasterConfigSynchronization    0x080044ad   Thumb Code   290  stm32f4xx_hal_tim_ex.o(.text.HAL_TIMEx_MasterConfigSynchronization)
    HAL_TIM_Base_Init                        0x080045d1   Thumb Code   156  stm32f4xx_hal_tim.o(.text.HAL_TIM_Base_Init)
    HAL_TIM_Base_MspInit                     0x0800466d   Thumb Code   150  tim.o(.text.HAL_TIM_Base_MspInit)
    HAL_TIM_Base_Start_IT                    0x08004705   Thumb Code   246  stm32f4xx_hal_tim.o(.text.HAL_TIM_Base_Start_IT)
    HAL_TIM_ConfigClockSource                0x080047fd   Thumb Code   388  stm32f4xx_hal_tim.o(.text.HAL_TIM_ConfigClockSource)
    HAL_TIM_IC_CaptureCallback               0x08004981   Thumb Code     8  stm32f4xx_hal_tim.o(.text.HAL_TIM_IC_CaptureCallback)
    HAL_TIM_IRQHandler                       0x08004989   Thumb Code   538  stm32f4xx_hal_tim.o(.text.HAL_TIM_IRQHandler)
    HAL_TIM_OC_DelayElapsedCallback          0x08004ba5   Thumb Code     8  stm32f4xx_hal_tim.o(.text.HAL_TIM_OC_DelayElapsedCallback)
    HAL_TIM_PWM_PulseFinishedCallback        0x08004bad   Thumb Code     8  stm32f4xx_hal_tim.o(.text.HAL_TIM_PWM_PulseFinishedCallback)
    HAL_TIM_PeriodElapsedCallback            0x08004bb5   Thumb Code    38  main.o(.text.HAL_TIM_PeriodElapsedCallback)
    HAL_TIM_TriggerCallback                  0x08004bdd   Thumb Code     8  stm32f4xx_hal_tim.o(.text.HAL_TIM_TriggerCallback)
    HAL_UARTEx_ReceiveToIdle_DMA             0x08004be5   Thumb Code   184  stm32f4xx_hal_uart.o(.text.HAL_UARTEx_ReceiveToIdle_DMA)
    HAL_UARTEx_RxEventCallback               0x08004c9d   Thumb Code    98  uart_irqhandler.o(.text.HAL_UARTEx_RxEventCallback)
    HAL_UART_ErrorCallback                   0x08004d01   Thumb Code     8  stm32f4xx_hal_uart.o(.text.HAL_UART_ErrorCallback)
    HAL_UART_IRQHandler                      0x08004d09   Thumb Code  1116  stm32f4xx_hal_uart.o(.text.HAL_UART_IRQHandler)
    HAL_UART_Init                            0x08005165   Thumb Code   158  stm32f4xx_hal_uart.o(.text.HAL_UART_Init)
    HAL_UART_MspInit                         0x08005205   Thumb Code   744  usart.o(.text.HAL_UART_MspInit)
    HAL_UART_Receive_DMA                     0x080054ed   Thumb Code    86  stm32f4xx_hal_uart.o(.text.HAL_UART_Receive_DMA)
    HAL_UART_RxCpltCallback                  0x08005545   Thumb Code   104  uart_irqhandler.o(.text.HAL_UART_RxCpltCallback)
    HAL_UART_RxHalfCpltCallback              0x080055ad   Thumb Code     8  stm32f4xx_hal_uart.o(.text.HAL_UART_RxHalfCpltCallback)
    HAL_UART_TxCpltCallback                  0x080055b5   Thumb Code     8  stm32f4xx_hal_uart.o(.text.HAL_UART_TxCpltCallback)
    HardFault_Handler                        0x080055bd   Thumb Code     4  stm32f4xx_it.o(.text.HardFault_Handler)
    LedWaterTask                             0x080055c1   Thumb Code    14  myostasks.o(.text.LedWaterTask)
    Led_Water                                0x080055d1   Thumb Code   156  led.o(.text.Led_Water)
    MX_CAN1_Init                             0x0800566d   Thumb Code   296  can.o(.text.MX_CAN1_Init)
    MX_CAN2_Init                             0x08005795   Thumb Code   298  can.o(.text.MX_CAN2_Init)
    MX_DMA_Init                              0x080058c1   Thumb Code   152  dma.o(.text.MX_DMA_Init)
    MX_FREERTOS_Init                         0x08005959   Thumb Code   106  freertos.o(.text.MX_FREERTOS_Init)
    MX_GPIO_Init                             0x080059c5   Thumb Code   168  gpio.o(.text.MX_GPIO_Init)
    MX_TIM2_Init                             0x08005a6d   Thumb Code   150  tim.o(.text.MX_TIM2_Init)
    MX_TIM3_Init                             0x08005b05   Thumb Code   154  tim.o(.text.MX_TIM3_Init)
    MX_USART1_UART_Init                      0x08005ba1   Thumb Code    64  usart.o(.text.MX_USART1_UART_Init)
    MX_USART2_UART_Init                      0x08005be1   Thumb Code    64  usart.o(.text.MX_USART2_UART_Init)
    MemManage_Handler                        0x08005c21   Thumb Code     4  stm32f4xx_it.o(.text.MemManage_Handler)
    N2DEG                                    0x08005c25   Thumb Code    28  mathfunc.o(.text.N2DEG)
    NMI_Handler                              0x08005c41   Thumb Code     4  stm32f4xx_it.o(.text.NMI_Handler)
    PID_Calculate                            0x08005cb1   Thumb Code   418  pid.o(.text.PID_Calculate)
    PID_Init                                 0x08005e55   Thumb Code    86  pid.o(.text.PID_Init)
    PID_Reset                                0x08005ead   Thumb Code    36  pid.o(.text.PID_Reset)
    PendSV_Handler                           0x08005ed1   Thumb Code   100  port.o(.text.PendSV_Handler)
    SVC_Handler                              0x08005f41   Thumb Code    36  port.o(.text.SVC_Handler)
    SysTick_Handler                          0x08005f75   Thumb Code    30  cmsis_os2.o(.text.SysTick_Handler)
    SystemClock_Config                       0x08005f95   Thumb Code   190  main.o(.text.SystemClock_Config)
    SystemInit                               0x08006055   Thumb Code    18  system_stm32f4xx.o(.text.SystemInit)
    TIM1_UP_TIM10_IRQHandler                 0x08006069   Thumb Code    16  stm32f4xx_it.o(.text.TIM1_UP_TIM10_IRQHandler)
    TIM2_IRQHandler                          0x08006079   Thumb Code    16  stm32f4xx_it.o(.text.TIM2_IRQHandler)
    TIM3_IRQHandler                          0x08006089   Thumb Code    16  stm32f4xx_it.o(.text.TIM3_IRQHandler)
    TIM_Base_SetConfig                       0x08006099   Thumb Code   420  stm32f4xx_hal_tim.o(.text.TIM_Base_SetConfig)
    TIM_ETR_SetConfig                        0x0800623d   Thumb Code    52  stm32f4xx_hal_tim.o(.text.TIM_ETR_SetConfig)
    TIM_PeriodElapsedCallback                0x0800629d   Thumb Code   102  tim_irqhandler.o(.text.TIM_PeriodElapsedCallback)
    UART_Start_Receive_DMA                   0x08006901   Thumb Code   304  stm32f4xx_hal_uart.o(.text.UART_Start_Receive_DMA)
    UART_Start_Recieve                       0x08006a31   Thumb Code    48  uart_irqhandler.o(.text.UART_Start_Recieve)
    USART1_IRQHandler                        0x08006af5   Thumb Code    16  stm32f4xx_it.o(.text.USART1_IRQHandler)
    USART2_IRQHandler                        0x08006b05   Thumb Code    16  stm32f4xx_it.o(.text.USART2_IRQHandler)
    UsageFault_Handler                       0x08006b15   Thumb Code     4  stm32f4xx_it.o(.text.UsageFault_Handler)
    ZdriveAsk                                0x08006b19   Thumb Code    58  zdrive.o(.text.ZdriveAsk)
    ZdriveDequeue                            0x08006b55   Thumb Code    78  zdrive.o(.text.ZdriveDequeue)
    ZdriveFunc                               0x08006c7d   Thumb Code   246  zdrive.o(.text.ZdriveFunc)
    ZdriveInit                               0x08006d75   Thumb Code   366  zdrive.o(.text.ZdriveInit)
    ZdriveReceive                            0x08006ee5   Thumb Code   836  zdrive.o(.text.ZdriveReceive)
    ZdriveSet                                0x08007229   Thumb Code   236  zdrive.o(.text.ZdriveSet)
    Zdrive_IsOurs                            0x08007385   Thumb Code    82  zdrive.o(.text.Zdrive_IsOurs)
    main                                     0x0800775d   Thumb Code    94  main.o(.text.main)
    osDelay                                  0x080077bd   Thumb Code    52  cmsis_os2.o(.text.osDelay)
    osKernelInitialize                       0x080077f1   Thumb Code    70  cmsis_os2.o(.text.osKernelInitialize)
    osKernelStart                            0x08007839   Thumb Code    82  cmsis_os2.o(.text.osKernelStart)
    osThreadNew                              0x0800788d   Thumb Code   346  cmsis_os2.o(.text.osThreadNew)
    pvPortMalloc                             0x0800888d   Thumb Code   492  heap_4.o(.text.pvPortMalloc)
    pxPortInitialiseStack                    0x08008a79   Thumb Code    94  port.o(.text.pxPortInitialiseStack)
    register_updata                          0x08008ad9   Thumb Code   158  solenoid.o(.text.register_updata)
    solenoid_init                            0x08008ba9   Thumb Code   382  solenoid.o(.text.solenoid_init)
    solenoid_on                              0x08008d29   Thumb Code   114  solenoid.o(.text.solenoid_on)
    uxListRemove                             0x08008d9d   Thumb Code    72  list.o(.text.uxListRemove)
    vApplicationGetIdleTaskMemory            0x08008de5   Thumb Code    42  cmsis_os2.o(.text.vApplicationGetIdleTaskMemory)
    vApplicationGetTimerTaskMemory           0x08008e11   Thumb Code    44  cmsis_os2.o(.text.vApplicationGetTimerTaskMemory)
    vListInitialise                          0x08008e3d   Thumb Code    46  list.o(.text.vListInitialise)
    vListInitialiseItem                      0x08008e6d   Thumb Code    14  list.o(.text.vListInitialiseItem)
    vListInsert                              0x08008e7d   Thumb Code   106  list.o(.text.vListInsert)
    vListInsertEnd                           0x08008ee9   Thumb Code    58  list.o(.text.vListInsertEnd)
    vPortEnterCritical                       0x08008f39   Thumb Code    86  port.o(.text.vPortEnterCritical)
    vPortExitCritical                        0x08008f91   Thumb Code    74  port.o(.text.vPortExitCritical)
    vPortFree                                0x08008fdd   Thumb Code   206  heap_4.o(.text.vPortFree)
    vPortSetupTimerInterrupt                 0x080090ad   Thumb Code    68  port.o(.text.vPortSetupTimerInterrupt)
    vPortValidateInterruptPriority           0x080090f1   Thumb Code   132  port.o(.text.vPortValidateInterruptPriority)
    vQueueAddToRegistry                      0x08009175   Thumb Code    82  queue.o(.text.vQueueAddToRegistry)
    vQueueWaitForMessageRestricted           0x080091c9   Thumb Code   100  queue.o(.text.vQueueWaitForMessageRestricted)
    vTaskDelay                               0x0800922d   Thumb Code   110  tasks.o(.text.vTaskDelay)
    vTaskInternalSetTimeOutState             0x0800929d   Thumb Code    36  tasks.o(.text.vTaskInternalSetTimeOutState)
    vTaskMissedYield                         0x080092c1   Thumb Code    14  tasks.o(.text.vTaskMissedYield)
    vTaskPlaceOnEventList                    0x080092d1   Thumb Code    66  tasks.o(.text.vTaskPlaceOnEventList)
    vTaskPlaceOnEventListRestricted          0x08009315   Thumb Code    82  tasks.o(.text.vTaskPlaceOnEventListRestricted)
    vTaskStartScheduler                      0x08009369   Thumb Code   224  tasks.o(.text.vTaskStartScheduler)
    vTaskSuspendAll                          0x08009449   Thumb Code    16  tasks.o(.text.vTaskSuspendAll)
    vTaskSwitchContext                       0x08009459   Thumb Code   198  tasks.o(.text.vTaskSwitchContext)
    xPortStartScheduler                      0x08009521   Thumb Code   342  port.o(.text.xPortStartScheduler)
    xPortSysTickHandler                      0x08009679   Thumb Code    60  port.o(.text.xPortSysTickHandler)
    xQueueGenericCreateStatic                0x080096b5   Thumb Code   270  queue.o(.text.xQueueGenericCreateStatic)
    xQueueGenericReset                       0x080097c5   Thumb Code   186  queue.o(.text.xQueueGenericReset)
    xQueueGenericSend                        0x08009881   Thumb Code   556  queue.o(.text.xQueueGenericSend)
    xQueueGenericSendFromISR                 0x08009aad   Thumb Code   332  queue.o(.text.xQueueGenericSendFromISR)
    xQueueReceive                            0x08009bf9   Thumb Code   476  queue.o(.text.xQueueReceive)
    xTaskCheckForTimeOut                     0x08009dd5   Thumb Code   204  tasks.o(.text.xTaskCheckForTimeOut)
    xTaskCreate                              0x08009ea1   Thumb Code   158  tasks.o(.text.xTaskCreate)
    xTaskCreateStatic                        0x08009f41   Thumb Code   206  tasks.o(.text.xTaskCreateStatic)
    xTaskGetSchedulerState                   0x0800a011   Thumb Code    56  tasks.o(.text.xTaskGetSchedulerState)
    xTaskGetTickCount                        0x0800a049   Thumb Code    20  tasks.o(.text.xTaskGetTickCount)
    xTaskIncrementTick                       0x0800a05d   Thumb Code   452  tasks.o(.text.xTaskIncrementTick)
    xTaskPriorityDisinherit                  0x0800a221   Thumb Code   236  tasks.o(.text.xTaskPriorityDisinherit)
    xTaskRemoveFromEventList                 0x0800a30d   Thumb Code   206  tasks.o(.text.xTaskRemoveFromEventList)
    xTaskResumeAll                           0x0800a3dd   Thumb Code   390  tasks.o(.text.xTaskResumeAll)
    xTimerCreateTimerTask                    0x0800a565   Thumb Code   148  timers.o(.text.xTimerCreateTimerTask)
    xTimerGenericCommand                     0x0800a5f9   Thumb Code   176  timers.o(.text.xTimerGenericCommand)
    __fpl_dcmp_Inf                           0x0800a6a9   Thumb Code    24  dcmpi.o(x$fpl$dcmpinf)
    __aeabi_cdcmpeq                          0x0800a6c1   Thumb Code     0  deqf.o(x$fpl$deqf)
    _dcmpeq                                  0x0800a6c1   Thumb Code   120  deqf.o(x$fpl$deqf)
    __aeabi_cdcmpge                          0x0800a739   Thumb Code     0  dgeqf.o(x$fpl$dgeqf)
    _dcmpge                                  0x0800a739   Thumb Code   120  dgeqf.o(x$fpl$dgeqf)
    __aeabi_cdcmple                          0x0800a7b1   Thumb Code     0  dleqf.o(x$fpl$dleqf)
    _dcmple                                  0x0800a7b1   Thumb Code   120  dleqf.o(x$fpl$dleqf)
    __fpl_dcmple_InfNaN                      0x0800a813   Thumb Code     0  dleqf.o(x$fpl$dleqf)
    __fpl_dnaninf                            0x0800a829   Thumb Code   156  dnaninf.o(x$fpl$dnaninf)
    __fpl_dretinf                            0x0800a8c5   Thumb Code    12  dretinf.o(x$fpl$dretinf)
    __aeabi_f2d                              0x0800a8d1   Thumb Code     0  f2d.o(x$fpl$f2d)
    _f2d                                     0x0800a8d1   Thumb Code    86  f2d.o(x$fpl$f2d)
    __aeabi_dcmpeq                           0x0800a927   Thumb Code     0  dcmp.o(x$fpl$fcmp)
    _deq                                     0x0800a927   Thumb Code    14  dcmp.o(x$fpl$fcmp)
    _dneq                                    0x0800a935   Thumb Code    14  dcmp.o(x$fpl$fcmp)
    __aeabi_dcmpgt                           0x0800a943   Thumb Code     0  dcmp.o(x$fpl$fcmp)
    _dgr                                     0x0800a943   Thumb Code    14  dcmp.o(x$fpl$fcmp)
    __aeabi_dcmpge                           0x0800a951   Thumb Code     0  dcmp.o(x$fpl$fcmp)
    _dgeq                                    0x0800a951   Thumb Code    14  dcmp.o(x$fpl$fcmp)
    __aeabi_dcmple                           0x0800a95f   Thumb Code     0  dcmp.o(x$fpl$fcmp)
    _dleq                                    0x0800a95f   Thumb Code    14  dcmp.o(x$fpl$fcmp)
    __aeabi_dcmplt                           0x0800a96d   Thumb Code     0  dcmp.o(x$fpl$fcmp)
    _dls                                     0x0800a96d   Thumb Code    14  dcmp.o(x$fpl$fcmp)
    __fpl_fnaninf                            0x0800a97b   Thumb Code   140  fnaninf.o(x$fpl$fnaninf)
    _fp_init                                 0x0800aa07   Thumb Code    26  fpinit.o(x$fpl$fpinit)
    __fplib_config_fpu_vfp                   0x0800aa1f   Thumb Code     0  fpinit.o(x$fpl$fpinit)
    __fplib_config_pureend_doubles           0x0800aa1f   Thumb Code     0  fpinit.o(x$fpl$fpinit)
    AHBPrescTable                            0x0800aa20   Data          16  system_stm32f4xx.o(.rodata.AHBPrescTable)
    __I$use$fp                               0x0800aa20   Number         0  usenofp.o(x$fpl$usenofp)
    APBPrescTable                            0x0800aa30   Data           8  system_stm32f4xx.o(.rodata.APBPrescTable)
    BeepTask_attributes                      0x0800aa38   Data          36  freertos.o(.rodata.BeepTask_attributes)
    Ground_Block_attributes                  0x0800aa64   Data          36  freertos.o(.rodata.Ground_Block_attributes)
    LedTask_attributes                       0x0800aa88   Data          36  freertos.o(.rodata.LedTask_attributes)
    Region$$Table$$Base                      0x0800aae0   Number         0  anon$$obj.o(Region$$Table)
    Region$$Table$$Limit                     0x0800ab00   Number         0  anon$$obj.o(Region$$Table)
    SystemCoreClock                          0x20000000   Data           4  system_stm32f4xx.o(.data.SystemCoreClock)
    uwTickFreq                               0x20000004   Data           1  stm32f4xx_hal.o(.data.uwTickFreq)
    uwTickPrio                               0x20000008   Data           4  stm32f4xx_hal.o(.data.uwTickPrio)
    __libspace_start                         0x20000010   Data          96  libspace.o(.bss)
    BeepAlarmTimes                           0x20000070   Data           1  myostasks.o(.bss.BeepAlarmTimes)
    __temporary_stack_top$libspace           0x20000070   Data           0  libspace.o(.bss)
    BeepTaskHandle                           0x20000074   Data           4  freertos.o(.bss.BeepTaskHandle)
    CAN1_Txqueue                             0x20000078   Data         296  canqueue.o(.bss.CAN1_Txqueue)
    CAN2_Txqueue                             0x200001a0   Data         296  canqueue.o(.bss.CAN2_Txqueue)
    DJmotor                                  0x200002c8   Data        2144  djmotor.o(.bss.DJmotor)
    Ground_BlockHandle                       0x20000b30   Data           4  freertos.o(.bss.Ground_BlockHandle)
    LedTaskHandle                            0x20000b3c   Data           4  freertos.o(.bss.LedTaskHandle)
    PackMsg                                  0x20000b40   Data         263  bluetooth.o(.bss.PackMsg)
    RxMsgPack                                0x20000c48   Data          56  bluetooth.o(.bss.RxMsgPack)
    Zmotor                                   0x20000c84   Data         960  zdrive.o(.bss.Zmotor)
    gb_cmd                                   0x20001044   Data           1  ground_block.o(.bss.gb_cmd)
    hcan1                                    0x20001050   Data          40  can.o(.bss.hcan1)
    hcan2                                    0x20001078   Data          40  can.o(.bss.hcan2)
    hdma_usart1_rx                           0x200010a0   Data          96  usart.o(.bss.hdma_usart1_rx)
    hdma_usart1_tx                           0x20001100   Data          96  usart.o(.bss.hdma_usart1_tx)
    hdma_usart2_rx                           0x20001160   Data          96  usart.o(.bss.hdma_usart2_rx)
    hdma_usart2_tx                           0x200011c0   Data          96  usart.o(.bss.hdma_usart2_tx)
    htim1                                    0x20001220   Data          72  stm32f4xx_hal_timebase_tim.o(.bss.htim1)
    htim2                                    0x20001268   Data          72  tim.o(.bss.htim2)
    htim3                                    0x200012b0   Data          72  tim.o(.bss.htim3)
    huart1                                   0x200012f8   Data          72  usart.o(.bss.huart1)
    huart2                                   0x20001340   Data          72  usart.o(.bss.huart2)
    pxCurrentTCB                             0x2000147c   Data           4  tasks.o(.bss.pxCurrentTCB)
    solenoid_Channel1                        0x200018f8   Data          12  solenoid.o(.bss.solenoid_Channel1)
    solenoid_Channel2                        0x20001904   Data          12  solenoid.o(.bss.solenoid_Channel2)
    solenoid_Channel3                        0x20001910   Data          12  solenoid.o(.bss.solenoid_Channel3)
    solenoid_enable                          0x2000191c   Data           1  ground_block.o(.bss.solenoid_enable)
    solenoid_is_open                         0x2000191d   Data           1  ground_block.o(.bss.solenoid_is_open)
    u1_rx_buffer                             0x2000191e   Data           1  uart_irqhandler.o(.bss.u1_rx_buffer)
    u2_rx_buffer                             0x2000191f   Data           5  uart_irqhandler.o(.bss.u2_rx_buffer)
    uwTick                                   0x2000552c   Data           4  stm32f4xx_hal.o(.bss.uwTick)
    xQueueRegistry                           0x20005c84   Data          64  queue.o(.bss.xQueueRegistry)



==============================================================================

Memory Map of the image

  Image Entry point : 0x08000189

  Load Region LR_IROM1 (Base: 0x08000000, Size: 0x0000ab10, Max: 0x00100000, ABSOLUTE)

    Execution Region ER_IROM1 (Exec base: 0x08000000, Load base: 0x08000000, Size: 0x0000ab00, Max: 0x00100000, ABSOLUTE)

    Exec Addr    Load Addr    Size         Type   Attr      Idx    E Section Name        Object

    0x08000000   0x08000000   0x00000188   Data   RO            3    RESET               startup_stm32f405xx.o
    0x08000188   0x08000188   0x00000008   Code   RO         2252  * !!!main             c_w.l(__main.o)
    0x08000190   0x08000190   0x00000034   Code   RO         2500    !!!scatter          c_w.l(__scatter.o)
    0x080001c4   0x080001c4   0x0000001a   Code   RO         2502    !!handler_copy      c_w.l(__scatter_copy.o)
    0x080001de   0x080001de   0x00000002   PAD
    0x080001e0   0x080001e0   0x0000001c   Code   RO         2504    !!handler_zi        c_w.l(__scatter_zi.o)
    0x080001fc   0x080001fc   0x00000002   Code   RO         2365    .ARM.Collect$$libinit$$00000000  c_w.l(libinit.o)
    0x080001fe   0x080001fe   0x00000004   Code   RO         2374    .ARM.Collect$$libinit$$00000001  c_w.l(libinit2.o)
    0x08000202   0x08000202   0x00000000   Code   RO         2377    .ARM.Collect$$libinit$$00000004  c_w.l(libinit2.o)
    0x08000202   0x08000202   0x00000000   Code   RO         2379    .ARM.Collect$$libinit$$00000006  c_w.l(libinit2.o)
    0x08000202   0x08000202   0x00000000   Code   RO         2382    .ARM.Collect$$libinit$$0000000C  c_w.l(libinit2.o)
    0x08000202   0x08000202   0x00000000   Code   RO         2384    .ARM.Collect$$libinit$$0000000E  c_w.l(libinit2.o)
    0x08000202   0x08000202   0x00000000   Code   RO         2386    .ARM.Collect$$libinit$$00000010  c_w.l(libinit2.o)
    0x08000202   0x08000202   0x00000000   Code   RO         2389    .ARM.Collect$$libinit$$00000013  c_w.l(libinit2.o)
    0x08000202   0x08000202   0x00000000   Code   RO         2391    .ARM.Collect$$libinit$$00000015  c_w.l(libinit2.o)
    0x08000202   0x08000202   0x00000000   Code   RO         2393    .ARM.Collect$$libinit$$00000017  c_w.l(libinit2.o)
    0x08000202   0x08000202   0x00000000   Code   RO         2395    .ARM.Collect$$libinit$$00000019  c_w.l(libinit2.o)
    0x08000202   0x08000202   0x00000000   Code   RO         2397    .ARM.Collect$$libinit$$0000001B  c_w.l(libinit2.o)
    0x08000202   0x08000202   0x00000000   Code   RO         2399    .ARM.Collect$$libinit$$0000001D  c_w.l(libinit2.o)
    0x08000202   0x08000202   0x00000000   Code   RO         2401    .ARM.Collect$$libinit$$0000001F  c_w.l(libinit2.o)
    0x08000202   0x08000202   0x00000000   Code   RO         2403    .ARM.Collect$$libinit$$00000021  c_w.l(libinit2.o)
    0x08000202   0x08000202   0x00000000   Code   RO         2405    .ARM.Collect$$libinit$$00000023  c_w.l(libinit2.o)
    0x08000202   0x08000202   0x00000000   Code   RO         2407    .ARM.Collect$$libinit$$00000025  c_w.l(libinit2.o)
    0x08000202   0x08000202   0x00000000   Code   RO         2409    .ARM.Collect$$libinit$$00000027  c_w.l(libinit2.o)
    0x08000202   0x08000202   0x00000000   Code   RO         2413    .ARM.Collect$$libinit$$0000002E  c_w.l(libinit2.o)
    0x08000202   0x08000202   0x00000000   Code   RO         2415    .ARM.Collect$$libinit$$00000030  c_w.l(libinit2.o)
    0x08000202   0x08000202   0x00000000   Code   RO         2417    .ARM.Collect$$libinit$$00000032  c_w.l(libinit2.o)
    0x08000202   0x08000202   0x00000000   Code   RO         2419    .ARM.Collect$$libinit$$00000034  c_w.l(libinit2.o)
    0x08000202   0x08000202   0x00000002   Code   RO         2420    .ARM.Collect$$libinit$$00000035  c_w.l(libinit2.o)
    0x08000204   0x08000204   0x00000002   Code   RO         2455    .ARM.Collect$$libshutdown$$00000000  c_w.l(libshutdown.o)
    0x08000206   0x08000206   0x00000000   Code   RO         2483    .ARM.Collect$$libshutdown$$00000002  c_w.l(libshutdown2.o)
    0x08000206   0x08000206   0x00000000   Code   RO         2485    .ARM.Collect$$libshutdown$$00000004  c_w.l(libshutdown2.o)
    0x08000206   0x08000206   0x00000000   Code   RO         2488    .ARM.Collect$$libshutdown$$00000007  c_w.l(libshutdown2.o)
    0x08000206   0x08000206   0x00000000   Code   RO         2491    .ARM.Collect$$libshutdown$$0000000A  c_w.l(libshutdown2.o)
    0x08000206   0x08000206   0x00000000   Code   RO         2493    .ARM.Collect$$libshutdown$$0000000C  c_w.l(libshutdown2.o)
    0x08000206   0x08000206   0x00000000   Code   RO         2496    .ARM.Collect$$libshutdown$$0000000F  c_w.l(libshutdown2.o)
    0x08000206   0x08000206   0x00000002   Code   RO         2497    .ARM.Collect$$libshutdown$$00000010  c_w.l(libshutdown2.o)
    0x08000208   0x08000208   0x00000000   Code   RO         2282    .ARM.Collect$$rtentry$$00000000  c_w.l(__rtentry.o)
    0x08000208   0x08000208   0x00000000   Code   RO         2324    .ARM.Collect$$rtentry$$00000002  c_w.l(__rtentry2.o)
    0x08000208   0x08000208   0x00000006   Code   RO         2336    .ARM.Collect$$rtentry$$00000004  c_w.l(__rtentry4.o)
    0x0800020e   0x0800020e   0x00000000   Code   RO         2326    .ARM.Collect$$rtentry$$00000009  c_w.l(__rtentry2.o)
    0x0800020e   0x0800020e   0x00000004   Code   RO         2327    .ARM.Collect$$rtentry$$0000000A  c_w.l(__rtentry2.o)
    0x08000212   0x08000212   0x00000000   Code   RO         2329    .ARM.Collect$$rtentry$$0000000C  c_w.l(__rtentry2.o)
    0x08000212   0x08000212   0x00000008   Code   RO         2330    .ARM.Collect$$rtentry$$0000000D  c_w.l(__rtentry2.o)
    0x0800021a   0x0800021a   0x00000002   Code   RO         2366    .ARM.Collect$$rtexit$$00000000  c_w.l(rtexit.o)
    0x0800021c   0x0800021c   0x00000000   Code   RO         2426    .ARM.Collect$$rtexit$$00000002  c_w.l(rtexit2.o)
    0x0800021c   0x0800021c   0x00000004   Code   RO         2427    .ARM.Collect$$rtexit$$00000003  c_w.l(rtexit2.o)
    0x08000220   0x08000220   0x00000006   Code   RO         2428    .ARM.Collect$$rtexit$$00000004  c_w.l(rtexit2.o)
    0x08000226   0x08000226   0x00000002   PAD
    0x08000228   0x08000228   0x00000040   Code   RO            4    .text               startup_stm32f405xx.o
    0x08000268   0x08000268   0x000000f0   Code   RO         2238    .text               c_w.l(lludivv7m.o)
    0x08000358   0x08000358   0x0000008a   Code   RO         2240    .text               c_w.l(rt_memcpy_v6.o)
    0x080003e2   0x080003e2   0x00000010   Code   RO         2244    .text               c_w.l(aeabi_memset4.o)
    0x080003f2   0x080003f2   0x0000004e   Code   RO         2248    .text               c_w.l(rt_memclr_w.o)
    0x08000440   0x08000440   0x00000006   Code   RO         2250    .text               c_w.l(heapauxi.o)
    0x08000446   0x08000446   0x00000064   Code   RO         2289    .text               c_w.l(rt_memcpy_w.o)
    0x080004aa   0x080004aa   0x00000002   PAD
    0x080004ac   0x080004ac   0x00000008   Code   RO         2349    .text               c_w.l(libspace.o)
    0x080004b4   0x080004b4   0x0000004a   Code   RO         2352    .text               c_w.l(sys_stackheap_outer.o)
    0x080004fe   0x080004fe   0x00000012   Code   RO         2354    .text               c_w.l(exit.o)
    0x08000510   0x08000510   0x0000000c   Code   RO         2421    .text               c_w.l(sys_exit.o)
    0x0800051c   0x0800051c   0x00000002   Code   RO         2444    .text               c_w.l(use_no_semi.o)
    0x0800051e   0x0800051e   0x00000000   Code   RO         2446    .text               c_w.l(indicate_semi.o)
    0x0800051e   0x0800051e   0x00000002   PAD
    0x08000520   0x08000520   0x00000066   Code   RO         2190    .text.BeepAlarmTask  myostasks.o
    0x08000586   0x08000586   0x00000002   PAD
    0x08000588   0x08000588   0x0000007a   Code   RO         1856    .text.Beep_Init     beep.o
    0x08000602   0x08000602   0x00000002   PAD
    0x08000604   0x08000604   0x00000004   Code   RO          127    .text.BusFault_Handler  stm32f4xx_it.o
    0x08000608   0x08000608   0x00000010   Code   RO          137    .text.CAN1_RX0_IRQHandler  stm32f4xx_it.o
    0x08000618   0x08000618   0x00000010   Code   RO          139    .text.CAN1_RX1_IRQHandler  stm32f4xx_it.o
    0x08000628   0x08000628   0x00000010   Code   RO          153    .text.CAN2_RX0_IRQHandler  stm32f4xx_it.o
    0x08000638   0x08000638   0x00000010   Code   RO          155    .text.CAN2_RX1_IRQHandler  stm32f4xx_it.o
    0x08000648   0x08000648   0x000000e4   Code   RO         2084    .text.CAN_DequeueTx  canqueue.o
    0x0800072c   0x0800072c   0x000000c6   Code   RO         2086    .text.CAN_Enqueue   canqueue.o
    0x080007f2   0x080007f2   0x00000002   PAD
    0x080007f4   0x080007f4   0x00000050   Code   RO         2078    .text.CAN_InitSendQueue  canqueue.o
    0x08000844   0x08000844   0x00000016   Code   RO         2080    .text.CAN_Queue_IfEmpty  canqueue.o
    0x0800085a   0x0800085a   0x00000002   PAD
    0x0800085c   0x0800085c   0x0000002e   Code   RO         2082    .text.CAN_Queue_IfFull  canqueue.o
    0x0800088a   0x0800088a   0x00000002   PAD
    0x0800088c   0x0800088c   0x00000022   Code   RO         1935    .text.ChangeDataByte  mathfunc.o
    0x080008ae   0x080008ae   0x00000002   PAD
    0x080008b0   0x080008b0   0x00000050   Code   RO         2124    .text.Clamp         djmotor.o
    0x08000900   0x08000900   0x00000058   Code   RO         2120    .text.ClampPeak     djmotor.o
    0x08000958   0x08000958   0x0000001c   Code   RO         2149    .text.DEG2N         zdrive.o
    0x08000974   0x08000974   0x0000011c   Code   RO         2106    .text.DJmotor_AngleCalculate  djmotor.o
    0x08000a90   0x08000a90   0x00000098   Code   RO         2114    .text.DJmotor_CurrentTransmit  djmotor.o
    0x08000b28   0x08000b28   0x0000014a   Code   RO         2128    .text.DJmotor_Func  djmotor.o
    0x08000c72   0x08000c72   0x00000002   PAD
    0x08000c74   0x08000c74   0x0000000a   Code   RO         2116    .text.DJmotor_GetCanHandle  djmotor.o
    0x08000c7e   0x08000c7e   0x00000002   PAD
    0x08000c80   0x08000c80   0x000002b8   Code   RO         2100    .text.DJmotor_Init  djmotor.o
    0x08000f38   0x08000f38   0x000001a8   Code   RO         2122    .text.DJmotor_PositionMode  djmotor.o
    0x080010e0   0x080010e0   0x00000144   Code   RO         2110    .text.DJmotor_Receive  djmotor.o
    0x08001224   0x08001224   0x0000001e   Code   RO         2104    .text.DJmotor_SetZero  djmotor.o
    0x08001242   0x08001242   0x00000002   PAD
    0x08001244   0x08001244   0x000000e2   Code   RO         2118    .text.DJmotor_SpeedMode  djmotor.o
    0x08001326   0x08001326   0x00000002   PAD
    0x08001328   0x08001328   0x0000005a   Code   RO         2130    .text.DJmotor_SwitchMode  djmotor.o
    0x08001382   0x08001382   0x00000002   PAD
    0x08001384   0x08001384   0x0000011a   Code   RO         2126    .text.DJmotor_ZeroMode  djmotor.o
    0x0800149e   0x0800149e   0x00000002   PAD
    0x080014a0   0x080014a0   0x00000010   Code   RO          133    .text.DMA1_Stream5_IRQHandler  stm32f4xx_it.o
    0x080014b0   0x080014b0   0x00000010   Code   RO          135    .text.DMA1_Stream6_IRQHandler  stm32f4xx_it.o
    0x080014c0   0x080014c0   0x00000010   Code   RO          151    .text.DMA2_Stream2_IRQHandler  stm32f4xx_it.o
    0x080014d0   0x080014d0   0x00000010   Code   RO          157    .text.DMA2_Stream7_IRQHandler  stm32f4xx_it.o
    0x080014e0   0x080014e0   0x00000056   Code   RO          781    .text.DMA_CalcBaseAndBitshift  stm32f4xx_hal_dma.o
    0x08001536   0x08001536   0x00000002   PAD
    0x08001538   0x08001538   0x000000f0   Code   RO          779    .text.DMA_CheckFifoParam  stm32f4xx_hal_dma.o
    0x08001628   0x08001628   0x00000050   Code   RO          787    .text.DMA_SetConfig  stm32f4xx_hal_dma.o
    0x08001678   0x08001678   0x00000162   Code   RO         1919    .text.Deal_RxPack   bluetooth.o
    0x080017da   0x080017da   0x00000002   PAD
    0x080017dc   0x080017dc   0x00000002   Code   RO          131    .text.DebugMon_Handler  stm32f4xx_it.o
    0x080017de   0x080017de   0x00000002   PAD
    0x080017e0   0x080017e0   0x000000f2   Code   RO         1921    .text.Debug_Receive  bluetooth.o
    0x080018d2   0x080018d2   0x00000002   PAD
    0x080018d4   0x080018d4   0x00000006   Code   RO           15    .text.Error_Handler  main.o
    0x080018da   0x080018da   0x00000002   PAD
    0x080018dc   0x080018dc   0x00000016   Code   RO         2108    .text.Get_Total_Ratio  djmotor.o
    0x080018f2   0x080018f2   0x00000002   PAD
    0x080018f4   0x080018f4   0x0000004c   Code   RO         2204    .text.Ground_Block_Disable  ground_block.o
    0x08001940   0x08001940   0x0000004c   Code   RO         2202    .text.Ground_Block_Enable  ground_block.o
    0x0800198c   0x0800198c   0x000000d2   Code   RO         2216    .text.Ground_Block_Fetch  ground_block.o
    0x08001a5e   0x08001a5e   0x00000002   PAD
    0x08001a60   0x08001a60   0x0000016c   Code   RO         2222    .text.Ground_Block_Func  ground_block.o
    0x08001bcc   0x08001bcc   0x00000052   Code   RO         2214    .text.Ground_Block_GetReady  ground_block.o
    0x08001c1e   0x08001c1e   0x00000002   PAD
    0x08001c20   0x08001c20   0x00000010   Code   RO         2206    .text.Ground_Block_Init  ground_block.o
    0x08001c30   0x08001c30   0x000000b4   Code   RO         2218    .text.Ground_Block_Lay  ground_block.o
    0x08001ce4   0x08001ce4   0x0000007c   Code   RO         2224    .text.Ground_Block_Process  ground_block.o
    0x08001d60   0x08001d60   0x00000094   Code   RO         2220    .text.Ground_Block_Split  ground_block.o
    0x08001df4   0x08001df4   0x0000000e   Code   RO         2192    .text.Ground_Block_Task  myostasks.o
    0x08001e02   0x08001e02   0x00000002   PAD
    0x08001e04   0x08001e04   0x0000004e   Code   RO         2208    .text.Ground_Block_reset  ground_block.o
    0x08001e52   0x08001e52   0x00000002   PAD
    0x08001e54   0x08001e54   0x00000052   Code   RO          558    .text.HAL_CAN_ActivateNotification  stm32f4xx_hal_can.o
    0x08001ea6   0x08001ea6   0x00000002   PAD
    0x08001ea8   0x08001ea8   0x00000156   Code   RO          544    .text.HAL_CAN_AddTxMessage  stm32f4xx_hal_can.o
    0x08001ffe   0x08001ffe   0x00000002   PAD
    0x08002000   0x08002000   0x0000019e   Code   RO          534    .text.HAL_CAN_ConfigFilter  stm32f4xx_hal_can.o
    0x0800219e   0x0800219e   0x00000002   PAD
    0x080021a0   0x080021a0   0x00000008   Code   RO          588    .text.HAL_CAN_ErrorCallback  stm32f4xx_hal_can.o
    0x080021a8   0x080021a8   0x00000212   Code   RO          554    .text.HAL_CAN_GetRxMessage  stm32f4xx_hal_can.o
    0x080023ba   0x080023ba   0x00000002   PAD
    0x080023bc   0x080023bc   0x000003f2   Code   RO          562    .text.HAL_CAN_IRQHandler  stm32f4xx_hal_can.o
    0x080027ae   0x080027ae   0x00000002   PAD
    0x080027b0   0x080027b0   0x000001de   Code   RO          524    .text.HAL_CAN_Init  stm32f4xx_hal_can.o
    0x0800298e   0x0800298e   0x00000002   PAD
    0x08002990   0x08002990   0x000001ae   Code   RO           61    .text.HAL_CAN_MspInit  can.o
    0x08002b3e   0x08002b3e   0x00000002   PAD
    0x08002b40   0x08002b40   0x00000008   Code   RO          576    .text.HAL_CAN_RxFifo0FullCallback  stm32f4xx_hal_can.o
    0x08002b48   0x08002b48   0x00000080   Code   RO         1908    .text.HAL_CAN_RxFifo0MsgPendingCallback  can_irqhandler.o
    0x08002bc8   0x08002bc8   0x00000008   Code   RO          580    .text.HAL_CAN_RxFifo1FullCallback  stm32f4xx_hal_can.o
    0x08002bd0   0x08002bd0   0x000000ae   Code   RO         1910    .text.HAL_CAN_RxFifo1MsgPendingCallback  can_irqhandler.o
    0x08002c7e   0x08002c7e   0x00000002   PAD
    0x08002c80   0x08002c80   0x00000008   Code   RO          584    .text.HAL_CAN_SleepCallback  stm32f4xx_hal_can.o
    0x08002c88   0x08002c88   0x0000008a   Code   RO          536    .text.HAL_CAN_Start  stm32f4xx_hal_can.o
    0x08002d12   0x08002d12   0x00000002   PAD
    0x08002d14   0x08002d14   0x00000008   Code   RO          566    .text.HAL_CAN_TxMailbox0AbortCallback  stm32f4xx_hal_can.o
    0x08002d1c   0x08002d1c   0x00000008   Code   RO          564    .text.HAL_CAN_TxMailbox0CompleteCallback  stm32f4xx_hal_can.o
    0x08002d24   0x08002d24   0x00000008   Code   RO          570    .text.HAL_CAN_TxMailbox1AbortCallback  stm32f4xx_hal_can.o
    0x08002d2c   0x08002d2c   0x00000008   Code   RO          568    .text.HAL_CAN_TxMailbox1CompleteCallback  stm32f4xx_hal_can.o
    0x08002d34   0x08002d34   0x00000008   Code   RO          574    .text.HAL_CAN_TxMailbox2AbortCallback  stm32f4xx_hal_can.o
    0x08002d3c   0x08002d3c   0x00000008   Code   RO          572    .text.HAL_CAN_TxMailbox2CompleteCallback  stm32f4xx_hal_can.o
    0x08002d44   0x08002d44   0x00000008   Code   RO          586    .text.HAL_CAN_WakeUpFromRxMsgCallback  stm32f4xx_hal_can.o
    0x08002d4c   0x08002d4c   0x000000ec   Code   RO          791    .text.HAL_DMA_Abort  stm32f4xx_hal_dma.o
    0x08002e38   0x08002e38   0x00000044   Code   RO          793    .text.HAL_DMA_Abort_IT  stm32f4xx_hal_dma.o
    0x08002e7c   0x08002e7c   0x0000031e   Code   RO          797    .text.HAL_DMA_IRQHandler  stm32f4xx_hal_dma.o
    0x0800319a   0x0800319a   0x00000002   PAD
    0x0800319c   0x0800319c   0x0000016e   Code   RO          777    .text.HAL_DMA_Init  stm32f4xx_hal_dma.o
    0x0800330a   0x0800330a   0x00000002   PAD
    0x0800330c   0x0800330c   0x000000c2   Code   RO          789    .text.HAL_DMA_Start_IT  stm32f4xx_hal_dma.o
    0x080033ce   0x080033ce   0x00000002   PAD
    0x080033d0   0x080033d0   0x00000042   Code   RO          972    .text.HAL_Delay     stm32f4xx_hal.o
    0x08003412   0x08003412   0x00000002   PAD
    0x08003414   0x08003414   0x000003b6   Code   RO          739    .text.HAL_GPIO_Init  stm32f4xx_hal_gpio.o
    0x080037ca   0x080037ca   0x00000002   PAD
    0x080037cc   0x080037cc   0x0000002e   Code   RO          745    .text.HAL_GPIO_WritePin  stm32f4xx_hal_gpio.o
    0x080037fa   0x080037fa   0x00000002   PAD
    0x080037fc   0x080037fc   0x0000000c   Code   RO          964    .text.HAL_GetTick   stm32f4xx_hal.o
    0x08003808   0x08003808   0x0000001a   Code   RO          962    .text.HAL_IncTick   stm32f4xx_hal.o
    0x08003822   0x08003822   0x00000002   PAD
    0x08003824   0x08003824   0x00000036   Code   RO          952    .text.HAL_Init      stm32f4xx_hal.o
    0x0800385a   0x0800385a   0x00000002   PAD
    0x0800385c   0x0800385c   0x000000da   Code   RO          174    .text.HAL_InitTick  stm32f4xx_hal_timebase_tim.o
    0x08003936   0x08003936   0x00000002   PAD
    0x08003938   0x08003938   0x00000058   Code   RO          166    .text.HAL_MspInit   stm32f4xx_hal_msp.o
    0x08003990   0x08003990   0x00000014   Code   RO          887    .text.HAL_NVIC_EnableIRQ  stm32f4xx_hal_cortex.o
    0x080039a4   0x080039a4   0x00000032   Code   RO          879    .text.HAL_NVIC_SetPriority  stm32f4xx_hal_cortex.o
    0x080039d6   0x080039d6   0x00000002   PAD
    0x080039d8   0x080039d8   0x00000010   Code   RO          875    .text.HAL_NVIC_SetPriorityGrouping  stm32f4xx_hal_cortex.o
    0x080039e8   0x080039e8   0x00000262   Code   RO          607    .text.HAL_RCC_ClockConfig  stm32f4xx_hal_rcc.o
    0x08003c4a   0x08003c4a   0x00000002   PAD
    0x08003c4c   0x08003c4c   0x00000054   Code   RO          625    .text.HAL_RCC_GetClockConfig  stm32f4xx_hal_rcc.o
    0x08003ca0   0x08003ca0   0x0000000c   Code   RO          617    .text.HAL_RCC_GetHCLKFreq  stm32f4xx_hal_rcc.o
    0x08003cac   0x08003cac   0x00000022   Code   RO          619    .text.HAL_RCC_GetPCLK1Freq  stm32f4xx_hal_rcc.o
    0x08003cce   0x08003cce   0x00000002   PAD
    0x08003cd0   0x08003cd0   0x00000022   Code   RO          621    .text.HAL_RCC_GetPCLK2Freq  stm32f4xx_hal_rcc.o
    0x08003cf2   0x08003cf2   0x00000002   PAD
    0x08003cf4   0x08003cf4   0x000000e6   Code   RO          609    .text.HAL_RCC_GetSysClockFreq  stm32f4xx_hal_rcc.o
    0x08003dda   0x08003dda   0x00000002   PAD
    0x08003ddc   0x08003ddc   0x000006be   Code   RO          605    .text.HAL_RCC_OscConfig  stm32f4xx_hal_rcc.o
    0x0800449a   0x0800449a   0x00000002   PAD
    0x0800449c   0x0800449c   0x00000008   Code   RO          511    .text.HAL_TIMEx_BreakCallback  stm32f4xx_hal_tim_ex.o
    0x080044a4   0x080044a4   0x00000008   Code   RO          507    .text.HAL_TIMEx_CommutCallback  stm32f4xx_hal_tim_ex.o
    0x080044ac   0x080044ac   0x00000122   Code   RO          501    .text.HAL_TIMEx_MasterConfigSynchronization  stm32f4xx_hal_tim_ex.o
    0x080045ce   0x080045ce   0x00000002   PAD
    0x080045d0   0x080045d0   0x0000009c   Code   RO          188    .text.HAL_TIM_Base_Init  stm32f4xx_hal_tim.o
    0x0800466c   0x0800466c   0x00000096   Code   RO           87    .text.HAL_TIM_Base_MspInit  tim.o
    0x08004702   0x08004702   0x00000002   PAD
    0x08004704   0x08004704   0x000000f6   Code   RO          202    .text.HAL_TIM_Base_Start_IT  stm32f4xx_hal_tim.o
    0x080047fa   0x080047fa   0x00000002   PAD
    0x080047fc   0x080047fc   0x00000184   Code   RO          380    .text.HAL_TIM_ConfigClockSource  stm32f4xx_hal_tim.o
    0x08004980   0x08004980   0x00000008   Code   RO          324    .text.HAL_TIM_IC_CaptureCallback  stm32f4xx_hal_tim.o
    0x08004988   0x08004988   0x0000021a   Code   RO          322    .text.HAL_TIM_IRQHandler  stm32f4xx_hal_tim.o
    0x08004ba2   0x08004ba2   0x00000002   PAD
    0x08004ba4   0x08004ba4   0x00000008   Code   RO          326    .text.HAL_TIM_OC_DelayElapsedCallback  stm32f4xx_hal_tim.o
    0x08004bac   0x08004bac   0x00000008   Code   RO          328    .text.HAL_TIM_PWM_PulseFinishedCallback  stm32f4xx_hal_tim.o
    0x08004bb4   0x08004bb4   0x00000026   Code   RO           17    .text.HAL_TIM_PeriodElapsedCallback  main.o
    0x08004bda   0x08004bda   0x00000002   PAD
    0x08004bdc   0x08004bdc   0x00000008   Code   RO          332    .text.HAL_TIM_TriggerCallback  stm32f4xx_hal_tim.o
    0x08004be4   0x08004be4   0x000000b8   Code   RO         1095    .text.HAL_UARTEx_ReceiveToIdle_DMA  stm32f4xx_hal_uart.o
    0x08004c9c   0x08004c9c   0x00000062   Code   RO         1896    .text.HAL_UARTEx_RxEventCallback  uart_irqhandler.o
    0x08004cfe   0x08004cfe   0x00000002   PAD
    0x08004d00   0x08004d00   0x00000008   Code   RO         1131    .text.HAL_UART_ErrorCallback  stm32f4xx_hal_uart.o
    0x08004d08   0x08004d08   0x0000045c   Code   RO         1125    .text.HAL_UART_IRQHandler  stm32f4xx_hal_uart.o
    0x08005164   0x08005164   0x0000009e   Code   RO         1041    .text.HAL_UART_Init  stm32f4xx_hal_uart.o
    0x08005202   0x08005202   0x00000002   PAD
    0x08005204   0x08005204   0x000002e8   Code   RO          104    .text.HAL_UART_MspInit  usart.o
    0x080054ec   0x080054ec   0x00000056   Code   RO         1077    .text.HAL_UART_Receive_DMA  stm32f4xx_hal_uart.o
    0x08005542   0x08005542   0x00000002   PAD
    0x08005544   0x08005544   0x00000068   Code   RO         1894    .text.HAL_UART_RxCpltCallback  uart_irqhandler.o
    0x080055ac   0x080055ac   0x00000008   Code   RO         1145    .text.HAL_UART_RxHalfCpltCallback  stm32f4xx_hal_uart.o
    0x080055b4   0x080055b4   0x00000008   Code   RO         1139    .text.HAL_UART_TxCpltCallback  stm32f4xx_hal_uart.o
    0x080055bc   0x080055bc   0x00000004   Code   RO          123    .text.HardFault_Handler  stm32f4xx_it.o
    0x080055c0   0x080055c0   0x0000000e   Code   RO         2188    .text.LedWaterTask  myostasks.o
    0x080055ce   0x080055ce   0x00000002   PAD
    0x080055d0   0x080055d0   0x0000009c   Code   RO         1867    .text.Led_Water     led.o
    0x0800566c   0x0800566c   0x00000128   Code   RO           57    .text.MX_CAN1_Init  can.o
    0x08005794   0x08005794   0x0000012a   Code   RO           59    .text.MX_CAN2_Init  can.o
    0x080058be   0x080058be   0x00000002   PAD
    0x080058c0   0x080058c0   0x00000098   Code   RO           75    .text.MX_DMA_Init   dma.o
    0x08005958   0x08005958   0x0000006a   Code   RO           35    .text.MX_FREERTOS_Init  freertos.o
    0x080059c2   0x080059c2   0x00000002   PAD
    0x080059c4   0x080059c4   0x000000a8   Code   RO           27    .text.MX_GPIO_Init  gpio.o
    0x08005a6c   0x08005a6c   0x00000096   Code   RO           83    .text.MX_TIM2_Init  tim.o
    0x08005b02   0x08005b02   0x00000002   PAD
    0x08005b04   0x08005b04   0x0000009a   Code   RO           85    .text.MX_TIM3_Init  tim.o
    0x08005b9e   0x08005b9e   0x00000002   PAD
    0x08005ba0   0x08005ba0   0x00000040   Code   RO          100    .text.MX_USART1_UART_Init  usart.o
    0x08005be0   0x08005be0   0x00000040   Code   RO          102    .text.MX_USART2_UART_Init  usart.o
    0x08005c20   0x08005c20   0x00000004   Code   RO          125    .text.MemManage_Handler  stm32f4xx_it.o
    0x08005c24   0x08005c24   0x0000001c   Code   RO         1981    .text.N2DEG         mathfunc.o
    0x08005c40   0x08005c40   0x00000004   Code   RO          121    .text.NMI_Handler   stm32f4xx_it.o
    0x08005c44   0x08005c44   0x0000006c   Code   RO          885    .text.NVIC_EncodePriority  stm32f4xx_hal_cortex.o
    0x08005cb0   0x08005cb0   0x000001a2   Code   RO         2020    .text.PID_Calculate  pid.o
    0x08005e52   0x08005e52   0x00000002   PAD
    0x08005e54   0x08005e54   0x00000056   Code   RO         2016    .text.PID_Init      pid.o
    0x08005eaa   0x08005eaa   0x00000002   PAD
    0x08005eac   0x08005eac   0x00000024   Code   RO         2018    .text.PID_Reset     pid.o
    0x08005ed0   0x08005ed0   0x00000064   Code   RO         1840    .text.PendSV_Handler  port.o
    0x08005f34   0x08005f34   0x0000000c   PAD
    0x08005f40   0x08005f40   0x00000024   Code   RO         1824    .text.SVC_Handler   port.o
    0x08005f64   0x08005f64   0x0000000e   Code   RO         1620    .text.SVC_Setup     cmsis_os2.o
    0x08005f72   0x08005f72   0x00000002   PAD
    0x08005f74   0x08005f74   0x0000001e   Code   RO         1610    .text.SysTick_Handler  cmsis_os2.o
    0x08005f92   0x08005f92   0x00000002   PAD
    0x08005f94   0x08005f94   0x000000be   Code   RO           13    .text.SystemClock_Config  main.o
    0x08006052   0x08006052   0x00000002   PAD
    0x08006054   0x08006054   0x00000012   Code   RO         1172    .text.SystemInit    system_stm32f4xx.o
    0x08006066   0x08006066   0x00000002   PAD
    0x08006068   0x08006068   0x00000010   Code   RO          141    .text.TIM1_UP_TIM10_IRQHandler  stm32f4xx_it.o
    0x08006078   0x08006078   0x00000010   Code   RO          143    .text.TIM2_IRQHandler  stm32f4xx_it.o
    0x08006088   0x08006088   0x00000010   Code   RO          145    .text.TIM3_IRQHandler  stm32f4xx_it.o
    0x08006098   0x08006098   0x000001a4   Code   RO          192    .text.TIM_Base_SetConfig  stm32f4xx_hal_tim.o
    0x0800623c   0x0800623c   0x00000034   Code   RO          378    .text.TIM_ETR_SetConfig  stm32f4xx_hal_tim.o
    0x08006270   0x08006270   0x0000002a   Code   RO          384    .text.TIM_ITRx_SetConfig  stm32f4xx_hal_tim.o
    0x0800629a   0x0800629a   0x00000002   PAD
    0x0800629c   0x0800629c   0x00000066   Code   RO         1883    .text.TIM_PeriodElapsedCallback  tim_irqhandler.o
    0x08006302   0x08006302   0x00000002   PAD
    0x08006304   0x08006304   0x00000050   Code   RO          382    .text.TIM_TI1_ConfigInputStage  stm32f4xx_hal_tim.o
    0x08006354   0x08006354   0x00000052   Code   RO          386    .text.TIM_TI2_ConfigInputStage  stm32f4xx_hal_tim.o
    0x080063a6   0x080063a6   0x00000002   PAD
    0x080063a8   0x080063a8   0x0000001c   Code   RO         1129    .text.UART_DMAAbortOnError  stm32f4xx_hal_uart.o
    0x080063c4   0x080063c4   0x0000007c   Code   RO         1075    .text.UART_DMAError  stm32f4xx_hal_uart.o
    0x08006440   0x08006440   0x000000f4   Code   RO         1161    .text.UART_DMAReceiveCplt  stm32f4xx_hal_uart.o
    0x08006534   0x08006534   0x00000034   Code   RO         1163    .text.UART_DMARxHalfCplt  stm32f4xx_hal_uart.o
    0x08006568   0x08006568   0x00000094   Code   RO         1089    .text.UART_EndRxTransfer  stm32f4xx_hal_uart.o
    0x080065fc   0x080065fc   0x00000026   Code   RO         1137    .text.UART_EndTransmit_IT  stm32f4xx_hal_uart.o
    0x08006622   0x08006622   0x00000002   PAD
    0x08006624   0x08006624   0x00000036   Code   RO         1087    .text.UART_EndTxTransfer  stm32f4xx_hal_uart.o
    0x0800665a   0x0800665a   0x00000002   PAD
    0x0800665c   0x0800665c   0x00000168   Code   RO         1127    .text.UART_Receive_IT  stm32f4xx_hal_uart.o
    0x080067c4   0x080067c4   0x0000013a   Code   RO         1045    .text.UART_SetConfig  stm32f4xx_hal_uart.o
    0x080068fe   0x080068fe   0x00000002   PAD
    0x08006900   0x08006900   0x00000130   Code   RO         1079    .text.UART_Start_Receive_DMA  stm32f4xx_hal_uart.o
    0x08006a30   0x08006a30   0x00000030   Code   RO         1892    .text.UART_Start_Recieve  uart_irqhandler.o
    0x08006a60   0x08006a60   0x00000094   Code   RO         1135    .text.UART_Transmit_IT  stm32f4xx_hal_uart.o
    0x08006af4   0x08006af4   0x00000010   Code   RO          147    .text.USART1_IRQHandler  stm32f4xx_it.o
    0x08006b04   0x08006b04   0x00000010   Code   RO          149    .text.USART2_IRQHandler  stm32f4xx_it.o
    0x08006b14   0x08006b14   0x00000004   Code   RO          129    .text.UsageFault_Handler  stm32f4xx_it.o
    0x08006b18   0x08006b18   0x0000003a   Code   RO         2145    .text.ZdriveAsk     zdrive.o
    0x08006b52   0x08006b52   0x00000002   PAD
    0x08006b54   0x08006b54   0x0000004e   Code   RO         2141    .text.ZdriveDequeue  zdrive.o
    0x08006ba2   0x08006ba2   0x00000002   PAD
    0x08006ba4   0x08006ba4   0x000000d6   Code   RO         2151    .text.ZdriveEnqueue  zdrive.o
    0x08006c7a   0x08006c7a   0x00000002   PAD
    0x08006c7c   0x08006c7c   0x000000f6   Code   RO         2167    .text.ZdriveFunc    zdrive.o
    0x08006d72   0x08006d72   0x00000002   PAD
    0x08006d74   0x08006d74   0x0000016e   Code   RO         2143    .text.ZdriveInit    zdrive.o
    0x08006ee2   0x08006ee2   0x00000002   PAD
    0x08006ee4   0x08006ee4   0x00000344   Code   RO         2157    .text.ZdriveReceive  zdrive.o
    0x08007228   0x08007228   0x000000ec   Code   RO         2147    .text.ZdriveSet     zdrive.o
    0x08007314   0x08007314   0x00000014   Code   RO         2169    .text.Zdrive_ErrHandle  zdrive.o
    0x08007328   0x08007328   0x00000030   Code   RO         2175    .text.Zdrive_GetTxQueue  zdrive.o
    0x08007358   0x08007358   0x0000002a   Code   RO         2155    .text.Zdrive_IdOnBus  zdrive.o
    0x08007382   0x08007382   0x00000002   PAD
    0x08007384   0x08007384   0x00000052   Code   RO         2153    .text.Zdrive_IsOurs  zdrive.o
    0x080073d6   0x080073d6   0x00000002   PAD
    0x080073d8   0x080073d8   0x000001c0   Code   RO         2173    .text.Zdrive_RunMachine  zdrive.o
    0x08007598   0x08007598   0x00000004   Code   RO         2177    .text.Zdrive_SplitActive  zdrive.o
    0x0800759c   0x0800759c   0x0000007e   Code   RO         2171    .text.Zdrive_SwitchMachine  zdrive.o
    0x0800761a   0x0800761a   0x00000002   PAD
    0x0800761c   0x0800761c   0x00000030   Code   RO          889    .text.__NVIC_EnableIRQ  stm32f4xx_hal_cortex.o
    0x0800764c   0x0800764c   0x00000010   Code   RO          881    .text.__NVIC_GetPriorityGrouping  stm32f4xx_hal_cortex.o
    0x0800765c   0x0800765c   0x00000042   Code   RO          883    .text.__NVIC_SetPriority  stm32f4xx_hal_cortex.o
    0x0800769e   0x0800769e   0x00000002   PAD
    0x080076a0   0x080076a0   0x00000042   Code   RO         1774    .text.__NVIC_SetPriority  cmsis_os2.o
    0x080076e2   0x080076e2   0x00000002   PAD
    0x080076e4   0x080076e4   0x0000003c   Code   RO          877    .text.__NVIC_SetPriorityGrouping  stm32f4xx_hal_cortex.o
    0x08007720   0x08007720   0x00000026   Code   RO         2210    .text.__NVIC_SystemReset  ground_block.o
    0x08007746   0x08007746   0x00000002   PAD
    0x08007748   0x08007748   0x00000014   Code   RO         2112    .text.is_M3508      djmotor.o
    0x0800775c   0x0800775c   0x0000005e   Code   RO           11    .text.main          main.o
    0x080077ba   0x080077ba   0x00000002   PAD
    0x080077bc   0x080077bc   0x00000034   Code   RO         1678    .text.osDelay       cmsis_os2.o
    0x080077f0   0x080077f0   0x00000046   Code   RO         1612    .text.osKernelInitialize  cmsis_os2.o
    0x08007836   0x08007836   0x00000002   PAD
    0x08007838   0x08007838   0x00000052   Code   RO         1618    .text.osKernelStart  cmsis_os2.o
    0x0800788a   0x0800788a   0x00000002   PAD
    0x0800788c   0x0800788c   0x0000015a   Code   RO         1642    .text.osThreadNew   cmsis_os2.o
    0x080079e6   0x080079e6   0x00000002   PAD
    0x080079e8   0x080079e8   0x000000d4   Code   RO         1404    .text.prvAddCurrentTaskToDelayedList  tasks.o
    0x08007abc   0x08007abc   0x00000122   Code   RO         1390    .text.prvAddNewTaskToReadyList  tasks.o
    0x08007bde   0x08007bde   0x00000002   PAD
    0x08007be0   0x08007be0   0x000000a2   Code   RO         1541    .text.prvCheckForValidListAndQueue  timers.o
    0x08007c82   0x08007c82   0x00000002   PAD
    0x08007c84   0x08007c84   0x0000005a   Code   RO         1508    .text.prvCheckTasksWaitingTermination  tasks.o
    0x08007cde   0x08007cde   0x00000002   PAD
    0x08007ce0   0x08007ce0   0x00000042   Code   RO         1283    .text.prvCopyDataFromQueue  queue.o
    0x08007d22   0x08007d22   0x00000002   PAD
    0x08007d24   0x08007d24   0x000000cc   Code   RO         1271    .text.prvCopyDataToQueue  queue.o
    0x08007df0   0x08007df0   0x0000005e   Code   RO         1396    .text.prvDeleteTCB  tasks.o
    0x08007e4e   0x08007e4e   0x00000002   PAD
    0x08007e50   0x08007e50   0x00000040   Code   RO         1579    .text.prvGetNextExpireTime  timers.o
    0x08007e90   0x08007e90   0x000000bc   Code   RO         1791    .text.prvHeapInit   heap_4.o
    0x08007f4c   0x08007f4c   0x00000038   Code   RO         1430    .text.prvIdleTask   tasks.o
    0x08007f84   0x08007f84   0x00000048   Code   RO         1245    .text.prvInitialiseNewQueue  queue.o
    0x08007fcc   0x08007fcc   0x00000122   Code   RO         1388    .text.prvInitialiseNewTask  tasks.o
    0x080080ee   0x080080ee   0x00000002   PAD
    0x080080f0   0x080080f0   0x0000008e   Code   RO         1506    .text.prvInitialiseTaskLists  tasks.o
    0x0800817e   0x0800817e   0x00000002   PAD
    0x08008180   0x08008180   0x000000c6   Code   RO         1793    .text.prvInsertBlockIntoFreeList  heap_4.o
    0x08008246   0x08008246   0x00000002   PAD
    0x08008248   0x08008248   0x00000086   Code   RO         1591    .text.prvInsertTimerInActiveList  timers.o
    0x080082ce   0x080082ce   0x00000002   PAD
    0x080082d0   0x080082d0   0x00000028   Code   RO         1285    .text.prvIsQueueEmpty  queue.o
    0x080082f8   0x080082f8   0x0000002e   Code   RO         1273    .text.prvIsQueueFull  queue.o
    0x08008326   0x08008326   0x00000002   PAD
    0x08008328   0x08008328   0x00000028   Code   RO         1832    .text.prvPortStartFirstTask  port.o
    0x08008350   0x08008350   0x0000008e   Code   RO         1587    .text.prvProcessExpiredTimer  timers.o
    0x080083de   0x080083de   0x00000002   PAD
    0x080083e0   0x080083e0   0x00000192   Code   RO         1583    .text.prvProcessReceivedCommands  timers.o
    0x08008572   0x08008572   0x00000002   PAD
    0x08008574   0x08008574   0x0000009a   Code   RO         1581    .text.prvProcessTimerOrBlockTask  timers.o
    0x0800860e   0x0800860e   0x00000002   PAD
    0x08008610   0x08008610   0x00000046   Code   RO         1398    .text.prvResetNextTaskUnblockTime  tasks.o
    0x08008656   0x08008656   0x00000002   PAD
    0x08008658   0x08008658   0x00000044   Code   RO         1585    .text.prvSampleTimeNow  timers.o
    0x0800869c   0x0800869c   0x000000d4   Code   RO         1589    .text.prvSwitchTimerLists  timers.o
    0x08008770   0x08008770   0x0000004c   Code   RO         1822    .text.prvTaskExitError  port.o
    0x080087bc   0x080087bc   0x0000001e   Code   RO         1543    .text.prvTimerTask  timers.o
    0x080087da   0x080087da   0x00000002   PAD
    0x080087dc   0x080087dc   0x000000ae   Code   RO         1275    .text.prvUnlockQueue  queue.o
    0x0800888a   0x0800888a   0x00000002   PAD
    0x0800888c   0x0800888c   0x000001ec   Code   RO         1789    .text.pvPortMalloc  heap_4.o
    0x08008a78   0x08008a78   0x0000005e   Code   RO         1820    .text.pxPortInitialiseStack  port.o
    0x08008ad6   0x08008ad6   0x00000002   PAD
    0x08008ad8   0x08008ad8   0x0000009e   Code   RO         2047    .text.register_updata  solenoid.o
    0x08008b76   0x08008b76   0x00000002   PAD
    0x08008b78   0x08008b78   0x0000002e   Code   RO         2043    .text.solenoid_channel_init  solenoid.o
    0x08008ba6   0x08008ba6   0x00000002   PAD
    0x08008ba8   0x08008ba8   0x0000017e   Code   RO         2041    .text.solenoid_init  solenoid.o
    0x08008d26   0x08008d26   0x00000002   PAD
    0x08008d28   0x08008d28   0x00000072   Code   RO         2045    .text.solenoid_on   solenoid.o
    0x08008d9a   0x08008d9a   0x00000002   PAD
    0x08008d9c   0x08008d9c   0x00000048   Code   RO         1232    .text.uxListRemove  list.o
    0x08008de4   0x08008de4   0x0000002a   Code   RO         1770    .text.vApplicationGetIdleTaskMemory  cmsis_os2.o
    0x08008e0e   0x08008e0e   0x00000002   PAD
    0x08008e10   0x08008e10   0x0000002c   Code   RO         1772    .text.vApplicationGetTimerTaskMemory  cmsis_os2.o
    0x08008e3c   0x08008e3c   0x0000002e   Code   RO         1224    .text.vListInitialise  list.o
    0x08008e6a   0x08008e6a   0x00000002   PAD
    0x08008e6c   0x08008e6c   0x0000000e   Code   RO         1226    .text.vListInitialiseItem  list.o
    0x08008e7a   0x08008e7a   0x00000002   PAD
    0x08008e7c   0x08008e7c   0x0000006a   Code   RO         1230    .text.vListInsert   list.o
    0x08008ee6   0x08008ee6   0x00000002   PAD
    0x08008ee8   0x08008ee8   0x0000003a   Code   RO         1228    .text.vListInsertEnd  list.o
    0x08008f22   0x08008f22   0x00000002   PAD
    0x08008f24   0x08008f24   0x00000014   Code   RO         1830    .text.vPortEnableVFP  port.o
    0x08008f38   0x08008f38   0x00000056   Code   RO         1836    .text.vPortEnterCritical  port.o
    0x08008f8e   0x08008f8e   0x00000002   PAD
    0x08008f90   0x08008f90   0x0000004a   Code   RO         1838    .text.vPortExitCritical  port.o
    0x08008fda   0x08008fda   0x00000002   PAD
    0x08008fdc   0x08008fdc   0x000000ce   Code   RO         1795    .text.vPortFree     heap_4.o
    0x080090aa   0x080090aa   0x00000002   PAD
    0x080090ac   0x080090ac   0x00000044   Code   RO         1828    .text.vPortSetupTimerInterrupt  port.o
    0x080090f0   0x080090f0   0x00000084   Code   RO         1844    .text.vPortValidateInterruptPriority  port.o
    0x08009174   0x08009174   0x00000052   Code   RO         1315    .text.vQueueAddToRegistry  queue.o
    0x080091c6   0x080091c6   0x00000002   PAD
    0x080091c8   0x080091c8   0x00000064   Code   RO         1319    .text.vQueueWaitForMessageRestricted  queue.o
    0x0800922c   0x0800922c   0x0000006e   Code   RO         1408    .text.vTaskDelay    tasks.o
    0x0800929a   0x0800929a   0x00000002   PAD
    0x0800929c   0x0800929c   0x00000024   Code   RO         1462    .text.vTaskInternalSetTimeOutState  tasks.o
    0x080092c0   0x080092c0   0x0000000e   Code   RO         1466    .text.vTaskMissedYield  tasks.o
    0x080092ce   0x080092ce   0x00000002   PAD
    0x080092d0   0x080092d0   0x00000042   Code   RO         1450    .text.vTaskPlaceOnEventList  tasks.o
    0x08009312   0x08009312   0x00000002   PAD
    0x08009314   0x08009314   0x00000052   Code   RO         1454    .text.vTaskPlaceOnEventListRestricted  tasks.o
    0x08009366   0x08009366   0x00000002   PAD
    0x08009368   0x08009368   0x000000e0   Code   RO         1428    .text.vTaskStartScheduler  tasks.o
    0x08009448   0x08009448   0x00000010   Code   RO         1402    .text.vTaskSuspendAll  tasks.o
    0x08009458   0x08009458   0x000000c6   Code   RO         1420    .text.vTaskSwitchContext  tasks.o
    0x0800951e   0x0800951e   0x00000002   PAD
    0x08009520   0x08009520   0x00000156   Code   RO         1826    .text.xPortStartScheduler  port.o
    0x08009676   0x08009676   0x00000002   PAD
    0x08009678   0x08009678   0x0000003c   Code   RO         1842    .text.xPortSysTickHandler  port.o
    0x080096b4   0x080096b4   0x0000010e   Code   RO         1243    .text.xQueueGenericCreateStatic  queue.o
    0x080097c2   0x080097c2   0x00000002   PAD
    0x080097c4   0x080097c4   0x000000ba   Code   RO         1241    .text.xQueueGenericReset  queue.o
    0x0800987e   0x0800987e   0x00000002   PAD
    0x08009880   0x08009880   0x0000022c   Code   RO         1261    .text.xQueueGenericSend  queue.o
    0x08009aac   0x08009aac   0x0000014c   Code   RO         1277    .text.xQueueGenericSendFromISR  queue.o
    0x08009bf8   0x08009bf8   0x000001dc   Code   RO         1281    .text.xQueueReceive  queue.o
    0x08009dd4   0x08009dd4   0x000000cc   Code   RO         1464    .text.xTaskCheckForTimeOut  tasks.o
    0x08009ea0   0x08009ea0   0x0000009e   Code   RO         1392    .text.xTaskCreate   tasks.o
    0x08009f3e   0x08009f3e   0x00000002   PAD
    0x08009f40   0x08009f40   0x000000ce   Code   RO         1386    .text.xTaskCreateStatic  tasks.o
    0x0800a00e   0x0800a00e   0x00000002   PAD
    0x0800a010   0x0800a010   0x00000038   Code   RO         1480    .text.xTaskGetSchedulerState  tasks.o
    0x0800a048   0x0800a048   0x00000014   Code   RO         1436    .text.xTaskGetTickCount  tasks.o
    0x0800a05c   0x0800a05c   0x000001c4   Code   RO         1434    .text.xTaskIncrementTick  tasks.o
    0x0800a220   0x0800a220   0x000000ec   Code   RO         1484    .text.xTaskPriorityDisinherit  tasks.o
    0x0800a30c   0x0800a30c   0x000000ce   Code   RO         1456    .text.xTaskRemoveFromEventList  tasks.o
    0x0800a3da   0x0800a3da   0x00000002   PAD
    0x0800a3dc   0x0800a3dc   0x00000186   Code   RO         1406    .text.xTaskResumeAll  tasks.o
    0x0800a562   0x0800a562   0x00000002   PAD
    0x0800a564   0x0800a564   0x00000094   Code   RO         1539    .text.xTimerCreateTimerTask  timers.o
    0x0800a5f8   0x0800a5f8   0x000000b0   Code   RO         1551    .text.xTimerGenericCommand  timers.o
    0x0800a6a8   0x0800a6a8   0x00000018   Code   RO         2345    x$fpl$dcmpinf       fz_wm.l(dcmpi.o)
    0x0800a6c0   0x0800a6c0   0x00000078   Code   RO         2291    x$fpl$deqf          fz_wm.l(deqf.o)
    0x0800a738   0x0800a738   0x00000078   Code   RO         2293    x$fpl$dgeqf         fz_wm.l(dgeqf.o)
    0x0800a7b0   0x0800a7b0   0x00000078   Code   RO         2295    x$fpl$dleqf         fz_wm.l(dleqf.o)
    0x0800a828   0x0800a828   0x0000009c   Code   RO         2347    x$fpl$dnaninf       fz_wm.l(dnaninf.o)
    0x0800a8c4   0x0800a8c4   0x0000000c   Code   RO         2297    x$fpl$dretinf       fz_wm.l(dretinf.o)
    0x0800a8d0   0x0800a8d0   0x00000056   Code   RO         2256    x$fpl$f2d           fz_wm.l(f2d.o)
    0x0800a926   0x0800a926   0x00000054   Code   RO         2254    x$fpl$fcmp          fz_wm.l(dcmp.o)
    0x0800a97a   0x0800a97a   0x0000008c   Code   RO         2299    x$fpl$fnaninf       fz_wm.l(fnaninf.o)
    0x0800aa06   0x0800aa06   0x0000001a   Code   RO         2438    x$fpl$fpinit        fz_wm.l(fpinit.o)
    0x0800aa20   0x0800aa20   0x00000000   Code   RO         2303    x$fpl$usenofp       fz_wm.l(usenofp.o)
    0x0800aa20   0x0800aa20   0x00000010   Data   RO         1177    .rodata.AHBPrescTable  system_stm32f4xx.o
    0x0800aa30   0x0800aa30   0x00000008   Data   RO         1178    .rodata.APBPrescTable  system_stm32f4xx.o
    0x0800aa38   0x0800aa38   0x00000024   Data   RO           45    .rodata.BeepTask_attributes  freertos.o
    0x0800aa5c   0x0800aa5c   0x00000008   Data   RO          807    .rodata.DMA_CalcBaseAndBitshift.flagBitshiftOffset  stm32f4xx_hal_dma.o
    0x0800aa64   0x0800aa64   0x00000024   Data   RO           46    .rodata.Ground_Block_attributes  freertos.o
    0x0800aa88   0x0800aa88   0x00000024   Data   RO           44    .rodata.LedTask_attributes  freertos.o
    0x0800aaac   0x0800aaac   0x00000001   Data   RO         2180    .rodata.s_empty_data  zdrive.o
    0x0800aaad   0x0800aaad   0x0000001e   Data   RO           43    .rodata.str1.1      freertos.o
    0x0800aacb   0x0800aacb   0x00000005   Data   RO         1524    .rodata.str1.1      tasks.o
    0x0800aad0   0x0800aad0   0x0000000d   Data   RO         1594    .rodata.str1.1      timers.o
    0x0800aadd   0x0800aadd   0x00000003   PAD
    0x0800aae0   0x0800aae0   0x00000020   Data   RO         2499    Region$$Table       anon$$obj.o


    Execution Region RW_IRAM1 (Exec base: 0x20000000, Load base: 0x0800ab00, Size: 0x00006908, Max: 0x0001c000, ABSOLUTE)

    Exec Addr    Load Addr    Size         Type   Attr      Idx    E Section Name        Object

    0x20000000   0x0800ab00   0x00000004   Data   RW         1176    .data.SystemCoreClock  system_stm32f4xx.o
    0x20000004   0x0800ab04   0x00000001   Data   RW         1007    .data.uwTickFreq    stm32f4xx_hal.o
    0x20000005   0x0800ab05   0x00000003   PAD
    0x20000008   0x0800ab08   0x00000004   Data   RW         1006    .data.uwTickPrio    stm32f4xx_hal.o
    0x2000000c   0x0800ab0c   0x00000004   Data   RW         1848    .data.uxCriticalNesting  port.o
    0x20000010        -       0x00000060   Zero   RW         2350    .bss                c_w.l(libspace.o)
    0x20000070        -       0x00000001   Zero   RW         2194    .bss.BeepAlarmTimes  myostasks.o
    0x20000071   0x0800ab10   0x00000003   PAD
    0x20000074        -       0x00000004   Zero   RW           48    .bss.BeepTaskHandle  freertos.o
    0x20000078        -       0x00000128   Zero   RW         2091    .bss.CAN1_Txqueue   canqueue.o
    0x200001a0        -       0x00000128   Zero   RW         2092    .bss.CAN2_Txqueue   canqueue.o
    0x200002c8        -       0x00000860   Zero   RW         2132    .bss.DJmotor        djmotor.o
    0x20000b28        -       0x00000008   Zero   RW         2133    .bss.DJmotor_CurrentTransmit.tx_data  djmotor.o
    0x20000b30        -       0x00000004   Zero   RW           49    .bss.Ground_BlockHandle  freertos.o
    0x20000b34        -       0x00000004   Zero   RW           67    .bss.HAL_RCC_CAN1_CLK_ENABLED  can.o
    0x20000b38        -       0x00000004   Zero   RW         1776    .bss.KernelState    cmsis_os2.o
    0x20000b3c        -       0x00000004   Zero   RW           47    .bss.LedTaskHandle  freertos.o
    0x20000b40        -       0x00000107   Zero   RW         1925    .bss.PackMsg        bluetooth.o
    0x20000c47   0x0800ab10   0x00000001   PAD
    0x20000c48        -       0x00000038   Zero   RW         1926    .bss.RxMsgPack      bluetooth.o
    0x20000c80        -       0x00000001   Zero   RW         1885    .bss.TIM_PeriodElapsedCallback.Func_cnt  tim_irqhandler.o
    0x20000c81   0x0800ab10   0x00000003   PAD
    0x20000c84        -       0x000003c0   Zero   RW         2179    .bss.Zmotor         zdrive.o
    0x20001044        -       0x00000001   Zero   RW         2228    .bss.gb_cmd         ground_block.o
    0x20001045        -       0x00000008   Zero   RW         2229    .bss.gb_data        ground_block.o
    0x2000104d   0x0800ab10   0x00000003   PAD
    0x20001050        -       0x00000028   Zero   RW           65    .bss.hcan1          can.o
    0x20001078        -       0x00000028   Zero   RW           66    .bss.hcan2          can.o
    0x200010a0        -       0x00000060   Zero   RW          110    .bss.hdma_usart1_rx  usart.o
    0x20001100        -       0x00000060   Zero   RW          111    .bss.hdma_usart1_tx  usart.o
    0x20001160        -       0x00000060   Zero   RW          112    .bss.hdma_usart2_rx  usart.o
    0x200011c0        -       0x00000060   Zero   RW          113    .bss.hdma_usart2_tx  usart.o
    0x20001220        -       0x00000048   Zero   RW          180    .bss.htim1          stm32f4xx_hal_timebase_tim.o
    0x20001268        -       0x00000048   Zero   RW           91    .bss.htim2          tim.o
    0x200012b0        -       0x00000048   Zero   RW           92    .bss.htim3          tim.o
    0x200012f8        -       0x00000048   Zero   RW          108    .bss.huart1         usart.o
    0x20001340        -       0x00000048   Zero   RW          109    .bss.huart2         usart.o
    0x20001388        -       0x000000a0   Zero   RW         1602    .bss.prvCheckForValidListAndQueue.ucStaticTimerQueueStorage  timers.o
    0x20001428        -       0x00000050   Zero   RW         1601    .bss.prvCheckForValidListAndQueue.xStaticTimerQueue  timers.o
    0x20001478        -       0x00000004   Zero   RW         1598    .bss.prvSampleTimeNow.xLastTime  timers.o
    0x2000147c        -       0x00000004   Zero   RW         1510    .bss.pxCurrentTCB   tasks.o
    0x20001480        -       0x00000004   Zero   RW         1596    .bss.pxCurrentTimerList  timers.o
    0x20001484        -       0x00000004   Zero   RW         1518    .bss.pxDelayedTaskList  tasks.o
    0x20001488        -       0x00000004   Zero   RW         1805    .bss.pxEnd          heap_4.o
    0x2000148c        -       0x00000004   Zero   RW         1519    .bss.pxOverflowDelayedTaskList  tasks.o
    0x20001490        -       0x00000004   Zero   RW         1597    .bss.pxOverflowTimerList  timers.o
    0x20001494        -       0x00000460   Zero   RW         1521    .bss.pxReadyTasksLists  tasks.o
    0x200018f4        -       0x00000001   Zero   RW         2090    .bss.s_can_queue_initialized  canqueue.o
    0x200018f5   0x0800ab10   0x00000003   PAD
    0x200018f8        -       0x0000000c   Zero   RW         2049    .bss.solenoid_Channel1  solenoid.o
    0x20001904        -       0x0000000c   Zero   RW         2050    .bss.solenoid_Channel2  solenoid.o
    0x20001910        -       0x0000000c   Zero   RW         2051    .bss.solenoid_Channel3  solenoid.o
    0x2000191c        -       0x00000001   Zero   RW         2227    .bss.solenoid_enable  ground_block.o
    0x2000191d        -       0x00000001   Zero   RW         2226    .bss.solenoid_is_open  ground_block.o
    0x2000191e        -       0x00000001   Zero   RW         1898    .bss.u1_rx_buffer   uart_irqhandler.o
    0x2000191f        -       0x00000005   Zero   RW         1899    .bss.u2_rx_buffer   uart_irqhandler.o
    0x20001924        -       0x00003c00   Zero   RW         1812    .bss.ucHeap         heap_4.o
    0x20005524        -       0x00000001   Zero   RW         1846    .bss.ucMaxSysCallPriority  port.o
    0x20005525   0x0800ab10   0x00000003   PAD
    0x20005528        -       0x00000004   Zero   RW         1847    .bss.ulMaxPRIGROUPValue  port.o
    0x2000552c        -       0x00000004   Zero   RW         1008    .bss.uwTick         stm32f4xx_hal.o
    0x20005530        -       0x00000004   Zero   RW         1514    .bss.uxCurrentNumberOfTasks  tasks.o
    0x20005534        -       0x00000004   Zero   RW         1513    .bss.uxDeletedTasksWaitingCleanUp  tasks.o
    0x20005538        -       0x00000004   Zero   RW         1516    .bss.uxSchedulerSuspended  tasks.o
    0x2000553c        -       0x00000004   Zero   RW         1511    .bss.uxTaskNumber   tasks.o
    0x20005540        -       0x00000004   Zero   RW         1522    .bss.uxTopReadyPriority  tasks.o
    0x20005544        -       0x00000200   Zero   RW         1779    .bss.vApplicationGetIdleTaskMemory.Idle_Stack  cmsis_os2.o
    0x20005744        -       0x0000005c   Zero   RW         1778    .bss.vApplicationGetIdleTaskMemory.Idle_TCB  cmsis_os2.o
    0x200057a0        -       0x00000400   Zero   RW         1781    .bss.vApplicationGetTimerTaskMemory.Timer_Stack  cmsis_os2.o
    0x20005ba0        -       0x0000005c   Zero   RW         1780    .bss.vApplicationGetTimerTaskMemory.Timer_TCB  cmsis_os2.o
    0x20005bfc        -       0x00000014   Zero   RW         1599    .bss.xActiveTimerList1  timers.o
    0x20005c10        -       0x00000014   Zero   RW         1600    .bss.xActiveTimerList2  timers.o
    0x20005c24        -       0x00000004   Zero   RW         1806    .bss.xBlockAllocatedBit  heap_4.o
    0x20005c28        -       0x00000014   Zero   RW         1530    .bss.xDelayedTaskList1  tasks.o
    0x20005c3c        -       0x00000014   Zero   RW         1531    .bss.xDelayedTaskList2  tasks.o
    0x20005c50        -       0x00000004   Zero   RW         1807    .bss.xFreeBytesRemaining  heap_4.o
    0x20005c54        -       0x00000004   Zero   RW         1525    .bss.xIdleTaskHandle  tasks.o
    0x20005c58        -       0x00000004   Zero   RW         1809    .bss.xMinimumEverFreeBytesRemaining  heap_4.o
    0x20005c5c        -       0x00000004   Zero   RW         1526    .bss.xNextTaskUnblockTime  tasks.o
    0x20005c60        -       0x00000004   Zero   RW         1529    .bss.xNumOfOverflows  tasks.o
    0x20005c64        -       0x00000004   Zero   RW         1810    .bss.xNumberOfSuccessfulAllocations  heap_4.o
    0x20005c68        -       0x00000004   Zero   RW         1811    .bss.xNumberOfSuccessfulFrees  heap_4.o
    0x20005c6c        -       0x00000004   Zero   RW         1528    .bss.xPendedTicks   tasks.o
    0x20005c70        -       0x00000014   Zero   RW         1523    .bss.xPendingReadyList  tasks.o
    0x20005c84        -       0x00000040   Zero   RW         1321    .bss.xQueueRegistry  queue.o
    0x20005cc4        -       0x00000004   Zero   RW         1515    .bss.xSchedulerRunning  tasks.o
    0x20005cc8        -       0x00000008   Zero   RW         1808    .bss.xStart         heap_4.o
    0x20005cd0        -       0x00000014   Zero   RW         1520    .bss.xSuspendedTaskList  tasks.o
    0x20005ce4        -       0x00000014   Zero   RW         1512    .bss.xTasksWaitingTermination  tasks.o
    0x20005cf8        -       0x00000004   Zero   RW         1517    .bss.xTickCount     tasks.o
    0x20005cfc        -       0x00000004   Zero   RW         1593    .bss.xTimerQueue    timers.o
    0x20005d00        -       0x00000004   Zero   RW         1595    .bss.xTimerTaskHandle  timers.o
    0x20005d04        -       0x00000004   Zero   RW         1527    .bss.xYieldPending  tasks.o
    0x20005d08        -       0x00000800   Zero   RW            2    HEAP                startup_stm32f405xx.o
    0x20006508        -       0x00000400   Zero   RW            1    STACK               startup_stm32f405xx.o


    Execution Region RW_IRAM2 (Exec base: 0x2001c000, Load base: 0x0800ab10, Size: 0x00000000, Max: 0x00004000, ABSOLUTE)

    **** No section assigned to this execution region ****


==============================================================================

Image component sizes


      Code (inc. data)   RO Data    RW Data    ZI Data      Debug   Object Name

       122          0          0          0          0       1260   beep.o
       596          0          0          0        319       2736   bluetooth.o
      1024          0          0          0         84       7125   can.o
       302          0          0          0          0       3112   can_irqhandler.o
       574          0          0          0        593       4550   canqueue.o
       746          0          0          0       1724      34876   cmsis_os2.o
      3058         34          0          0       2152       9174   djmotor.o
       152          0          0          0          0       3278   dma.o
       106          0        138          0         12       2981   freertos.o
       168          0          0          0          0       2100   gpio.o
      1392         14          0          0         11       4124   ground_block.o
      1084          0          0          0      15392       4443   heap_4.o
       156          0          0          0          0       1087   led.o
       296          0          0          0          0       2209   list.o
       328          0          0          0          0       5727   main.o
        62          4          0          0          0       8937   mathfunc.o
       130          0          0          0          1       1553   myostasks.o
       540          0          0          0          0       3014   pid.o
      1128         16          0          4          5       3821   port.o
      2604          0          0          0         64      17257   queue.o
       700          0          0          0         36       3251   solenoid.o
        64         26        392          0       3072        852   startup_stm32f405xx.o
       158          0          0          5          4       7053   stm32f4xx_hal.o
      3082          0          0          0          0      11483   stm32f4xx_hal_can.o
       384          0          0          0          0       9633   stm32f4xx_hal_cortex.o
      2068          8          8          0          0       8462   stm32f4xx_hal_dma.o
       996          0          0          0          0       5090   stm32f4xx_hal_gpio.o
        88          0          0          0          0       3305   stm32f4xx_hal_msp.o
      2730          0          0          0          0       7587   stm32f4xx_hal_rcc.o
      2036          0          0          0          0      35827   stm32f4xx_hal_tim.o
       306          0          0          0          0      15253   stm32f4xx_hal_tim_ex.o
       218          0          0          0         72       6985   stm32f4xx_hal_timebase_tim.o
      3382          0          0          0          0      20308   stm32f4xx_hal_uart.o
       230          0          0          0          0       2024   stm32f4xx_it.o
        18          0         24          4          0       2501   system_stm32f4xx.o
      3918          0          5          0       1280      24068   tasks.o
       454          0          0          0        144       7280   tim.o
       102          0          0          0          1       3737   tim_irqhandler.o
      1692         10         13          0        300      11562   timers.o
       250          0          0          0          6       3728   uart_irqhandler.o
       872          0          0          0        528       7394   usart.o
      2832        166          1          0        960      10775   zdrive.o

    ----------------------------------------------------------------------
     41416        290        616         16      26776     331522   Object Totals
         0          0         32          0          0          0   (incl. Generated)
       268         12          3          3         16          0   (incl. Padding)

    ----------------------------------------------------------------------

      Code (inc. data)   RO Data    RW Data    ZI Data      Debug   Library Member Name

         8          0          0          0          0         68   __main.o
         0          0          0          0          0          0   __rtentry.o
        12          0          0          0          0          0   __rtentry2.o
         6          0          0          0          0          0   __rtentry4.o
        52          8          0          0          0          0   __scatter.o
        26          0          0          0          0          0   __scatter_copy.o
        28          0          0          0          0          0   __scatter_zi.o
        16          0          0          0          0         68   aeabi_memset4.o
        18          0          0          0          0         80   exit.o
         6          0          0          0          0        152   heapauxi.o
         0          0          0          0          0          0   indicate_semi.o
         2          0          0          0          0          0   libinit.o
         6          0          0          0          0          0   libinit2.o
         2          0          0          0          0          0   libshutdown.o
         2          0          0          0          0          0   libshutdown2.o
         8          4          0          0         96         68   libspace.o
       240          0          0          0          0        100   lludivv7m.o
        78          0          0          0          0         80   rt_memclr_w.o
       138          0          0          0          0         68   rt_memcpy_v6.o
       100          0          0          0          0         80   rt_memcpy_w.o
         2          0          0          0          0          0   rtexit.o
        10          0          0          0          0          0   rtexit2.o
        12          4          0          0          0         68   sys_exit.o
        74          0          0          0          0         80   sys_stackheap_outer.o
         2          0          0          0          0         68   use_no_semi.o
        84          0          0          0          0        244   dcmp.o
        24          0          0          0          0        116   dcmpi.o
       120          4          0          0          0        140   deqf.o
       120          4          0          0          0        140   dgeqf.o
       120          4          0          0          0        140   dleqf.o
       156          4          0          0          0        140   dnaninf.o
        12          0          0          0          0        116   dretinf.o
        86          4          0          0          0        132   f2d.o
       140          4          0          0          0        132   fnaninf.o
        26          0          0          0          0        116   fpinit.o
         0          0          0          0          0          0   usenofp.o

    ----------------------------------------------------------------------
      1744         40          0          0         96       2396   Library Totals
         8          0          0          0          0          0   (incl. Padding)

    ----------------------------------------------------------------------

      Code (inc. data)   RO Data    RW Data    ZI Data      Debug   Library Name

       848         16          0          0         96        980   c_w.l
       888         24          0          0          0       1416   fz_wm.l

    ----------------------------------------------------------------------
      1744         40          0          0         96       2396   Library Totals

    ----------------------------------------------------------------------

==============================================================================


      Code (inc. data)   RO Data    RW Data    ZI Data      Debug   

     43160        330        616         16      26872     331802   Grand Totals
     43160        330        616         16      26872     331802   ELF Image Totals
     43160        330        616         16          0          0   ROM Totals

==============================================================================

    Total RO  Size (Code + RO Data)                43776 (  42.75kB)
    Total RW  Size (RW Data + ZI Data)             26888 (  26.26kB)
    Total ROM Size (Code + RO Data + RW Data)      43792 (  42.77kB)

==============================================================================

