Component: Arm Compiler for Embedded 6.18 Tool: armlink [5e4cc100]

==============================================================================

Section Cross References

    startup_stm32f405xx.o(STACK) refers (Special) to heapauxi.o(.text) for __use_two_region_memory
    startup_stm32f405xx.o(HEAP) refers (Special) to heapauxi.o(.text) for __use_two_region_memory
    startup_stm32f405xx.o(RESET) refers (Special) to heapauxi.o(.text) for __use_two_region_memory
    startup_stm32f405xx.o(RESET) refers to startup_stm32f405xx.o(STACK) for __initial_sp
    startup_stm32f405xx.o(RESET) refers to startup_stm32f405xx.o(.text) for Reset_Handler
    startup_stm32f405xx.o(RESET) refers to stm32f4xx_it.o(.text.NMI_Handler) for NMI_Handler
    startup_stm32f405xx.o(RESET) refers to stm32f4xx_it.o(.text.HardFault_Handler) for HardFault_Handler
    startup_stm32f405xx.o(RESET) refers to stm32f4xx_it.o(.text.MemManage_Handler) for MemManage_Handler
    startup_stm32f405xx.o(RESET) refers to stm32f4xx_it.o(.text.BusFault_Handler) for BusFault_Handler
    startup_stm32f405xx.o(RESET) refers to stm32f4xx_it.o(.text.UsageFault_Handler) for UsageFault_Handler
    startup_stm32f405xx.o(RESET) refers to port.o(.text.SVC_Handler) for SVC_Handler
    startup_stm32f405xx.o(RESET) refers to stm32f4xx_it.o(.text.DebugMon_Handler) for DebugMon_Handler
    startup_stm32f405xx.o(RESET) refers to port.o(.text.PendSV_Handler) for PendSV_Handler
    startup_stm32f405xx.o(RESET) refers to cmsis_os2.o(.text.SysTick_Handler) for SysTick_Handler
    startup_stm32f405xx.o(RESET) refers to stm32f4xx_it.o(.text.DMA1_Stream5_IRQHandler) for DMA1_Stream5_IRQHandler
    startup_stm32f405xx.o(RESET) refers to stm32f4xx_it.o(.text.DMA1_Stream6_IRQHandler) for DMA1_Stream6_IRQHandler
    startup_stm32f405xx.o(RESET) refers to stm32f4xx_it.o(.text.CAN1_RX0_IRQHandler) for CAN1_RX0_IRQHandler
    startup_stm32f405xx.o(RESET) refers to stm32f4xx_it.o(.text.CAN1_RX1_IRQHandler) for CAN1_RX1_IRQHandler
    startup_stm32f405xx.o(RESET) refers to stm32f4xx_it.o(.text.TIM1_UP_TIM10_IRQHandler) for TIM1_UP_TIM10_IRQHandler
    startup_stm32f405xx.o(RESET) refers to stm32f4xx_it.o(.text.TIM2_IRQHandler) for TIM2_IRQHandler
    startup_stm32f405xx.o(RESET) refers to stm32f4xx_it.o(.text.TIM3_IRQHandler) for TIM3_IRQHandler
    startup_stm32f405xx.o(RESET) refers to stm32f4xx_it.o(.text.USART1_IRQHandler) for USART1_IRQHandler
    startup_stm32f405xx.o(RESET) refers to stm32f4xx_it.o(.text.USART2_IRQHandler) for USART2_IRQHandler
    startup_stm32f405xx.o(RESET) refers to stm32f4xx_it.o(.text.DMA2_Stream2_IRQHandler) for DMA2_Stream2_IRQHandler
    startup_stm32f405xx.o(RESET) refers to stm32f4xx_it.o(.text.CAN2_RX0_IRQHandler) for CAN2_RX0_IRQHandler
    startup_stm32f405xx.o(RESET) refers to stm32f4xx_it.o(.text.CAN2_RX1_IRQHandler) for CAN2_RX1_IRQHandler
    startup_stm32f405xx.o(RESET) refers to stm32f4xx_it.o(.text.DMA2_Stream7_IRQHandler) for DMA2_Stream7_IRQHandler
    startup_stm32f405xx.o(.text) refers (Special) to heapauxi.o(.text) for __use_two_region_memory
    startup_stm32f405xx.o(.text) refers to system_stm32f4xx.o(.text.SystemInit) for SystemInit
    startup_stm32f405xx.o(.text) refers to __main.o(!!!main) for __main
    startup_stm32f405xx.o(.text) refers to startup_stm32f405xx.o(HEAP) for Heap_Mem
    startup_stm32f405xx.o(.text) refers to startup_stm32f405xx.o(STACK) for Stack_Mem
    main.o(.text.main) refers to stm32f4xx_hal.o(.text.HAL_Init) for HAL_Init
    main.o(.text.main) refers to main.o(.text.SystemClock_Config) for SystemClock_Config
    main.o(.text.main) refers to gpio.o(.text.MX_GPIO_Init) for MX_GPIO_Init
    main.o(.text.main) refers to dma.o(.text.MX_DMA_Init) for MX_DMA_Init
    main.o(.text.main) refers to tim.o(.text.MX_TIM2_Init) for MX_TIM2_Init
    main.o(.text.main) refers to tim.o(.text.MX_TIM3_Init) for MX_TIM3_Init
    main.o(.text.main) refers to usart.o(.text.MX_USART1_UART_Init) for MX_USART1_UART_Init
    main.o(.text.main) refers to can.o(.text.MX_CAN1_Init) for MX_CAN1_Init
    main.o(.text.main) refers to usart.o(.text.MX_USART2_UART_Init) for MX_USART2_UART_Init
    main.o(.text.main) refers to can.o(.text.MX_CAN2_Init) for MX_CAN2_Init
    main.o(.text.main) refers to beep.o(.text.Beep_Init) for Beep_Init
    main.o(.text.main) refers to canqueue.o(.text.CAN_InitSendQueue) for CAN_InitSendQueue
    main.o(.text.main) refers to uart_irqhandler.o(.text.UART_Start_Recieve) for UART_Start_Recieve
    main.o(.text.main) refers to solenoid.o(.text.solenoid_init) for solenoid_init
    main.o(.text.main) refers to djmotor.o(.text.DJmotor_Init) for DJmotor_Init
    main.o(.text.main) refers to zdrive.o(.text.ZdriveInit) for ZdriveInit
    main.o(.text.main) refers to ground_block.o(.text.Ground_Block_Init) for Ground_Block_Init
    main.o(.text.main) refers to cmsis_os2.o(.text.osKernelInitialize) for osKernelInitialize
    main.o(.text.main) refers to freertos.o(.text.MX_FREERTOS_Init) for MX_FREERTOS_Init
[...]
    Removing stm32f4xx_hal_tim.o(.ARM.exidx.text.HAL_TIM_Base_GetState), (8 bytes).
    Removing stm32f4xx_hal_tim.o(.text.HAL_TIM_OC_GetState), (14 bytes).
    Removing stm32f4xx_hal_tim.o(.ARM.exidx.text.HAL_TIM_OC_GetState), (8 bytes).
    Removing stm32f4xx_hal_tim.o(.text.HAL_TIM_PWM_GetState), (14 bytes).
    Removing stm32f4xx_hal_tim.o(.ARM.exidx.text.HAL_TIM_PWM_GetState), (8 bytes).
    Removing stm32f4xx_hal_tim.o(.text.HAL_TIM_IC_GetState), (14 bytes).
    Removing stm32f4xx_hal_tim.o(.ARM.exidx.text.HAL_TIM_IC_GetState), (8 bytes).
    Removing stm32f4xx_hal_tim.o(.text.HAL_TIM_OnePulse_GetState), (14 bytes).
    Removing stm32f4xx_hal_tim.o(.ARM.exidx.text.HAL_TIM_OnePulse_GetState), (8 bytes).
    Removing stm32f4xx_hal_tim.o(.text.HAL_TIM_Encoder_GetState), (14 bytes).
    Removing stm32f4xx_hal_tim.o(.ARM.exidx.text.HAL_TIM_Encoder_GetState), (8 bytes).
    Removing stm32f4xx_hal_tim.o(.text.HAL_TIM_GetActiveChannel), (12 bytes).
    Removing stm32f4xx_hal_tim.o(.ARM.exidx.text.HAL_TIM_GetActiveChannel), (8 bytes).
    Removing stm32f4xx_hal_tim.o(.text.HAL_TIM_GetChannelState), (94 bytes).
    Removing stm32f4xx_hal_tim.o(.ARM.exidx.text.HAL_TIM_GetChannelState), (8 bytes).
    Removing stm32f4xx_hal_tim.o(.text.HAL_TIM_DMABurstState), (14 bytes).
    Removing stm32f4xx_hal_tim.o(.ARM.exidx.text.HAL_TIM_DMABurstState), (8 bytes).
    Removing stm32f4xx_hal_tim_ex.o(.text), (0 bytes).
    Removing stm32f4xx_hal_tim_ex.o(.text.HAL_TIMEx_HallSensor_Init), (280 bytes).
    Removing stm32f4xx_hal_tim_ex.o(.ARM.exidx.text.HAL_TIMEx_HallSensor_Init), (8 bytes).
    Removing stm32f4xx_hal_tim_ex.o(.text.HAL_TIMEx_HallSensor_MspInit), (8 bytes).
    Removing stm32f4xx_hal_tim_ex.o(.ARM.exidx.text.HAL_TIMEx_HallSensor_MspInit), (8 bytes).
    Removing stm32f4xx_hal_tim_ex.o(.text.HAL_TIMEx_HallSensor_DeInit), (128 bytes).
    Removing stm32f4xx_hal_tim_ex.o(.ARM.exidx.text.HAL_TIMEx_HallSensor_DeInit), (8 bytes).
    Removing stm32f4xx_hal_tim_ex.o(.text.HAL_TIMEx_HallSensor_MspDeInit), (8 bytes).
    Removing stm32f4xx_hal_tim_ex.o(.ARM.exidx.text.HAL_TIMEx_HallSensor_MspDeInit), (8 bytes).
    Removing stm32f4xx_hal_tim_ex.o(.text.HAL_TIMEx_HallSensor_Start), (334 bytes).
    Removing stm32f4xx_hal_tim_ex.o(.ARM.exidx.text.HAL_TIMEx_HallSensor_Start), (8 bytes).
    Removing stm32f4xx_hal_tim_ex.o(.text.HAL_TIMEx_HallSensor_Stop), (102 bytes).
    Removing stm32f4xx_hal_tim_ex.o(.ARM.exidx.text.HAL_TIMEx_HallSensor_Stop), (8 bytes).
    Removing stm32f4xx_hal_tim_ex.o(.text.HAL_TIMEx_HallSensor_Start_IT), (346 bytes).
    Removing stm32f4xx_hal_tim_ex.o(.ARM.exidx.text.HAL_TIMEx_HallSensor_Start_IT), (8 bytes).
    Removing stm32f4xx_hal_tim_ex.o(.text.HAL_TIMEx_HallSensor_Stop_IT), (114 bytes).
    Removing stm32f4xx_hal_tim_ex.o(.ARM.exidx.text.HAL_TIMEx_HallSensor_Stop_IT), (8 bytes).
    Removing stm32f4xx_hal_tim_ex.o(.text.HAL_TIMEx_HallSensor_Start_DMA), (428 bytes).
    Removing stm32f4xx_hal_tim_ex.o(.ARM.exidx.text.HAL_TIMEx_HallSensor_Start_DMA), (8 bytes).
    Removing stm32f4xx_hal_tim_ex.o(.text.HAL_TIMEx_HallSensor_Stop_DMA), (110 bytes).
    Removing stm32f4xx_hal_tim_ex.o(.ARM.exidx.text.HAL_TIMEx_HallSensor_Stop_DMA), (8 bytes).
    Removing stm32f4xx_hal_tim_ex.o(.text.HAL_TIMEx_OCN_Start), (402 bytes).
    Removing stm32f4xx_hal_tim_ex.o(.ARM.exidx.text.HAL_TIMEx_OCN_Start), (8 bytes).
    Removing stm32f4xx_hal_tim_ex.o(.text.TIM_CCxNChannelCmd), (54 bytes).
    Removing stm32f4xx_hal_tim_ex.o(.ARM.exidx.text.TIM_CCxNChannelCmd), (8 bytes).
    Removing stm32f4xx_hal_tim_ex.o(.text.HAL_TIMEx_OCN_Stop), (208 bytes).
    Removing stm32f4xx_hal_tim_ex.o(.ARM.exidx.text.HAL_TIMEx_OCN_Stop), (8 bytes).
    Removing stm32f4xx_hal_tim_ex.o(.text.HAL_TIMEx_OCN_Start_IT), (508 bytes).
    Removing stm32f4xx_hal_tim_ex.o(.ARM.exidx.text.HAL_TIMEx_OCN_Start_IT), (8 bytes).
    Removing stm32f4xx_hal_tim_ex.o(.text.HAL_TIMEx_OCN_Stop_IT), (338 bytes).
    Removing stm32f4xx_hal_tim_ex.o(.ARM.exidx.text.HAL_TIMEx_OCN_Stop_IT), (8 bytes).
    Removing stm32f4xx_hal_tim_ex.o(.text.HAL_TIMEx_OCN_Start_DMA), (836 bytes).
    Removing stm32f4xx_hal_tim_ex.o(.ARM.exidx.text.HAL_TIMEx_OCN_Start_DMA), (8 bytes).
    Removing stm32f4xx_hal_tim_ex.o(.text.TIM_DMADelayPulseNCplt), (148 bytes).
    Removing stm32f4xx_hal_tim_ex.o(.ARM.exidx.text.TIM_DMADelayPulseNCplt), (8 bytes).
    Removing stm32f4xx_hal_tim_ex.o(.text.TIM_DMAErrorCCxN), (116 bytes).
    Removing stm32f4xx_hal_tim_ex.o(.ARM.exidx.text.TIM_DMAErrorCCxN), (8 bytes).
    Removing stm32f4xx_hal_tim_ex.o(.text.HAL_TIMEx_OCN_Stop_DMA), (326 bytes).
    Removing stm32f4xx_hal_tim_ex.o(.ARM.exidx.text.HAL_TIMEx_OCN_Stop_DMA), (8 bytes).
    Removing stm32f4xx_hal_tim_ex.o(.text.HAL_TIMEx_PWMN_Start), (402 bytes).
    Removing stm32f4xx_hal_tim_ex.o(.ARM.exidx.text.HAL_TIMEx_PWMN_Start), (8 bytes).
    Removing stm32f4xx_hal_tim_ex.o(.text.HAL_TIMEx_PWMN_Stop), (208 bytes).
    Removing stm32f4xx_hal_tim_ex.o(.ARM.exidx.text.HAL_TIMEx_PWMN_Stop), (8 bytes).
    Removing stm32f4xx_hal_tim_ex.o(.text.HAL_TIMEx_PWMN_Start_IT), (508 bytes).
    Removing stm32f4xx_hal_tim_ex.o(.ARM.exidx.text.HAL_TIMEx_PWMN_Start_IT), (8 bytes).
    Removing stm32f4xx_hal_tim_ex.o(.text.HAL_TIMEx_PWMN_Stop_IT), (338 bytes).
    Removing stm32f4xx_hal_tim_ex.o(.ARM.exidx.text.HAL_TIMEx_PWMN_Stop_IT), (8 bytes).
    Removing stm32f4xx_hal_tim_ex.o(.text.HAL_TIMEx_PWMN_Start_DMA), (836 bytes).
    Removing stm32f4xx_hal_tim_ex.o(.ARM.exidx.text.HAL_TIMEx_PWMN_Start_DMA), (8 bytes).
    Removing stm32f4xx_hal_tim_ex.o(.text.HAL_TIMEx_PWMN_Stop_DMA), (326 bytes).
    Removing stm32f4xx_hal_tim_ex.o(.ARM.exidx.text.HAL_TIMEx_PWMN_Stop_DMA), (8 bytes).
    Removing stm32f4xx_hal_tim_ex.o(.text.HAL_TIMEx_OnePulseN_Start), (186 bytes).
    Removing stm32f4xx_hal_tim_ex.o(.ARM.exidx.text.HAL_TIMEx_OnePulseN_Start), (8 bytes).
    Removing stm32f4xx_hal_tim_ex.o(.text.HAL_TIMEx_OnePulseN_Stop), (182 bytes).
    Removing stm32f4xx_hal_tim_ex.o(.ARM.exidx.text.HAL_TIMEx_OnePulseN_Stop), (8 bytes).
    Removing stm32f4xx_hal_tim_ex.o(.text.HAL_TIMEx_OnePulseN_Start_IT), (210 bytes).
    Removing stm32f4xx_hal_tim_ex.o(.ARM.exidx.text.HAL_TIMEx_OnePulseN_Start_IT), (8 bytes).
    Removing stm32f4xx_hal_tim_ex.o(.text.HAL_TIMEx_OnePulseN_Stop_IT), (206 bytes).
    Removing stm32f4xx_hal_tim_ex.o(.ARM.exidx.text.HAL_TIMEx_OnePulseN_Stop_IT), (8 bytes).
    Removing stm32f4xx_hal_tim_ex.o(.text.HAL_TIMEx_ConfigCommutEvent), (186 bytes).
    Removing stm32f4xx_hal_tim_ex.o(.ARM.exidx.text.HAL_TIMEx_ConfigCommutEvent), (8 bytes).
    Removing stm32f4xx_hal_tim_ex.o(.text.HAL_TIMEx_ConfigCommutEvent_IT), (186 bytes).
    Removing stm32f4xx_hal_tim_ex.o(.ARM.exidx.text.HAL_TIMEx_ConfigCommutEvent_IT), (8 bytes).
    Removing stm32f4xx_hal_tim_ex.o(.text.HAL_TIMEx_ConfigCommutEvent_DMA), (228 bytes).
    Removing stm32f4xx_hal_tim_ex.o(.ARM.exidx.text.HAL_TIMEx_ConfigCommutEvent_DMA), (8 bytes).
    Removing stm32f4xx_hal_tim_ex.o(.text.TIMEx_DMACommutationCplt), (30 bytes).
    Removing stm32f4xx_hal_tim_ex.o(.ARM.exidx.text.TIMEx_DMACommutationCplt), (8 bytes).
    Removing stm32f4xx_hal_tim_ex.o(.text.TIMEx_DMACommutationHalfCplt), (30 bytes).
    Removing stm32f4xx_hal_tim_ex.o(.ARM.exidx.text.TIMEx_DMACommutationHalfCplt), (8 bytes).
    Removing stm32f4xx_hal_tim_ex.o(.ARM.exidx.text.HAL_TIMEx_MasterConfigSynchronization), (8 bytes).
    Removing stm32f4xx_hal_tim_ex.o(.text.HAL_TIMEx_ConfigBreakDeadTime), (178 bytes).
    Removing stm32f4xx_hal_tim_ex.o(.ARM.exidx.text.HAL_TIMEx_ConfigBreakDeadTime), (8 bytes).
    Removing stm32f4xx_hal_tim_ex.o(.text.HAL_TIMEx_RemapConfig), (76 bytes).
    Removing stm32f4xx_hal_tim_ex.o(.ARM.exidx.text.HAL_TIMEx_RemapConfig), (8 bytes).
    Removing stm32f4xx_hal_tim_ex.o(.ARM.exidx.text.HAL_TIMEx_CommutCallback), (8 bytes).
    Removing stm32f4xx_hal_tim_ex.o(.text.HAL_TIMEx_CommutHalfCpltCallback), (8 bytes).
    Removing stm32f4xx_hal_tim_ex.o(.ARM.exidx.text.HAL_TIMEx_CommutHalfCpltCallback), (8 bytes).
    Removing stm32f4xx_hal_tim_ex.o(.ARM.exidx.text.HAL_TIMEx_BreakCallback), (8 bytes).
    Removing stm32f4xx_hal_tim_ex.o(.text.HAL_TIMEx_HallSensor_GetState), (14 bytes).
    Removing stm32f4xx_hal_tim_ex.o(.ARM.exidx.text.HAL_TIMEx_HallSensor_GetState), (8 bytes).
    Removing stm32f4xx_hal_tim_ex.o(.text.HAL_TIMEx_GetChannelNState), (94 bytes).
    Removing stm32f4xx_hal_tim_ex.o(.ARM.exidx.text.HAL_TIMEx_GetChannelNState), (8 bytes).
    Removing stm32f4xx_hal_can.o(.text), (0 bytes).
    Removing stm32f4xx_hal_can.o(.ARM.exidx.text.HAL_CAN_Init), (8 bytes).
    Removing stm32f4xx_hal_can.o(.text.HAL_CAN_MspInit), (8 bytes).
    Removing stm32f4xx_hal_can.o(.ARM.exidx.text.HAL_CAN_MspInit), (8 bytes).
    Removing stm32f4xx_hal_can.o(.text.HAL_CAN_DeInit), (70 bytes).
    Removing stm32f4xx_hal_can.o(.ARM.exidx.text.HAL_CAN_DeInit), (8 bytes).
    Removing stm32f4xx_hal_can.o(.text.HAL_CAN_Stop), (146 bytes).
    Removing stm32f4xx_hal_can.o(.ARM.exidx.text.HAL_CAN_Stop), (8 bytes).
    Removing stm32f4xx_hal_can.o(.text.HAL_CAN_MspDeInit), (8 bytes).
    Removing stm32f4xx_hal_can.o(.ARM.exidx.text.HAL_CAN_MspDeInit), (8 bytes).
    Removing stm32f4xx_hal_can.o(.ARM.exidx.text.HAL_CAN_ConfigFilter), (8 bytes).
    Removing stm32f4xx_hal_can.o(.ARM.exidx.text.HAL_CAN_Start), (8 bytes).
    Removing stm32f4xx_hal_can.o(.text.HAL_CAN_RequestSleep), (80 bytes).
    Removing stm32f4xx_hal_can.o(.ARM.exidx.text.HAL_CAN_RequestSleep), (8 bytes).
    Removing stm32f4xx_hal_can.o(.text.HAL_CAN_WakeUp), (142 bytes).
    Removing stm32f4xx_hal_can.o(.ARM.exidx.text.HAL_CAN_WakeUp), (8 bytes).
    Removing stm32f4xx_hal_can.o(.text.HAL_CAN_IsSleepActive), (66 bytes).
    Removing stm32f4xx_hal_can.o(.ARM.exidx.text.HAL_CAN_IsSleepActive), (8 bytes).
    Removing stm32f4xx_hal_can.o(.ARM.exidx.text.HAL_CAN_AddTxMessage), (8 bytes).
    Removing stm32f4xx_hal_can.o(.text.HAL_CAN_AbortTxRequest), (146 bytes).
    Removing stm32f4xx_hal_can.o(.ARM.exidx.text.HAL_CAN_AbortTxRequest), (8 bytes).
    Removing stm32f4xx_hal_can.o(.text.HAL_CAN_GetTxMailboxesFreeLevel), (112 bytes).
    Removing stm32f4xx_hal_can.o(.ARM.exidx.text.HAL_CAN_GetTxMailboxesFreeLevel), (8 bytes).
    Removing stm32f4xx_hal_can.o(.text.HAL_CAN_IsTxMessagePending), (74 bytes).
    Removing stm32f4xx_hal_can.o(.ARM.exidx.text.HAL_CAN_IsTxMessagePending), (8 bytes).
    Removing stm32f4xx_hal_can.o(.text.HAL_CAN_GetTxTimestamp), (106 bytes).
    Removing stm32f4xx_hal_can.o(.ARM.exidx.text.HAL_CAN_GetTxTimestamp), (8 bytes).
    Removing stm32f4xx_hal_can.o(.ARM.exidx.text.HAL_CAN_GetRxMessage), (8 bytes).
    Removing stm32f4xx_hal_can.o(.text.HAL_CAN_GetRxFifoFillLevel), (82 bytes).
    Removing stm32f4xx_hal_can.o(.ARM.exidx.text.HAL_CAN_GetRxFifoFillLevel), (8 bytes).
    Removing stm32f4xx_hal_can.o(.ARM.exidx.text.HAL_CAN_ActivateNotification), (8 bytes).
    Removing stm32f4xx_hal_can.o(.text.HAL_CAN_DeactivateNotification), (82 bytes).
    Removing stm32f4xx_hal_can.o(.ARM.exidx.text.HAL_CAN_DeactivateNotification), (8 bytes).
    Removing stm32f4xx_hal_can.o(.ARM.exidx.text.HAL_CAN_IRQHandler), (8 bytes).
    Removing stm32f4xx_hal_can.o(.ARM.exidx.text.HAL_CAN_TxMailbox0CompleteCallback), (8 bytes).
    Removing stm32f4xx_hal_can.o(.ARM.exidx.text.HAL_CAN_TxMailbox0AbortCallback), (8 bytes).
    Removing stm32f4xx_hal_can.o(.ARM.exidx.text.HAL_CAN_TxMailbox1CompleteCallback), (8 bytes).
    Removing stm32f4xx_hal_can.o(.ARM.exidx.text.HAL_CAN_TxMailbox1AbortCallback), (8 bytes).
    Removing stm32f4xx_hal_can.o(.ARM.exidx.text.HAL_CAN_TxMailbox2CompleteCallback), (8 bytes).
    Removing stm32f4xx_hal_can.o(.ARM.exidx.text.HAL_CAN_TxMailbox2AbortCallback), (8 bytes).
    Removing stm32f4xx_hal_can.o(.ARM.exidx.text.HAL_CAN_RxFifo0FullCallback), (8 bytes).
    Removing stm32f4xx_hal_can.o(.text.HAL_CAN_RxFifo0MsgPendingCallback), (8 bytes).
    Removing stm32f4xx_hal_can.o(.ARM.exidx.text.HAL_CAN_RxFifo0MsgPendingCallback), (8 bytes).
    Removing stm32f4xx_hal_can.o(.ARM.exidx.text.HAL_CAN_RxFifo1FullCallback), (8 bytes).
    Removing stm32f4xx_hal_can.o(.text.HAL_CAN_RxFifo1MsgPendingCallback), (8 bytes).
    Removing stm32f4xx_hal_can.o(.ARM.exidx.text.HAL_CAN_RxFifo1MsgPendingCallback), (8 bytes).
    Removing stm32f4xx_hal_can.o(.ARM.exidx.text.HAL_CAN_SleepCallback), (8 bytes).
    Removing stm32f4xx_hal_can.o(.ARM.exidx.text.HAL_CAN_WakeUpFromRxMsgCallback), (8 bytes).
    Removing stm32f4xx_hal_can.o(.ARM.exidx.text.HAL_CAN_ErrorCallback), (8 bytes).
    Removing stm32f4xx_hal_can.o(.text.HAL_CAN_GetState), (92 bytes).
    Removing stm32f4xx_hal_can.o(.ARM.exidx.text.HAL_CAN_GetState), (8 bytes).
    Removing stm32f4xx_hal_can.o(.text.HAL_CAN_GetError), (12 bytes).
    Removing stm32f4xx_hal_can.o(.ARM.exidx.text.HAL_CAN_GetError), (8 bytes).
    Removing stm32f4xx_hal_can.o(.text.HAL_CAN_ResetError), (74 bytes).
    Removing stm32f4xx_hal_can.o(.ARM.exidx.text.HAL_CAN_ResetError), (8 bytes).
    Removing stm32f4xx_hal_rcc.o(.text), (0 bytes).
    Removing stm32f4xx_hal_rcc.o(.text.HAL_RCC_DeInit), (4 bytes).
    Removing stm32f4xx_hal_rcc.o(.ARM.exidx.text.HAL_RCC_DeInit), (8 bytes).
    Removing stm32f4xx_hal_rcc.o(.ARM.exidx.text.HAL_RCC_OscConfig), (8 bytes).
    Removing stm32f4xx_hal_rcc.o(.ARM.exidx.text.HAL_RCC_ClockConfig), (8 bytes).
    Removing stm32f4xx_hal_rcc.o(.ARM.exidx.text.HAL_RCC_GetSysClockFreq), (8 bytes).
    Removing stm32f4xx_hal_rcc.o(.text.HAL_RCC_MCOConfig), (208 bytes).
    Removing stm32f4xx_hal_rcc.o(.ARM.exidx.text.HAL_RCC_MCOConfig), (8 bytes).
    Removing stm32f4xx_hal_rcc.o(.text.HAL_RCC_EnableCSS), (12 bytes).
    Removing stm32f4xx_hal_rcc.o(.ARM.exidx.text.HAL_RCC_EnableCSS), (8 bytes).
    Removing stm32f4xx_hal_rcc.o(.text.HAL_RCC_DisableCSS), (12 bytes).
    Removing stm32f4xx_hal_rcc.o(.ARM.exidx.text.HAL_RCC_DisableCSS), (8 bytes).
    Removing stm32f4xx_hal_rcc.o(.ARM.exidx.text.HAL_RCC_GetHCLKFreq), (8 bytes).
    Removing stm32f4xx_hal_rcc.o(.ARM.exidx.text.HAL_RCC_GetPCLK1Freq), (8 bytes).
    Removing stm32f4xx_hal_rcc.o(.ARM.exidx.text.HAL_RCC_GetPCLK2Freq), (8 bytes).
    Removing stm32f4xx_hal_rcc.o(.text.HAL_RCC_GetOscConfig), (324 bytes).
    Removing stm32f4xx_hal_rcc.o(.ARM.exidx.text.HAL_RCC_GetOscConfig), (8 bytes).
    Removing stm32f4xx_hal_rcc.o(.ARM.exidx.text.HAL_RCC_GetClockConfig), (8 bytes).
    Removing stm32f4xx_hal_rcc.o(.text.HAL_RCC_NMI_IRQHandler), (40 bytes).
    Removing stm32f4xx_hal_rcc.o(.ARM.exidx.text.HAL_RCC_NMI_IRQHandler), (8 bytes).
    Removing stm32f4xx_hal_rcc.o(.text.HAL_RCC_CSSCallback), (2 bytes).
    Removing stm32f4xx_hal_rcc.o(.ARM.exidx.text.HAL_RCC_CSSCallback), (8 bytes).
    Removing stm32f4xx_hal_rcc_ex.o(.text), (0 bytes).
    Removing stm32f4xx_hal_rcc_ex.o(.text.HAL_RCCEx_PeriphCLKConfig), (564 bytes).
    Removing stm32f4xx_hal_rcc_ex.o(.ARM.exidx.text.HAL_RCCEx_PeriphCLKConfig), (8 bytes).
    Removing stm32f4xx_hal_rcc_ex.o(.text.HAL_RCCEx_GetPeriphCLKConfig), (80 bytes).
    Removing stm32f4xx_hal_rcc_ex.o(.ARM.exidx.text.HAL_RCCEx_GetPeriphCLKConfig), (8 bytes).
    Removing stm32f4xx_hal_rcc_ex.o(.text.HAL_RCCEx_GetPeriphCLKFreq), (198 bytes).
    Removing stm32f4xx_hal_rcc_ex.o(.ARM.exidx.text.HAL_RCCEx_GetPeriphCLKFreq), (8 bytes).
    Removing stm32f4xx_hal_rcc_ex.o(.text.HAL_RCCEx_EnablePLLI2S), (176 bytes).
    Removing stm32f4xx_hal_rcc_ex.o(.ARM.exidx.text.HAL_RCCEx_EnablePLLI2S), (8 bytes).
    Removing stm32f4xx_hal_rcc_ex.o(.text.HAL_RCCEx_DisablePLLI2S), (80 bytes).
    Removing stm32f4xx_hal_rcc_ex.o(.ARM.exidx.text.HAL_RCCEx_DisablePLLI2S), (8 bytes).
    Removing stm32f4xx_hal_rcc_ex.o(.text.HAL_RCC_DeInit), (512 bytes).
    Removing stm32f4xx_hal_rcc_ex.o(.ARM.exidx.text.HAL_RCC_DeInit), (8 bytes).
    Removing stm32f4xx_hal_flash.o(.text), (0 bytes).
    Removing stm32f4xx_hal_flash.o(.text.HAL_FLASH_Program), (210 bytes).
    Removing stm32f4xx_hal_flash.o(.ARM.exidx.text.HAL_FLASH_Program), (8 bytes).
    Removing stm32f4xx_hal_flash.o(.text.FLASH_WaitForLastOperation), (164 bytes).
    Removing stm32f4xx_hal_flash.o(.ARM.exidx.text.FLASH_WaitForLastOperation), (8 bytes).
    Removing stm32f4xx_hal_flash.o(.text.FLASH_Program_Byte), (48 bytes).
    Removing stm32f4xx_hal_flash.o(.ARM.exidx.text.FLASH_Program_Byte), (8 bytes).
    Removing stm32f4xx_hal_flash.o(.text.FLASH_Program_HalfWord), (52 bytes).
    Removing stm32f4xx_hal_flash.o(.ARM.exidx.text.FLASH_Program_HalfWord), (8 bytes).
    Removing stm32f4xx_hal_flash.o(.text.FLASH_Program_Word), (48 bytes).
    Removing stm32f4xx_hal_flash.o(.ARM.exidx.text.FLASH_Program_Word), (8 bytes).
    Removing stm32f4xx_hal_flash.o(.text.FLASH_Program_DoubleWord), (60 bytes).
    Removing stm32f4xx_hal_flash.o(.ARM.exidx.text.FLASH_Program_DoubleWord), (8 bytes).
    Removing stm32f4xx_hal_flash.o(.text.HAL_FLASH_Program_IT), (138 bytes).
    Removing stm32f4xx_hal_flash.o(.ARM.exidx.text.HAL_FLASH_Program_IT), (8 bytes).
    Removing stm32f4xx_hal_flash.o(.text.HAL_FLASH_IRQHandler), (394 bytes).
    Removing stm32f4xx_hal_flash.o(.ARM.exidx.text.HAL_FLASH_IRQHandler), (8 bytes).
    Removing stm32f4xx_hal_flash.o(.text.FLASH_SetErrorCode), (242 bytes).
    Removing stm32f4xx_hal_flash.o(.ARM.exidx.text.FLASH_SetErrorCode), (8 bytes).
    Removing stm32f4xx_hal_flash.o(.text.HAL_FLASH_OperationErrorCallback), (8 bytes).
    Removing stm32f4xx_hal_flash.o(.ARM.exidx.text.HAL_FLASH_OperationErrorCallback), (8 bytes).
    Removing stm32f4xx_hal_flash.o(.text.HAL_FLASH_EndOfOperationCallback), (8 bytes).
    Removing stm32f4xx_hal_flash.o(.ARM.exidx.text.HAL_FLASH_EndOfOperationCallback), (8 bytes).
    Removing stm32f4xx_hal_flash.o(.text.HAL_FLASH_Unlock), (86 bytes).
    Removing stm32f4xx_hal_flash.o(.ARM.exidx.text.HAL_FLASH_Unlock), (8 bytes).
    Removing stm32f4xx_hal_flash.o(.text.HAL_FLASH_Lock), (20 bytes).
    Removing stm32f4xx_hal_flash.o(.ARM.exidx.text.HAL_FLASH_Lock), (8 bytes).
    Removing stm32f4xx_hal_flash.o(.text.HAL_FLASH_OB_Unlock), (72 bytes).
    Removing stm32f4xx_hal_flash.o(.ARM.exidx.text.HAL_FLASH_OB_Unlock), (8 bytes).
    Removing stm32f4xx_hal_flash.o(.text.HAL_FLASH_OB_Lock), (20 bytes).
    Removing stm32f4xx_hal_flash.o(.ARM.exidx.text.HAL_FLASH_OB_Lock), (8 bytes).
    Removing stm32f4xx_hal_flash.o(.text.HAL_FLASH_OB_Launch), (28 bytes).
    Removing stm32f4xx_hal_flash.o(.ARM.exidx.text.HAL_FLASH_OB_Launch), (8 bytes).
    Removing stm32f4xx_hal_flash.o(.text.HAL_FLASH_GetError), (12 bytes).
    Removing stm32f4xx_hal_flash.o(.ARM.exidx.text.HAL_FLASH_GetError), (8 bytes).
    Removing stm32f4xx_hal_flash.o(.data.pFlash), (32 bytes).
    Removing stm32f4xx_hal_flash_ex.o(.text), (0 bytes).
    Removing stm32f4xx_hal_flash_ex.o(.text.HAL_FLASHEx_Erase), (264 bytes).
    Removing stm32f4xx_hal_flash_ex.o(.ARM.exidx.text.HAL_FLASHEx_Erase), (8 bytes).
    Removing stm32f4xx_hal_flash_ex.o(.text.FLASH_MassErase), (52 bytes).
    Removing stm32f4xx_hal_flash_ex.o(.ARM.exidx.text.FLASH_MassErase), (8 bytes).
    Removing stm32f4xx_hal_flash_ex.o(.text.FLASH_Erase_Sector), (132 bytes).
    Removing stm32f4xx_hal_flash_ex.o(.ARM.exidx.text.FLASH_Erase_Sector), (8 bytes).
    Removing stm32f4xx_hal_flash_ex.o(.text.FLASH_FlushCaches), (162 bytes).
    Removing stm32f4xx_hal_flash_ex.o(.ARM.exidx.text.FLASH_FlushCaches), (8 bytes).
    Removing stm32f4xx_hal_flash_ex.o(.text.HAL_FLASHEx_Erase_IT), (138 bytes).
    Removing stm32f4xx_hal_flash_ex.o(.ARM.exidx.text.HAL_FLASHEx_Erase_IT), (8 bytes).
    Removing stm32f4xx_hal_flash_ex.o(.text.HAL_FLASHEx_OBProgram), (232 bytes).
    Removing stm32f4xx_hal_flash_ex.o(.ARM.exidx.text.HAL_FLASHEx_OBProgram), (8 bytes).
    Removing stm32f4xx_hal_flash_ex.o(.text.FLASH_OB_EnableWRP), (60 bytes).
    Removing stm32f4xx_hal_flash_ex.o(.ARM.exidx.text.FLASH_OB_EnableWRP), (8 bytes).
    Removing stm32f4xx_hal_flash_ex.o(.text.FLASH_OB_DisableWRP), (60 bytes).
    Removing stm32f4xx_hal_flash_ex.o(.ARM.exidx.text.FLASH_OB_DisableWRP), (8 bytes).
    Removing stm32f4xx_hal_flash_ex.o(.text.FLASH_OB_RDP_LevelConfig), (58 bytes).
    Removing stm32f4xx_hal_flash_ex.o(.ARM.exidx.text.FLASH_OB_RDP_LevelConfig), (8 bytes).
    Removing stm32f4xx_hal_flash_ex.o(.text.FLASH_OB_UserConfig), (96 bytes).
    Removing stm32f4xx_hal_flash_ex.o(.ARM.exidx.text.FLASH_OB_UserConfig), (8 bytes).
    Removing stm32f4xx_hal_flash_ex.o(.text.FLASH_OB_BOR_LevelConfig), (38 bytes).
    Removing stm32f4xx_hal_flash_ex.o(.ARM.exidx.text.FLASH_OB_BOR_LevelConfig), (8 bytes).
    Removing stm32f4xx_hal_flash_ex.o(.text.HAL_FLASHEx_OBGetConfig), (48 bytes).
    Removing stm32f4xx_hal_flash_ex.o(.ARM.exidx.text.HAL_FLASHEx_OBGetConfig), (8 bytes).
    Removing stm32f4xx_hal_flash_ex.o(.text.FLASH_OB_GetWRP), (12 bytes).
    Removing stm32f4xx_hal_flash_ex.o(.ARM.exidx.text.FLASH_OB_GetWRP), (8 bytes).
    Removing stm32f4xx_hal_flash_ex.o(.text.FLASH_OB_GetRDP), (74 bytes).
    Removing stm32f4xx_hal_flash_ex.o(.ARM.exidx.text.FLASH_OB_GetRDP), (8 bytes).
    Removing stm32f4xx_hal_flash_ex.o(.text.FLASH_OB_GetUser), (16 bytes).
    Removing stm32f4xx_hal_flash_ex.o(.ARM.exidx.text.FLASH_OB_GetUser), (8 bytes).
    Removing stm32f4xx_hal_flash_ex.o(.text.FLASH_OB_GetBOR), (16 bytes).
    Removing stm32f4xx_hal_flash_ex.o(.ARM.exidx.text.FLASH_OB_GetBOR), (8 bytes).
    Removing stm32f4xx_hal_flash_ramfunc.o(.text), (0 bytes).
    Removing stm32f4xx_hal_gpio.o(.text), (0 bytes).
    Removing stm32f4xx_hal_gpio.o(.ARM.exidx.text.HAL_GPIO_Init), (8 bytes).
    Removing stm32f4xx_hal_gpio.o(.text.HAL_GPIO_DeInit), (548 bytes).
    Removing stm32f4xx_hal_gpio.o(.ARM.exidx.text.HAL_GPIO_DeInit), (8 bytes).
    Removing stm32f4xx_hal_gpio.o(.text.HAL_GPIO_ReadPin), (46 bytes).
    Removing stm32f4xx_hal_gpio.o(.ARM.exidx.text.HAL_GPIO_ReadPin), (8 bytes).
    Removing stm32f4xx_hal_gpio.o(.ARM.exidx.text.HAL_GPIO_WritePin), (8 bytes).
    Removing stm32f4xx_hal_gpio.o(.text.HAL_GPIO_TogglePin), (38 bytes).
    Removing stm32f4xx_hal_gpio.o(.ARM.exidx.text.HAL_GPIO_TogglePin), (8 bytes).
    Removing stm32f4xx_hal_gpio.o(.text.HAL_GPIO_LockPin), (86 bytes).
    Removing stm32f4xx_hal_gpio.o(.ARM.exidx.text.HAL_GPIO_LockPin), (8 bytes).
    Removing stm32f4xx_hal_gpio.o(.text.HAL_GPIO_EXTI_IRQHandler), (56 bytes).
    Removing stm32f4xx_hal_gpio.o(.ARM.exidx.text.HAL_GPIO_EXTI_IRQHandler), (8 bytes).
    Removing stm32f4xx_hal_gpio.o(.text.HAL_GPIO_EXTI_Callback), (10 bytes).
    Removing stm32f4xx_hal_gpio.o(.ARM.exidx.text.HAL_GPIO_EXTI_Callback), (8 bytes).
    Removing stm32f4xx_hal_dma_ex.o(.text), (0 bytes).
    Removing stm32f4xx_hal_dma_ex.o(.text.HAL_DMAEx_MultiBufferStart), (176 bytes).
    Removing stm32f4xx_hal_dma_ex.o(.ARM.exidx.text.HAL_DMAEx_MultiBufferStart), (8 bytes).
    Removing stm32f4xx_hal_dma_ex.o(.text.DMA_MultiBufferSetConfig), (68 bytes).
    Removing stm32f4xx_hal_dma_ex.o(.ARM.exidx.text.DMA_MultiBufferSetConfig), (8 bytes).
    Removing stm32f4xx_hal_dma_ex.o(.text.HAL_DMAEx_MultiBufferStart_IT), (8244 bytes).
    Removing stm32f4xx_hal_dma_ex.o(.ARM.exidx.text.HAL_DMAEx_MultiBufferStart_IT), (8 bytes).
    Removing stm32f4xx_hal_dma_ex.o(.text.HAL_DMAEx_ChangeMemory), (44 bytes).
    Removing stm32f4xx_hal_dma_ex.o(.ARM.exidx.text.HAL_DMAEx_ChangeMemory), (8 bytes).
    Removing stm32f4xx_hal_dma.o(.text), (0 bytes).
    Removing stm32f4xx_hal_dma.o(.ARM.exidx.text.HAL_DMA_Init), (8 bytes).
    Removing stm32f4xx_hal_dma.o(.ARM.exidx.text.DMA_CheckFifoParam), (8 bytes).
    Removing stm32f4xx_hal_dma.o(.ARM.exidx.text.DMA_CalcBaseAndBitshift), (8 bytes).
    Removing stm32f4xx_hal_dma.o(.text.HAL_DMA_DeInit), (180 bytes).
    Removing stm32f4xx_hal_dma.o(.ARM.exidx.text.HAL_DMA_DeInit), (8 bytes).
    Removing stm32f4xx_hal_dma.o(.text.HAL_DMA_Start), (142 bytes).
    Removing stm32f4xx_hal_dma.o(.ARM.exidx.text.HAL_DMA_Start), (8 bytes).
    Removing stm32f4xx_hal_dma.o(.ARM.exidx.text.DMA_SetConfig), (8 bytes).
    Removing stm32f4xx_hal_dma.o(.ARM.exidx.text.HAL_DMA_Start_IT), (8 bytes).
    Removing stm32f4xx_hal_dma.o(.ARM.exidx.text.HAL_DMA_Abort), (8 bytes).
    Removing stm32f4xx_hal_dma.o(.ARM.exidx.text.HAL_DMA_Abort_IT), (8 bytes).
    Removing stm32f4xx_hal_dma.o(.text.HAL_DMA_PollForTransfer), (506 bytes).
    Removing stm32f4xx_hal_dma.o(.ARM.exidx.text.HAL_DMA_PollForTransfer), (8 bytes).
    Removing stm32f4xx_hal_dma.o(.ARM.exidx.text.HAL_DMA_IRQHandler), (8 bytes).
    Removing stm32f4xx_hal_dma.o(.text.HAL_DMA_RegisterCallback), (182 bytes).
    Removing stm32f4xx_hal_dma.o(.ARM.exidx.text.HAL_DMA_RegisterCallback), (8 bytes).
    Removing stm32f4xx_hal_dma.o(.text.HAL_DMA_UnRegisterCallback), (210 bytes).
    Removing stm32f4xx_hal_dma.o(.ARM.exidx.text.HAL_DMA_UnRegisterCallback), (8 bytes).
    Removing stm32f4xx_hal_dma.o(.text.HAL_DMA_GetState), (14 bytes).
    Removing stm32f4xx_hal_dma.o(.ARM.exidx.text.HAL_DMA_GetState), (8 bytes).
    Removing stm32f4xx_hal_dma.o(.text.HAL_DMA_GetError), (12 bytes).
    Removing stm32f4xx_hal_dma.o(.ARM.exidx.text.HAL_DMA_GetError), (8 bytes).
    Removing stm32f4xx_hal_pwr.o(.text), (0 bytes).
    Removing stm32f4xx_hal_pwr.o(.text.HAL_PWR_DeInit), (26 bytes).
    Removing stm32f4xx_hal_pwr.o(.ARM.exidx.text.HAL_PWR_DeInit), (8 bytes).
    Removing stm32f4xx_hal_pwr.o(.text.HAL_PWR_EnableBkUpAccess), (30 bytes).
    Removing stm32f4xx_hal_pwr.o(.ARM.exidx.text.HAL_PWR_EnableBkUpAccess), (8 bytes).
    Removing stm32f4xx_hal_pwr.o(.text.HAL_PWR_DisableBkUpAccess), (30 bytes).
    Removing stm32f4xx_hal_pwr.o(.ARM.exidx.text.HAL_PWR_DisableBkUpAccess), (8 bytes).
    Removing stm32f4xx_hal_pwr.o(.text.HAL_PWR_ConfigPVD), (210 bytes).
    Removing stm32f4xx_hal_pwr.o(.ARM.exidx.text.HAL_PWR_ConfigPVD), (8 bytes).
    Removing stm32f4xx_hal_pwr.o(.text.HAL_PWR_EnablePVD), (12 bytes).
    Removing stm32f4xx_hal_pwr.o(.ARM.exidx.text.HAL_PWR_EnablePVD), (8 bytes).
    Removing stm32f4xx_hal_pwr.o(.text.HAL_PWR_DisablePVD), (12 bytes).
    Removing stm32f4xx_hal_pwr.o(.ARM.exidx.text.HAL_PWR_DisablePVD), (8 bytes).
    Removing stm32f4xx_hal_pwr.o(.text.HAL_PWR_EnableWakeUpPin), (24 bytes).
    Removing stm32f4xx_hal_pwr.o(.ARM.exidx.text.HAL_PWR_EnableWakeUpPin), (8 bytes).
    Removing stm32f4xx_hal_pwr.o(.text.HAL_PWR_DisableWakeUpPin), (24 bytes).
    Removing stm32f4xx_hal_pwr.o(.ARM.exidx.text.HAL_PWR_DisableWakeUpPin), (8 bytes).
    Removing stm32f4xx_hal_pwr.o(.text.HAL_PWR_EnterSLEEPMode), (62 bytes).
    Removing stm32f4xx_hal_pwr.o(.ARM.exidx.text.HAL_PWR_EnterSLEEPMode), (8 bytes).
    Removing stm32f4xx_hal_pwr.o(.text.HAL_PWR_EnterSTOPMode), (98 bytes).
    Removing stm32f4xx_hal_pwr.o(.ARM.exidx.text.HAL_PWR_EnterSTOPMode), (8 bytes).
    Removing stm32f4xx_hal_pwr.o(.text.HAL_PWR_EnterSTANDBYMode), (36 bytes).
    Removing stm32f4xx_hal_pwr.o(.ARM.exidx.text.HAL_PWR_EnterSTANDBYMode), (8 bytes).
    Removing stm32f4xx_hal_pwr.o(.text.HAL_PWR_PVD_IRQHandler), (42 bytes).
    Removing stm32f4xx_hal_pwr.o(.ARM.exidx.text.HAL_PWR_PVD_IRQHandler), (8 bytes).
    Removing stm32f4xx_hal_pwr.o(.text.HAL_PWR_PVDCallback), (2 bytes).
    Removing stm32f4xx_hal_pwr.o(.ARM.exidx.text.HAL_PWR_PVDCallback), (8 bytes).
    Removing stm32f4xx_hal_pwr.o(.text.HAL_PWR_EnableSleepOnExit), (18 bytes).
    Removing stm32f4xx_hal_pwr.o(.ARM.exidx.text.HAL_PWR_EnableSleepOnExit), (8 bytes).
    Removing stm32f4xx_hal_pwr.o(.text.HAL_PWR_DisableSleepOnExit), (18 bytes).
    Removing stm32f4xx_hal_pwr.o(.ARM.exidx.text.HAL_PWR_DisableSleepOnExit), (8 bytes).
    Removing stm32f4xx_hal_pwr.o(.text.HAL_PWR_EnableSEVOnPend), (18 bytes).
    Removing stm32f4xx_hal_pwr.o(.ARM.exidx.text.HAL_PWR_EnableSEVOnPend), (8 bytes).
    Removing stm32f4xx_hal_pwr.o(.text.HAL_PWR_DisableSEVOnPend), (18 bytes).
    Removing stm32f4xx_hal_pwr.o(.ARM.exidx.text.HAL_PWR_DisableSEVOnPend), (8 bytes).
    Removing stm32f4xx_hal_pwr_ex.o(.text), (0 bytes).
    Removing stm32f4xx_hal_pwr_ex.o(.text.HAL_PWREx_EnableBkUpReg), (92 bytes).
    Removing stm32f4xx_hal_pwr_ex.o(.ARM.exidx.text.HAL_PWREx_EnableBkUpReg), (8 bytes).
    Removing stm32f4xx_hal_pwr_ex.o(.text.HAL_PWREx_DisableBkUpReg), (90 bytes).
    Removing stm32f4xx_hal_pwr_ex.o(.ARM.exidx.text.HAL_PWREx_DisableBkUpReg), (8 bytes).
    Removing stm32f4xx_hal_pwr_ex.o(.text.HAL_PWREx_EnableFlashPowerDown), (12 bytes).
    Removing stm32f4xx_hal_pwr_ex.o(.ARM.exidx.text.HAL_PWREx_EnableFlashPowerDown), (8 bytes).
    Removing stm32f4xx_hal_pwr_ex.o(.text.HAL_PWREx_DisableFlashPowerDown), (12 bytes).
    Removing stm32f4xx_hal_pwr_ex.o(.ARM.exidx.text.HAL_PWREx_DisableFlashPowerDown), (8 bytes).
    Removing stm32f4xx_hal_pwr_ex.o(.text.HAL_PWREx_GetVoltageRange), (16 bytes).
    Removing stm32f4xx_hal_pwr_ex.o(.ARM.exidx.text.HAL_PWREx_GetVoltageRange), (8 bytes).
    Removing stm32f4xx_hal_pwr_ex.o(.text.HAL_PWREx_ControlVoltageScaling), (156 bytes).
    Removing stm32f4xx_hal_pwr_ex.o(.ARM.exidx.text.HAL_PWREx_ControlVoltageScaling), (8 bytes).
    Removing stm32f4xx_hal_cortex.o(.text), (0 bytes).
    Removing stm32f4xx_hal_cortex.o(.ARM.exidx.text.HAL_NVIC_SetPriorityGrouping), (8 bytes).
    Removing stm32f4xx_hal_cortex.o(.ARM.exidx.text.__NVIC_SetPriorityGrouping), (8 bytes).
    Removing stm32f4xx_hal_cortex.o(.ARM.exidx.text.HAL_NVIC_SetPriority), (8 bytes).
    Removing stm32f4xx_hal_cortex.o(.ARM.exidx.text.__NVIC_GetPriorityGrouping), (8 bytes).
    Removing stm32f4xx_hal_cortex.o(.ARM.exidx.text.__NVIC_SetPriority), (8 bytes).
    Removing stm32f4xx_hal_cortex.o(.ARM.exidx.text.NVIC_EncodePriority), (8 bytes).
    Removing stm32f4xx_hal_cortex.o(.ARM.exidx.text.HAL_NVIC_EnableIRQ), (8 bytes).
    Removing stm32f4xx_hal_cortex.o(.ARM.exidx.text.__NVIC_EnableIRQ), (8 bytes).
    Removing stm32f4xx_hal_cortex.o(.text.HAL_NVIC_DisableIRQ), (20 bytes).
    Removing stm32f4xx_hal_cortex.o(.ARM.exidx.text.HAL_NVIC_DisableIRQ), (8 bytes).
    Removing stm32f4xx_hal_cortex.o(.text.__NVIC_DisableIRQ), (56 bytes).
    Removing stm32f4xx_hal_cortex.o(.ARM.exidx.text.__NVIC_DisableIRQ), (8 bytes).
    Removing stm32f4xx_hal_cortex.o(.text.HAL_NVIC_SystemReset), (4 bytes).
    Removing stm32f4xx_hal_cortex.o(.ARM.exidx.text.HAL_NVIC_SystemReset), (8 bytes).
    Removing stm32f4xx_hal_cortex.o(.text.__NVIC_SystemReset), (38 bytes).
    Removing stm32f4xx_hal_cortex.o(.ARM.exidx.text.__NVIC_SystemReset), (8 bytes).
    Removing stm32f4xx_hal_cortex.o(.text.HAL_SYSTICK_Config), (16 bytes).
    Removing stm32f4xx_hal_cortex.o(.ARM.exidx.text.HAL_SYSTICK_Config), (8 bytes).
    Removing stm32f4xx_hal_cortex.o(.text.SysTick_Config), (82 bytes).
    Removing stm32f4xx_hal_cortex.o(.ARM.exidx.text.SysTick_Config), (8 bytes).
    Removing stm32f4xx_hal_cortex.o(.text.HAL_MPU_Disable), (34 bytes).
    Removing stm32f4xx_hal_cortex.o(.ARM.exidx.text.HAL_MPU_Disable), (8 bytes).
    Removing stm32f4xx_hal_cortex.o(.text.HAL_MPU_Enable), (48 bytes).
    Removing stm32f4xx_hal_cortex.o(.ARM.exidx.text.HAL_MPU_Enable), (8 bytes).
    Removing stm32f4xx_hal_cortex.o(.text.HAL_MPU_EnableRegion), (36 bytes).
    Removing stm32f4xx_hal_cortex.o(.ARM.exidx.text.HAL_MPU_EnableRegion), (8 bytes).
    Removing stm32f4xx_hal_cortex.o(.text.HAL_MPU_DisableRegion), (36 bytes).
    Removing stm32f4xx_hal_cortex.o(.ARM.exidx.text.HAL_MPU_DisableRegion), (8 bytes).
    Removing stm32f4xx_hal_cortex.o(.text.HAL_MPU_ConfigRegion), (128 bytes).
    Removing stm32f4xx_hal_cortex.o(.ARM.exidx.text.HAL_MPU_ConfigRegion), (8 bytes).
    Removing stm32f4xx_hal_cortex.o(.text.HAL_CORTEX_ClearEvent), (6 bytes).
    Removing stm32f4xx_hal_cortex.o(.ARM.exidx.text.HAL_CORTEX_ClearEvent), (8 bytes).
    Removing stm32f4xx_hal_cortex.o(.text.HAL_NVIC_GetPriorityGrouping), (8 bytes).
    Removing stm32f4xx_hal_cortex.o(.ARM.exidx.text.HAL_NVIC_GetPriorityGrouping), (8 bytes).
    Removing stm32f4xx_hal_cortex.o(.text.HAL_NVIC_GetPriority), (36 bytes).
    Removing stm32f4xx_hal_cortex.o(.ARM.exidx.text.HAL_NVIC_GetPriority), (8 bytes).
    Removing stm32f4xx_hal_cortex.o(.text.NVIC_DecodePriority), (118 bytes).
    Removing stm32f4xx_hal_cortex.o(.ARM.exidx.text.NVIC_DecodePriority), (8 bytes).
    Removing stm32f4xx_hal_cortex.o(.text.__NVIC_GetPriority), (66 bytes).
    Removing stm32f4xx_hal_cortex.o(.ARM.exidx.text.__NVIC_GetPriority), (8 bytes).
    Removing stm32f4xx_hal_cortex.o(.text.HAL_NVIC_SetPendingIRQ), (20 bytes).
    Removing stm32f4xx_hal_cortex.o(.ARM.exidx.text.HAL_NVIC_SetPendingIRQ), (8 bytes).
    Removing stm32f4xx_hal_cortex.o(.text.__NVIC_SetPendingIRQ), (48 bytes).
    Removing stm32f4xx_hal_cortex.o(.ARM.exidx.text.__NVIC_SetPendingIRQ), (8 bytes).
    Removing stm32f4xx_hal_cortex.o(.text.HAL_NVIC_GetPendingIRQ), (20 bytes).
    Removing stm32f4xx_hal_cortex.o(.ARM.exidx.text.HAL_NVIC_GetPendingIRQ), (8 bytes).
    Removing stm32f4xx_hal_cortex.o(.text.__NVIC_GetPendingIRQ), (64 bytes).
    Removing stm32f4xx_hal_cortex.o(.ARM.exidx.text.__NVIC_GetPendingIRQ), (8 bytes).
    Removing stm32f4xx_hal_cortex.o(.text.HAL_NVIC_ClearPendingIRQ), (20 bytes).
    Removing stm32f4xx_hal_cortex.o(.ARM.exidx.text.HAL_NVIC_ClearPendingIRQ), (8 bytes).
    Removing stm32f4xx_hal_cortex.o(.text.__NVIC_ClearPendingIRQ), (48 bytes).
    Removing stm32f4xx_hal_cortex.o(.ARM.exidx.text.__NVIC_ClearPendingIRQ), (8 bytes).
    Removing stm32f4xx_hal_cortex.o(.text.HAL_NVIC_GetActive), (20 bytes).
    Removing stm32f4xx_hal_cortex.o(.ARM.exidx.text.HAL_NVIC_GetActive), (8 bytes).
    Removing stm32f4xx_hal_cortex.o(.text.__NVIC_GetActive), (64 bytes).
    Removing stm32f4xx_hal_cortex.o(.ARM.exidx.text.__NVIC_GetActive), (8 bytes).
    Removing stm32f4xx_hal_cortex.o(.text.HAL_SYSTICK_CLKSourceConfig), (52 bytes).
    Removing stm32f4xx_hal_cortex.o(.ARM.exidx.text.HAL_SYSTICK_CLKSourceConfig), (8 bytes).
    Removing stm32f4xx_hal_cortex.o(.text.HAL_SYSTICK_IRQHandler), (8 bytes).
    Removing stm32f4xx_hal_cortex.o(.ARM.exidx.text.HAL_SYSTICK_IRQHandler), (8 bytes).
    Removing stm32f4xx_hal_cortex.o(.text.HAL_SYSTICK_Callback), (2 bytes).
    Removing stm32f4xx_hal_cortex.o(.ARM.exidx.text.HAL_SYSTICK_Callback), (8 bytes).
    Removing stm32f4xx_hal.o(.text), (0 bytes).
    Removing stm32f4xx_hal.o(.ARM.exidx.text.HAL_Init), (8 bytes).
    Removing stm32f4xx_hal.o(.text.HAL_InitTick), (112 bytes).
    Removing stm32f4xx_hal.o(.ARM.exidx.text.HAL_InitTick), (8 bytes).
    Removing stm32f4xx_hal.o(.text.HAL_MspInit), (2 bytes).
    Removing stm32f4xx_hal.o(.ARM.exidx.text.HAL_MspInit), (8 bytes).
    Removing stm32f4xx_hal.o(.text.HAL_DeInit), (106 bytes).
    Removing stm32f4xx_hal.o(.ARM.exidx.text.HAL_DeInit), (8 bytes).
    Removing stm32f4xx_hal.o(.text.HAL_MspDeInit), (2 bytes).
    Removing stm32f4xx_hal.o(.ARM.exidx.text.HAL_MspDeInit), (8 bytes).
    Removing stm32f4xx_hal.o(.ARM.exidx.text.HAL_IncTick), (8 bytes).
    Removing stm32f4xx_hal.o(.ARM.exidx.text.HAL_GetTick), (8 bytes).
    Removing stm32f4xx_hal.o(.text.HAL_GetTickPrio), (12 bytes).
    Removing stm32f4xx_hal.o(.ARM.exidx.text.HAL_GetTickPrio), (8 bytes).
    Removing stm32f4xx_hal.o(.text.HAL_SetTickFreq), (106 bytes).
    Removing stm32f4xx_hal.o(.ARM.exidx.text.HAL_SetTickFreq), (8 bytes).
    Removing stm32f4xx_hal.o(.text.HAL_GetTickFreq), (12 bytes).
    Removing stm32f4xx_hal.o(.ARM.exidx.text.HAL_GetTickFreq), (8 bytes).
    Removing stm32f4xx_hal.o(.ARM.exidx.text.HAL_Delay), (8 bytes).
    Removing stm32f4xx_hal.o(.text.HAL_SuspendTick), (18 bytes).
    Removing stm32f4xx_hal.o(.ARM.exidx.text.HAL_SuspendTick), (8 bytes).
    Removing stm32f4xx_hal.o(.text.HAL_ResumeTick), (18 bytes).
    Removing stm32f4xx_hal.o(.ARM.exidx.text.HAL_ResumeTick), (8 bytes).
    Removing stm32f4xx_hal.o(.text.HAL_GetHalVersion), (10 bytes).
    Removing stm32f4xx_hal.o(.ARM.exidx.text.HAL_GetHalVersion), (8 bytes).
    Removing stm32f4xx_hal.o(.text.HAL_GetREVID), (14 bytes).
    Removing stm32f4xx_hal.o(.ARM.exidx.text.HAL_GetREVID), (8 bytes).
    Removing stm32f4xx_hal.o(.text.HAL_GetDEVID), (16 bytes).
    Removing stm32f4xx_hal.o(.ARM.exidx.text.HAL_GetDEVID), (8 bytes).
    Removing stm32f4xx_hal.o(.text.HAL_DBGMCU_EnableDBGSleepMode), (18 bytes).
    Removing stm32f4xx_hal.o(.ARM.exidx.text.HAL_DBGMCU_EnableDBGSleepMode), (8 bytes).
    Removing stm32f4xx_hal.o(.text.HAL_DBGMCU_DisableDBGSleepMode), (18 bytes).
    Removing stm32f4xx_hal.o(.ARM.exidx.text.HAL_DBGMCU_DisableDBGSleepMode), (8 bytes).
    Removing stm32f4xx_hal.o(.text.HAL_DBGMCU_EnableDBGStopMode), (18 bytes).
    Removing stm32f4xx_hal.o(.ARM.exidx.text.HAL_DBGMCU_EnableDBGStopMode), (8 bytes).
    Removing stm32f4xx_hal.o(.text.HAL_DBGMCU_DisableDBGStopMode), (18 bytes).
    Removing stm32f4xx_hal.o(.ARM.exidx.text.HAL_DBGMCU_DisableDBGStopMode), (8 bytes).
    Removing stm32f4xx_hal.o(.text.HAL_DBGMCU_EnableDBGStandbyMode), (18 bytes).
    Removing stm32f4xx_hal.o(.ARM.exidx.text.HAL_DBGMCU_EnableDBGStandbyMode), (8 bytes).
    Removing stm32f4xx_hal.o(.text.HAL_DBGMCU_DisableDBGStandbyMode), (18 bytes).
    Removing stm32f4xx_hal.o(.ARM.exidx.text.HAL_DBGMCU_DisableDBGStandbyMode), (8 bytes).
    Removing stm32f4xx_hal.o(.text.HAL_EnableCompensationCell), (14 bytes).
    Removing stm32f4xx_hal.o(.ARM.exidx.text.HAL_EnableCompensationCell), (8 bytes).
    Removing stm32f4xx_hal.o(.text.HAL_DisableCompensationCell), (14 bytes).
    Removing stm32f4xx_hal.o(.ARM.exidx.text.HAL_DisableCompensationCell), (8 bytes).
    Removing stm32f4xx_hal.o(.text.HAL_GetUIDw0), (12 bytes).
    Removing stm32f4xx_hal.o(.ARM.exidx.text.HAL_GetUIDw0), (8 bytes).
    Removing stm32f4xx_hal.o(.text.HAL_GetUIDw1), (12 bytes).
    Removing stm32f4xx_hal.o(.ARM.exidx.text.HAL_GetUIDw1), (8 bytes).
    Removing stm32f4xx_hal.o(.text.HAL_GetUIDw2), (12 bytes).
    Removing stm32f4xx_hal.o(.ARM.exidx.text.HAL_GetUIDw2), (8 bytes).
    Removing stm32f4xx_hal_exti.o(.text), (0 bytes).
    Removing stm32f4xx_hal_exti.o(.text.HAL_EXTI_SetConfigLine), (358 bytes).
    Removing stm32f4xx_hal_exti.o(.ARM.exidx.text.HAL_EXTI_SetConfigLine), (8 bytes).
    Removing stm32f4xx_hal_exti.o(.text.HAL_EXTI_GetConfigLine), (268 bytes).
    Removing stm32f4xx_hal_exti.o(.ARM.exidx.text.HAL_EXTI_GetConfigLine), (8 bytes).
    Removing stm32f4xx_hal_exti.o(.text.HAL_EXTI_ClearConfigLine), (196 bytes).
    Removing stm32f4xx_hal_exti.o(.ARM.exidx.text.HAL_EXTI_ClearConfigLine), (8 bytes).
    Removing stm32f4xx_hal_exti.o(.text.HAL_EXTI_RegisterCallback), (48 bytes).
    Removing stm32f4xx_hal_exti.o(.ARM.exidx.text.HAL_EXTI_RegisterCallback), (8 bytes).
    Removing stm32f4xx_hal_exti.o(.text.HAL_EXTI_GetHandle), (42 bytes).
    Removing stm32f4xx_hal_exti.o(.ARM.exidx.text.HAL_EXTI_GetHandle), (8 bytes).
    Removing stm32f4xx_hal_exti.o(.text.HAL_EXTI_IRQHandler), (76 bytes).
    Removing stm32f4xx_hal_exti.o(.ARM.exidx.text.HAL_EXTI_IRQHandler), (8 bytes).
    Removing stm32f4xx_hal_exti.o(.text.HAL_EXTI_GetPending), (50 bytes).
    Removing stm32f4xx_hal_exti.o(.ARM.exidx.text.HAL_EXTI_GetPending), (8 bytes).
    Removing stm32f4xx_hal_exti.o(.text.HAL_EXTI_ClearPending), (36 bytes).
    Removing stm32f4xx_hal_exti.o(.ARM.exidx.text.HAL_EXTI_ClearPending), (8 bytes).
    Removing stm32f4xx_hal_exti.o(.text.HAL_EXTI_GenerateSWI), (34 bytes).
    Removing stm32f4xx_hal_exti.o(.ARM.exidx.text.HAL_EXTI_GenerateSWI), (8 bytes).
    Removing stm32f4xx_hal_uart.o(.text), (0 bytes).
    Removing stm32f4xx_hal_uart.o(.ARM.exidx.text.HAL_UART_Init), (8 bytes).
    Removing stm32f4xx_hal_uart.o(.text.HAL_UART_MspInit), (8 bytes).
    Removing stm32f4xx_hal_uart.o(.ARM.exidx.text.HAL_UART_MspInit), (8 bytes).
    Removing stm32f4xx_hal_uart.o(.ARM.exidx.text.UART_SetConfig), (8 bytes).
    Removing stm32f4xx_hal_uart.o(.text.HAL_HalfDuplex_Init), (158 bytes).
    Removing stm32f4xx_hal_uart.o(.ARM.exidx.text.HAL_HalfDuplex_Init), (8 bytes).
    Removing stm32f4xx_hal_uart.o(.text.HAL_LIN_Init), (184 bytes).
    Removing stm32f4xx_hal_uart.o(.ARM.exidx.text.HAL_LIN_Init), (8 bytes).
    Removing stm32f4xx_hal_uart.o(.text.HAL_MultiProcessor_Init), (202 bytes).
    Removing stm32f4xx_hal_uart.o(.ARM.exidx.text.HAL_MultiProcessor_Init), (8 bytes).
    Removing stm32f4xx_hal_uart.o(.text.HAL_UART_DeInit), (100 bytes).
    Removing stm32f4xx_hal_uart.o(.ARM.exidx.text.HAL_UART_DeInit), (8 bytes).
    Removing stm32f4xx_hal_uart.o(.text.HAL_UART_MspDeInit), (8 bytes).
    Removing stm32f4xx_hal_uart.o(.ARM.exidx.text.HAL_UART_MspDeInit), (8 bytes).
    Removing stm32f4xx_hal_uart.o(.text.HAL_UART_Transmit), (304 bytes).
    Removing stm32f4xx_hal_uart.o(.ARM.exidx.text.HAL_UART_Transmit), (8 bytes).
    Removing stm32f4xx_hal_uart.o(.text.UART_WaitOnFlagUntilTimeout), (218 bytes).
    Removing stm32f4xx_hal_uart.o(.ARM.exidx.text.UART_WaitOnFlagUntilTimeout), (8 bytes).
    Removing stm32f4xx_hal_uart.o(.text.HAL_UART_Receive), (318 bytes).
    Removing stm32f4xx_hal_uart.o(.ARM.exidx.text.HAL_UART_Receive), (8 bytes).
    Removing stm32f4xx_hal_uart.o(.text.HAL_UART_Transmit_IT), (114 bytes).
    Removing stm32f4xx_hal_uart.o(.ARM.exidx.text.HAL_UART_Transmit_IT), (8 bytes).
    Removing stm32f4xx_hal_uart.o(.text.HAL_UART_Receive_IT), (86 bytes).
    Removing stm32f4xx_hal_uart.o(.ARM.exidx.text.HAL_UART_Receive_IT), (8 bytes).
    Removing stm32f4xx_hal_uart.o(.text.UART_Start_Receive_IT), (98 bytes).
    Removing stm32f4xx_hal_uart.o(.ARM.exidx.text.UART_Start_Receive_IT), (8 bytes).
    Removing stm32f4xx_hal_uart.o(.text.HAL_UART_Transmit_DMA), (252 bytes).
    Removing stm32f4xx_hal_uart.o(.ARM.exidx.text.HAL_UART_Transmit_DMA), (8 bytes).
    Removing stm32f4xx_hal_uart.o(.text.UART_DMATransmitCplt), (122 bytes).
    Removing stm32f4xx_hal_uart.o(.ARM.exidx.text.UART_DMATransmitCplt), (8 bytes).
    Removing stm32f4xx_hal_uart.o(.text.UART_DMATxHalfCplt), (22 bytes).
    Removing stm32f4xx_hal_uart.o(.ARM.exidx.text.UART_DMATxHalfCplt), (8 bytes).
    Removing stm32f4xx_hal_uart.o(.ARM.exidx.text.UART_DMAError), (8 bytes).
    Removing stm32f4xx_hal_uart.o(.ARM.exidx.text.HAL_UART_Receive_DMA), (8 bytes).
    Removing stm32f4xx_hal_uart.o(.ARM.exidx.text.UART_Start_Receive_DMA), (8 bytes).
    Removing stm32f4xx_hal_uart.o(.text.HAL_UART_DMAPause), (230 bytes).
    Removing stm32f4xx_hal_uart.o(.ARM.exidx.text.HAL_UART_DMAPause), (8 bytes).
    Removing stm32f4xx_hal_uart.o(.text.HAL_UART_DMAResume), (226 bytes).
    Removing stm32f4xx_hal_uart.o(.ARM.exidx.text.HAL_UART_DMAResume), (8 bytes).
    Removing stm32f4xx_hal_uart.o(.text.HAL_UART_DMAStop), (204 bytes).
    Removing stm32f4xx_hal_uart.o(.ARM.exidx.text.HAL_UART_DMAStop), (8 bytes).
    Removing stm32f4xx_hal_uart.o(.ARM.exidx.text.UART_EndTxTransfer), (8 bytes).
    Removing stm32f4xx_hal_uart.o(.ARM.exidx.text.UART_EndRxTransfer), (8 bytes).
    Removing stm32f4xx_hal_uart.o(.text.HAL_UARTEx_ReceiveToIdle), (448 bytes).
    Removing stm32f4xx_hal_uart.o(.ARM.exidx.text.HAL_UARTEx_ReceiveToIdle), (8 bytes).
    Removing stm32f4xx_hal_uart.o(.text.HAL_UARTEx_ReceiveToIdle_IT), (194 bytes).
    Removing stm32f4xx_hal_uart.o(.ARM.exidx.text.HAL_UARTEx_ReceiveToIdle_IT), (8 bytes).
    Removing stm32f4xx_hal_uart.o(.ARM.exidx.text.HAL_UARTEx_ReceiveToIdle_DMA), (8 bytes).
    Removing stm32f4xx_hal_uart.o(.text.HAL_UARTEx_GetRxEventType), (12 bytes).
    Removing stm32f4xx_hal_uart.o(.ARM.exidx.text.HAL_UARTEx_GetRxEventType), (8 bytes).
    Removing stm32f4xx_hal_uart.o(.text.HAL_UART_Abort), (406 bytes).
    Removing stm32f4xx_hal_uart.o(.ARM.exidx.text.HAL_UART_Abort), (8 bytes).
    Removing stm32f4xx_hal_uart.o(.text.HAL_UART_AbortTransmit), (186 bytes).
    Removing stm32f4xx_hal_uart.o(.ARM.exidx.text.HAL_UART_AbortTransmit), (8 bytes).
    Removing stm32f4xx_hal_uart.o(.text.HAL_UART_AbortReceive), (278 bytes).
    Removing stm32f4xx_hal_uart.o(.ARM.exidx.text.HAL_UART_AbortReceive), (8 bytes).
    Removing stm32f4xx_hal_uart.o(.text.HAL_UART_Abort_IT), (478 bytes).
    Removing stm32f4xx_hal_uart.o(.ARM.exidx.text.HAL_UART_Abort_IT), (8 bytes).
    Removing stm32f4xx_hal_uart.o(.text.UART_DMATxAbortCallback), (86 bytes).
    Removing stm32f4xx_hal_uart.o(.ARM.exidx.text.UART_DMATxAbortCallback), (8 bytes).
    Removing stm32f4xx_hal_uart.o(.text.UART_DMARxAbortCallback), (86 bytes).
    Removing stm32f4xx_hal_uart.o(.ARM.exidx.text.UART_DMARxAbortCallback), (8 bytes).
    Removing stm32f4xx_hal_uart.o(.text.HAL_UART_AbortCpltCallback), (8 bytes).
    Removing stm32f4xx_hal_uart.o(.ARM.exidx.text.HAL_UART_AbortCpltCallback), (8 bytes).
    Removing stm32f4xx_hal_uart.o(.text.HAL_UART_AbortTransmit_IT), (194 bytes).
    Removing stm32f4xx_hal_uart.o(.ARM.exidx.text.HAL_UART_AbortTransmit_IT), (8 bytes).
    Removing stm32f4xx_hal_uart.o(.text.UART_DMATxOnlyAbortCallback), (36 bytes).
    Removing stm32f4xx_hal_uart.o(.ARM.exidx.text.UART_DMATxOnlyAbortCallback), (8 bytes).
    Removing stm32f4xx_hal_uart.o(.text.HAL_UART_AbortTransmitCpltCallback), (8 bytes).
    Removing stm32f4xx_hal_uart.o(.ARM.exidx.text.HAL_UART_AbortTransmitCpltCallback), (8 bytes).
    Removing stm32f4xx_hal_uart.o(.text.HAL_UART_AbortReceive_IT), (290 bytes).
    Removing stm32f4xx_hal_uart.o(.ARM.exidx.text.HAL_UART_AbortReceive_IT), (8 bytes).
    Removing stm32f4xx_hal_uart.o(.text.UART_DMARxOnlyAbortCallback), (40 bytes).
    Removing stm32f4xx_hal_uart.o(.ARM.exidx.text.UART_DMARxOnlyAbortCallback), (8 bytes).
    Removing stm32f4xx_hal_uart.o(.text.HAL_UART_AbortReceiveCpltCallback), (8 bytes).
    Removing stm32f4xx_hal_uart.o(.ARM.exidx.text.HAL_UART_AbortReceiveCpltCallback), (8 bytes).
    Removing stm32f4xx_hal_uart.o(.ARM.exidx.text.HAL_UART_IRQHandler), (8 bytes).
    Removing stm32f4xx_hal_uart.o(.ARM.exidx.text.UART_Receive_IT), (8 bytes).
    Removing stm32f4xx_hal_uart.o(.ARM.exidx.text.UART_DMAAbortOnError), (8 bytes).
    Removing stm32f4xx_hal_uart.o(.ARM.exidx.text.HAL_UART_ErrorCallback), (8 bytes).
    Removing stm32f4xx_hal_uart.o(.text.HAL_UARTEx_RxEventCallback), (12 bytes).
    Removing stm32f4xx_hal_uart.o(.ARM.exidx.text.HAL_UARTEx_RxEventCallback), (8 bytes).
    Removing stm32f4xx_hal_uart.o(.ARM.exidx.text.UART_Transmit_IT), (8 bytes).
    Removing stm32f4xx_hal_uart.o(.ARM.exidx.text.UART_EndTransmit_IT), (8 bytes).
    Removing stm32f4xx_hal_uart.o(.ARM.exidx.text.HAL_UART_TxCpltCallback), (8 bytes).
    Removing stm32f4xx_hal_uart.o(.text.HAL_UART_TxHalfCpltCallback), (8 bytes).
    Removing stm32f4xx_hal_uart.o(.ARM.exidx.text.HAL_UART_TxHalfCpltCallback), (8 bytes).
    Removing stm32f4xx_hal_uart.o(.text.HAL_UART_RxCpltCallback), (8 bytes).
    Removing stm32f4xx_hal_uart.o(.ARM.exidx.text.HAL_UART_RxCpltCallback), (8 bytes).
    Removing stm32f4xx_hal_uart.o(.ARM.exidx.text.HAL_UART_RxHalfCpltCallback), (8 bytes).
    Removing stm32f4xx_hal_uart.o(.text.HAL_LIN_SendBreak), (120 bytes).
    Removing stm32f4xx_hal_uart.o(.ARM.exidx.text.HAL_LIN_SendBreak), (8 bytes).
    Removing stm32f4xx_hal_uart.o(.text.HAL_MultiProcessor_EnterMuteMode), (126 bytes).
    Removing stm32f4xx_hal_uart.o(.ARM.exidx.text.HAL_MultiProcessor_EnterMuteMode), (8 bytes).
    Removing stm32f4xx_hal_uart.o(.text.HAL_MultiProcessor_ExitMuteMode), (126 bytes).
    Removing stm32f4xx_hal_uart.o(.ARM.exidx.text.HAL_MultiProcessor_ExitMuteMode), (8 bytes).
    Removing stm32f4xx_hal_uart.o(.text.HAL_HalfDuplex_EnableTransmitter), (118 bytes).
    Removing stm32f4xx_hal_uart.o(.ARM.exidx.text.HAL_HalfDuplex_EnableTransmitter), (8 bytes).
    Removing stm32f4xx_hal_uart.o(.text.HAL_HalfDuplex_EnableReceiver), (118 bytes).
    Removing stm32f4xx_hal_uart.o(.ARM.exidx.text.HAL_HalfDuplex_EnableReceiver), (8 bytes).
    Removing stm32f4xx_hal_uart.o(.text.HAL_UART_GetState), (40 bytes).
    Removing stm32f4xx_hal_uart.o(.ARM.exidx.text.HAL_UART_GetState), (8 bytes).
    Removing stm32f4xx_hal_uart.o(.text.HAL_UART_GetError), (12 bytes).
    Removing stm32f4xx_hal_uart.o(.ARM.exidx.text.HAL_UART_GetError), (8 bytes).
    Removing stm32f4xx_hal_uart.o(.ARM.exidx.text.UART_DMAReceiveCplt), (8 bytes).
    Removing stm32f4xx_hal_uart.o(.ARM.exidx.text.UART_DMARxHalfCplt), (8 bytes).
    Removing system_stm32f4xx.o(.text), (0 bytes).
    Removing system_stm32f4xx.o(.ARM.exidx.text.SystemInit), (8 bytes).
    Removing system_stm32f4xx.o(.text.SystemCoreClockUpdate), (288 bytes).
    Removing system_stm32f4xx.o(.ARM.exidx.text.SystemCoreClockUpdate), (8 bytes).
    Removing croutine.o(.text), (0 bytes).
    Removing event_groups.o(.text), (0 bytes).
    Removing event_groups.o(.text.xEventGroupCreateStatic), (108 bytes).
    Removing event_groups.o(.ARM.exidx.text.xEventGroupCreateStatic), (8 bytes).
    Removing event_groups.o(.text.xEventGroupCreate), (50 bytes).
    Removing event_groups.o(.ARM.exidx.text.xEventGroupCreate), (8 bytes).
    Removing event_groups.o(.text.xEventGroupSync), (360 bytes).
    Removing event_groups.o(.ARM.exidx.text.xEventGroupSync), (8 bytes).
    Removing event_groups.o(.text.xEventGroupSetBits), (282 bytes).
    Removing event_groups.o(.ARM.exidx.text.xEventGroupSetBits), (8 bytes).
    Removing event_groups.o(.text.xEventGroupWaitBits), (442 bytes).
    Removing event_groups.o(.ARM.exidx.text.xEventGroupWaitBits), (8 bytes).
    Removing event_groups.o(.text.prvTestWaitCondition), (66 bytes).
    Removing event_groups.o(.ARM.exidx.text.prvTestWaitCondition), (8 bytes).
    Removing event_groups.o(.text.xEventGroupClearBits), (100 bytes).
    Removing event_groups.o(.ARM.exidx.text.xEventGroupClearBits), (8 bytes).
    Removing event_groups.o(.text.xEventGroupClearBitsFromISR), (34 bytes).
    Removing event_groups.o(.ARM.exidx.text.xEventGroupClearBitsFromISR), (8 bytes).
    Removing event_groups.o(.text.vEventGroupClearBitsCallback), (20 bytes).
    Removing event_groups.o(.ARM.exidx.text.vEventGroupClearBitsCallback), (8 bytes).
    Removing event_groups.o(.text.xEventGroupGetBitsFromISR), (58 bytes).
    Removing event_groups.o(.ARM.exidx.text.xEventGroupGetBitsFromISR), (8 bytes).
    Removing event_groups.o(.text.vEventGroupDelete), (106 bytes).
    Removing event_groups.o(.ARM.exidx.text.vEventGroupDelete), (8 bytes).
    Removing event_groups.o(.text.vEventGroupSetBitsCallback), (20 bytes).
    Removing event_groups.o(.ARM.exidx.text.vEventGroupSetBitsCallback), (8 bytes).
    Removing event_groups.o(.text.xEventGroupSetBitsFromISR), (36 bytes).
    Removing event_groups.o(.ARM.exidx.text.xEventGroupSetBitsFromISR), (8 bytes).
    Removing event_groups.o(.text.uxEventGroupGetNumber), (34 bytes).
    Removing event_groups.o(.ARM.exidx.text.uxEventGroupGetNumber), (8 bytes).
    Removing event_groups.o(.text.vEventGroupSetNumber), (16 bytes).
    Removing event_groups.o(.ARM.exidx.text.vEventGroupSetNumber), (8 bytes).
    Removing list.o(.text), (0 bytes).
    Removing list.o(.ARM.exidx.text.vListInitialise), (8 bytes).
    Removing list.o(.ARM.exidx.text.vListInitialiseItem), (8 bytes).
    Removing list.o(.ARM.exidx.text.vListInsertEnd), (8 bytes).
    Removing list.o(.ARM.exidx.text.vListInsert), (8 bytes).
    Removing list.o(.ARM.exidx.text.uxListRemove), (8 bytes).
    Removing queue.o(.text), (0 bytes).
    Removing queue.o(.ARM.exidx.text.xQueueGenericReset), (8 bytes).
    Removing queue.o(.ARM.exidx.text.xQueueGenericCreateStatic), (8 bytes).
    Removing queue.o(.ARM.exidx.text.prvInitialiseNewQueue), (8 bytes).
    Removing queue.o(.text.xQueueGenericCreate), (116 bytes).
    Removing queue.o(.ARM.exidx.text.xQueueGenericCreate), (8 bytes).
    Removing queue.o(.text.xQueueCreateMutex), (38 bytes).
    Removing queue.o(.ARM.exidx.text.xQueueCreateMutex), (8 bytes).
    Removing queue.o(.text.prvInitialiseMutex), (44 bytes).
    Removing queue.o(.ARM.exidx.text.prvInitialiseMutex), (8 bytes).
    Removing queue.o(.text.xQueueCreateMutexStatic), (50 bytes).
    Removing queue.o(.ARM.exidx.text.xQueueCreateMutexStatic), (8 bytes).
    Removing queue.o(.text.xQueueGetMutexHolder), (46 bytes).
    Removing queue.o(.ARM.exidx.text.xQueueGetMutexHolder), (8 bytes).
    Removing queue.o(.text.xQueueGetMutexHolderFromISR), (60 bytes).
    Removing queue.o(.ARM.exidx.text.xQueueGetMutexHolderFromISR), (8 bytes).
    Removing queue.o(.text.xQueueGiveMutexRecursive), (108 bytes).
    Removing queue.o(.ARM.exidx.text.xQueueGiveMutexRecursive), (8 bytes).
    Removing queue.o(.ARM.exidx.text.xQueueGenericSend), (8 bytes).
    Removing queue.o(.text.xQueueTakeMutexRecursive), (110 bytes).
    Removing queue.o(.ARM.exidx.text.xQueueTakeMutexRecursive), (8 bytes).
    Removing queue.o(.text.xQueueSemaphoreTake), (556 bytes).
    Removing queue.o(.ARM.exidx.text.xQueueSemaphoreTake), (8 bytes).
    Removing queue.o(.text.xQueueCreateCountingSemaphoreStatic), (112 bytes).
    Removing queue.o(.ARM.exidx.text.xQueueCreateCountingSemaphoreStatic), (8 bytes).
    Removing queue.o(.text.xQueueCreateCountingSemaphore), (102 bytes).
    Removing queue.o(.ARM.exidx.text.xQueueCreateCountingSemaphore), (8 bytes).
    Removing queue.o(.ARM.exidx.text.prvCopyDataToQueue), (8 bytes).
    Removing queue.o(.ARM.exidx.text.prvIsQueueFull), (8 bytes).
    Removing queue.o(.ARM.exidx.text.prvUnlockQueue), (8 bytes).
    Removing queue.o(.ARM.exidx.text.xQueueGenericSendFromISR), (8 bytes).
    Removing queue.o(.text.xQueueGiveFromISR), (292 bytes).
    Removing queue.o(.ARM.exidx.text.xQueueGiveFromISR), (8 bytes).
    Removing queue.o(.ARM.exidx.text.xQueueReceive), (8 bytes).
    Removing queue.o(.ARM.exidx.text.prvCopyDataFromQueue), (8 bytes).
    Removing queue.o(.ARM.exidx.text.prvIsQueueEmpty), (8 bytes).
    Removing queue.o(.text.prvGetDisinheritPriorityAfterTimeout), (38 bytes).
    Removing queue.o(.ARM.exidx.text.prvGetDisinheritPriorityAfterTimeout), (8 bytes).
    Removing queue.o(.text.xQueuePeek), (480 bytes).
    Removing queue.o(.ARM.exidx.text.xQueuePeek), (8 bytes).
    Removing queue.o(.text.xQueueReceiveFromISR), (264 bytes).
    Removing queue.o(.ARM.exidx.text.xQueueReceiveFromISR), (8 bytes).
    Removing queue.o(.text.xQueuePeekFromISR), (212 bytes).
    Removing queue.o(.ARM.exidx.text.xQueuePeekFromISR), (8 bytes).
    Removing queue.o(.text.uxQueueMessagesWaiting), (54 bytes).
    Removing queue.o(.ARM.exidx.text.uxQueueMessagesWaiting), (8 bytes).
    Removing queue.o(.text.uxQueueSpacesAvailable), (62 bytes).
    Removing queue.o(.ARM.exidx.text.uxQueueSpacesAvailable), (8 bytes).
    Removing queue.o(.text.uxQueueMessagesWaitingFromISR), (48 bytes).
    Removing queue.o(.ARM.exidx.text.uxQueueMessagesWaitingFromISR), (8 bytes).
    Removing queue.o(.text.vQueueDelete), (68 bytes).
    Removing queue.o(.ARM.exidx.text.vQueueDelete), (8 bytes).
    Removing queue.o(.text.vQueueUnregisterQueue), (84 bytes).
    Removing queue.o(.ARM.exidx.text.vQueueUnregisterQueue), (8 bytes).
    Removing queue.o(.text.uxQueueGetQueueNumber), (12 bytes).
    Removing queue.o(.ARM.exidx.text.uxQueueGetQueueNumber), (8 bytes).
    Removing queue.o(.text.vQueueSetQueueNumber), (16 bytes).
    Removing queue.o(.ARM.exidx.text.vQueueSetQueueNumber), (8 bytes).
    Removing queue.o(.text.ucQueueGetQueueType), (14 bytes).
    Removing queue.o(.ARM.exidx.text.ucQueueGetQueueType), (8 bytes).
    Removing queue.o(.text.xQueueIsQueueEmptyFromISR), (62 bytes).
    Removing queue.o(.ARM.exidx.text.xQueueIsQueueEmptyFromISR), (8 bytes).
    Removing queue.o(.text.xQueueIsQueueFullFromISR), (68 bytes).
    Removing queue.o(.ARM.exidx.text.xQueueIsQueueFullFromISR), (8 bytes).
    Removing queue.o(.ARM.exidx.text.vQueueAddToRegistry), (8 bytes).
    Removing queue.o(.text.pcQueueGetName), (80 bytes).
    Removing queue.o(.ARM.exidx.text.pcQueueGetName), (8 bytes).
    Removing queue.o(.ARM.exidx.text.vQueueWaitForMessageRestricted), (8 bytes).
    Removing stream_buffer.o(.text), (0 bytes).
    Removing stream_buffer.o(.text.xStreamBufferGenericCreate), (192 bytes).
    Removing stream_buffer.o(.ARM.exidx.text.xStreamBufferGenericCreate), (8 bytes).
    Removing stream_buffer.o(.text.prvInitialiseNewStreamBuffer), (106 bytes).
    Removing stream_buffer.o(.ARM.exidx.text.prvInitialiseNewStreamBuffer), (8 bytes).
    Removing stream_buffer.o(.text.xStreamBufferGenericCreateStatic), (268 bytes).
    Removing stream_buffer.o(.ARM.exidx.text.xStreamBufferGenericCreateStatic), (8 bytes).
    Removing stream_buffer.o(.text.vStreamBufferDelete), (72 bytes).
    Removing stream_buffer.o(.ARM.exidx.text.vStreamBufferDelete), (8 bytes).
    Removing stream_buffer.o(.text.xStreamBufferReset), (114 bytes).
    Removing stream_buffer.o(.ARM.exidx.text.xStreamBufferReset), (8 bytes).
    Removing stream_buffer.o(.text.xStreamBufferSetTriggerLevel), (86 bytes).
    Removing stream_buffer.o(.ARM.exidx.text.xStreamBufferSetTriggerLevel), (8 bytes).
    Removing stream_buffer.o(.text.xStreamBufferSpacesAvailable), (94 bytes).
    Removing stream_buffer.o(.ARM.exidx.text.xStreamBufferSpacesAvailable), (8 bytes).
    Removing stream_buffer.o(.text.xStreamBufferBytesAvailable), (52 bytes).
    Removing stream_buffer.o(.ARM.exidx.text.xStreamBufferBytesAvailable), (8 bytes).
    Removing stream_buffer.o(.text.prvBytesInBuffer), (56 bytes).
    Removing stream_buffer.o(.ARM.exidx.text.prvBytesInBuffer), (8 bytes).
    Removing stream_buffer.o(.text.xStreamBufferSend), (384 bytes).
    Removing stream_buffer.o(.ARM.exidx.text.xStreamBufferSend), (8 bytes).
    Removing stream_buffer.o(.text.prvWriteMessageToBuffer), (138 bytes).
    Removing stream_buffer.o(.ARM.exidx.text.prvWriteMessageToBuffer), (8 bytes).
    Removing stream_buffer.o(.text.xStreamBufferSendFromISR), (240 bytes).
    Removing stream_buffer.o(.ARM.exidx.text.xStreamBufferSendFromISR), (8 bytes).
    Removing stream_buffer.o(.text.xStreamBufferReceive), (328 bytes).
    Removing stream_buffer.o(.ARM.exidx.text.xStreamBufferReceive), (8 bytes).
    Removing stream_buffer.o(.text.prvReadMessageFromBuffer), (104 bytes).
    Removing stream_buffer.o(.ARM.exidx.text.prvReadMessageFromBuffer), (8 bytes).
    Removing stream_buffer.o(.text.xStreamBufferNextMessageLengthBytes), (142 bytes).
    Removing stream_buffer.o(.ARM.exidx.text.xStreamBufferNextMessageLengthBytes), (8 bytes).
    Removing stream_buffer.o(.text.prvReadBytesFromBuffer), (290 bytes).
    Removing stream_buffer.o(.ARM.exidx.text.prvReadBytesFromBuffer), (8 bytes).
    Removing stream_buffer.o(.text.xStreamBufferReceiveFromISR), (236 bytes).
    Removing stream_buffer.o(.ARM.exidx.text.xStreamBufferReceiveFromISR), (8 bytes).
    Removing stream_buffer.o(.text.xStreamBufferIsEmpty), (72 bytes).
    Removing stream_buffer.o(.ARM.exidx.text.xStreamBufferIsEmpty), (8 bytes).
    Removing stream_buffer.o(.text.xStreamBufferIsFull), (92 bytes).
    Removing stream_buffer.o(.ARM.exidx.text.xStreamBufferIsFull), (8 bytes).
    Removing stream_buffer.o(.text.xStreamBufferSendCompletedFromISR), (132 bytes).
    Removing stream_buffer.o(.ARM.exidx.text.xStreamBufferSendCompletedFromISR), (8 bytes).
    Removing stream_buffer.o(.text.xStreamBufferReceiveCompletedFromISR), (132 bytes).
    Removing stream_buffer.o(.ARM.exidx.text.xStreamBufferReceiveCompletedFromISR), (8 bytes).
    Removing stream_buffer.o(.text.uxStreamBufferGetStreamBufferNumber), (12 bytes).
    Removing stream_buffer.o(.ARM.exidx.text.uxStreamBufferGetStreamBufferNumber), (8 bytes).
    Removing stream_buffer.o(.text.vStreamBufferSetStreamBufferNumber), (16 bytes).
    Removing stream_buffer.o(.ARM.exidx.text.vStreamBufferSetStreamBufferNumber), (8 bytes).
    Removing stream_buffer.o(.text.ucStreamBufferGetStreamBufferType), (16 bytes).
    Removing stream_buffer.o(.ARM.exidx.text.ucStreamBufferGetStreamBufferType), (8 bytes).
    Removing stream_buffer.o(.text.prvWriteBytesToBuffer), (252 bytes).
    Removing stream_buffer.o(.ARM.exidx.text.prvWriteBytesToBuffer), (8 bytes).
    Removing tasks.o(.text), (0 bytes).
    Removing tasks.o(.ARM.exidx.text.xTaskCreateStatic), (8 bytes).
    Removing tasks.o(.ARM.exidx.text.prvInitialiseNewTask), (8 bytes).
    Removing tasks.o(.ARM.exidx.text.prvAddNewTaskToReadyList), (8 bytes).
    Removing tasks.o(.ARM.exidx.text.xTaskCreate), (8 bytes).
    Removing tasks.o(.text.vTaskDelete), (270 bytes).
    Removing tasks.o(.ARM.exidx.text.vTaskDelete), (8 bytes).
    Removing tasks.o(.ARM.exidx.text.prvDeleteTCB), (8 bytes).
    Removing tasks.o(.ARM.exidx.text.prvResetNextTaskUnblockTime), (8 bytes).
    Removing tasks.o(.text.vTaskDelayUntil), (276 bytes).
    Removing tasks.o(.ARM.exidx.text.vTaskDelayUntil), (8 bytes).
    Removing tasks.o(.ARM.exidx.text.vTaskSuspendAll), (8 bytes).
    Removing tasks.o(.ARM.exidx.text.prvAddCurrentTaskToDelayedList), (8 bytes).
    Removing tasks.o(.ARM.exidx.text.xTaskResumeAll), (8 bytes).
    Removing tasks.o(.ARM.exidx.text.vTaskDelay), (8 bytes).
    Removing tasks.o(.text.eTaskGetState), (246 bytes).
    Removing tasks.o(.ARM.exidx.text.eTaskGetState), (8 bytes).
    Removing tasks.o(.text.uxTaskPriorityGet), (56 bytes).
    Removing tasks.o(.ARM.exidx.text.uxTaskPriorityGet), (8 bytes).
    Removing tasks.o(.text.uxTaskPriorityGetFromISR), (90 bytes).
    Removing tasks.o(.ARM.exidx.text.uxTaskPriorityGetFromISR), (8 bytes).
    Removing tasks.o(.text.vTaskPrioritySet), (412 bytes).
    Removing tasks.o(.ARM.exidx.text.vTaskPrioritySet), (8 bytes).
    Removing tasks.o(.text.vTaskSuspend), (296 bytes).
    Removing tasks.o(.ARM.exidx.text.vTaskSuspend), (8 bytes).
    Removing tasks.o(.ARM.exidx.text.vTaskSwitchContext), (8 bytes).
    Removing tasks.o(.text.vTaskResume), (214 bytes).
    Removing tasks.o(.ARM.exidx.text.vTaskResume), (8 bytes).
    Removing tasks.o(.text.prvTaskIsTaskSuspended), (106 bytes).
    Removing tasks.o(.ARM.exidx.text.prvTaskIsTaskSuspended), (8 bytes).
    Removing tasks.o(.text.xTaskResumeFromISR), (242 bytes).
    Removing tasks.o(.ARM.exidx.text.xTaskResumeFromISR), (8 bytes).
    Removing tasks.o(.ARM.exidx.text.vTaskStartScheduler), (8 bytes).
    Removing tasks.o(.ARM.exidx.text.prvIdleTask), (8 bytes).
    Removing tasks.o(.text.vTaskEndScheduler), (42 bytes).
    Removing tasks.o(.ARM.exidx.text.vTaskEndScheduler), (8 bytes).
    Removing tasks.o(.ARM.exidx.text.xTaskIncrementTick), (8 bytes).
    Removing tasks.o(.ARM.exidx.text.xTaskGetTickCount), (8 bytes).
    Removing tasks.o(.text.xTaskGetTickCountFromISR), (30 bytes).
    Removing tasks.o(.ARM.exidx.text.xTaskGetTickCountFromISR), (8 bytes).
    Removing tasks.o(.text.uxTaskGetNumberOfTasks), (12 bytes).
    Removing tasks.o(.ARM.exidx.text.uxTaskGetNumberOfTasks), (8 bytes).
    Removing tasks.o(.text.pcTaskGetName), (70 bytes).
    Removing tasks.o(.ARM.exidx.text.pcTaskGetName), (8 bytes).
    Removing tasks.o(.text.uxTaskGetSystemState), (272 bytes).
    Removing tasks.o(.ARM.exidx.text.uxTaskGetSystemState), (8 bytes).
    Removing tasks.o(.text.prvListTasksWithinSingleList), (164 bytes).
    Removing tasks.o(.ARM.exidx.text.prvListTasksWithinSingleList), (8 bytes).
    Removing tasks.o(.text.xTaskCatchUpTicks), (78 bytes).
    Removing tasks.o(.ARM.exidx.text.xTaskCatchUpTicks), (8 bytes).
    Removing tasks.o(.ARM.exidx.text.vTaskPlaceOnEventList), (8 bytes).
    Removing tasks.o(.text.vTaskPlaceOnUnorderedEventList), (114 bytes).
    Removing tasks.o(.ARM.exidx.text.vTaskPlaceOnUnorderedEventList), (8 bytes).
    Removing tasks.o(.ARM.exidx.text.vTaskPlaceOnEventListRestricted), (8 bytes).
    Removing tasks.o(.ARM.exidx.text.xTaskRemoveFromEventList), (8 bytes).
    Removing tasks.o(.text.vTaskRemoveFromUnorderedEventList), (204 bytes).
    Removing tasks.o(.ARM.exidx.text.vTaskRemoveFromUnorderedEventList), (8 bytes).
    Removing tasks.o(.text.vTaskSetTimeOutState), (74 bytes).
    Removing tasks.o(.ARM.exidx.text.vTaskSetTimeOutState), (8 bytes).
    Removing tasks.o(.ARM.exidx.text.vTaskInternalSetTimeOutState), (8 bytes).
    Removing tasks.o(.ARM.exidx.text.xTaskCheckForTimeOut), (8 bytes).
    Removing tasks.o(.ARM.exidx.text.vTaskMissedYield), (8 bytes).
    Removing tasks.o(.text.uxTaskGetTaskNumber), (34 bytes).
    Removing tasks.o(.ARM.exidx.text.uxTaskGetTaskNumber), (8 bytes).
    Removing tasks.o(.text.vTaskSetTaskNumber), (28 bytes).
    Removing tasks.o(.ARM.exidx.text.vTaskSetTaskNumber), (8 bytes).
    Removing tasks.o(.text.vTaskGetInfo), (224 bytes).
    Removing tasks.o(.ARM.exidx.text.vTaskGetInfo), (8 bytes).
    Removing tasks.o(.text.prvTaskCheckFreeStackSpace), (48 bytes).
    Removing tasks.o(.ARM.exidx.text.prvTaskCheckFreeStackSpace), (8 bytes).
    Removing tasks.o(.text.uxTaskGetStackHighWaterMark), (56 bytes).
    Removing tasks.o(.ARM.exidx.text.uxTaskGetStackHighWaterMark), (8 bytes).
    Removing tasks.o(.text.xTaskGetCurrentTaskHandle), (20 bytes).
    Removing tasks.o(.ARM.exidx.text.xTaskGetCurrentTaskHandle), (8 bytes).
    Removing tasks.o(.ARM.exidx.text.xTaskGetSchedulerState), (8 bytes).
    Removing tasks.o(.text.xTaskPriorityInherit), (270 bytes).
    Removing tasks.o(.ARM.exidx.text.xTaskPriorityInherit), (8 bytes).
    Removing tasks.o(.ARM.exidx.text.xTaskPriorityDisinherit), (8 bytes).
    Removing tasks.o(.text.vTaskPriorityDisinheritAfterTimeout), (308 bytes).
    Removing tasks.o(.ARM.exidx.text.vTaskPriorityDisinheritAfterTimeout), (8 bytes).
    Removing tasks.o(.text.uxTaskResetEventItemValue), (34 bytes).
    Removing tasks.o(.ARM.exidx.text.uxTaskResetEventItemValue), (8 bytes).
    Removing tasks.o(.text.pvTaskIncrementMutexHeldCount), (44 bytes).
    Removing tasks.o(.ARM.exidx.text.pvTaskIncrementMutexHeldCount), (8 bytes).
    Removing tasks.o(.text.ulTaskNotifyTake), (186 bytes).
    Removing tasks.o(.ARM.exidx.text.ulTaskNotifyTake), (8 bytes).
    Removing tasks.o(.text.xTaskNotifyWait), (214 bytes).
    Removing tasks.o(.ARM.exidx.text.xTaskNotifyWait), (8 bytes).
    Removing tasks.o(.text.xTaskGenericNotify), (376 bytes).
    Removing tasks.o(.ARM.exidx.text.xTaskGenericNotify), (8 bytes).
    Removing tasks.o(.text.xTaskGenericNotifyFromISR), (452 bytes).
    Removing tasks.o(.ARM.exidx.text.xTaskGenericNotifyFromISR), (8 bytes).
    Removing tasks.o(.text.vTaskNotifyGiveFromISR), (312 bytes).
    Removing tasks.o(.ARM.exidx.text.vTaskNotifyGiveFromISR), (8 bytes).
    Removing tasks.o(.text.xTaskNotifyStateClear), (82 bytes).
    Removing tasks.o(.ARM.exidx.text.xTaskNotifyStateClear), (8 bytes).
    Removing tasks.o(.text.ulTaskNotifyValueClear), (76 bytes).
    Removing tasks.o(.ARM.exidx.text.ulTaskNotifyValueClear), (8 bytes).
    Removing tasks.o(.ARM.exidx.text.prvInitialiseTaskLists), (8 bytes).
    Removing tasks.o(.ARM.exidx.text.prvCheckTasksWaitingTermination), (8 bytes).
    Removing timers.o(.text), (0 bytes).
    Removing timers.o(.ARM.exidx.text.xTimerCreateTimerTask), (8 bytes).
    Removing timers.o(.ARM.exidx.text.prvCheckForValidListAndQueue), (8 bytes).
    Removing timers.o(.ARM.exidx.text.prvTimerTask), (8 bytes).
    Removing timers.o(.text.xTimerCreate), (74 bytes).
    Removing timers.o(.ARM.exidx.text.xTimerCreate), (8 bytes).
    Removing timers.o(.text.prvInitialiseNewTimer), (118 bytes).
    Removing timers.o(.ARM.exidx.text.prvInitialiseNewTimer), (8 bytes).
    Removing timers.o(.text.xTimerCreateStatic), (138 bytes).
    Removing timers.o(.ARM.exidx.text.xTimerCreateStatic), (8 bytes).
    Removing timers.o(.ARM.exidx.text.xTimerGenericCommand), (8 bytes).
    Removing timers.o(.text.xTimerGetTimerDaemonTaskHandle), (52 bytes).
    Removing timers.o(.ARM.exidx.text.xTimerGetTimerDaemonTaskHandle), (8 bytes).
    Removing timers.o(.text.xTimerGetPeriod), (44 bytes).
    Removing timers.o(.ARM.exidx.text.xTimerGetPeriod), (8 bytes).
    Removing timers.o(.text.vTimerSetReloadMode), (90 bytes).
    Removing timers.o(.ARM.exidx.text.vTimerSetReloadMode), (8 bytes).
    Removing timers.o(.text.uxTimerGetReloadMode), (78 bytes).
    Removing timers.o(.ARM.exidx.text.uxTimerGetReloadMode), (8 bytes).
    Removing timers.o(.text.xTimerGetExpiryTime), (48 bytes).
    Removing timers.o(.ARM.exidx.text.xTimerGetExpiryTime), (8 bytes).
    Removing timers.o(.text.pcTimerGetName), (44 bytes).
    Removing timers.o(.ARM.exidx.text.pcTimerGetName), (8 bytes).
    Removing timers.o(.text.xTimerIsTimerActive), (76 bytes).
    Removing timers.o(.ARM.exidx.text.xTimerIsTimerActive), (8 bytes).
    Removing timers.o(.text.pvTimerGetTimerID), (58 bytes).
    Removing timers.o(.ARM.exidx.text.pvTimerGetTimerID), (8 bytes).
    Removing timers.o(.text.vTimerSetTimerID), (58 bytes).
    Removing timers.o(.ARM.exidx.text.vTimerSetTimerID), (8 bytes).
    Removing timers.o(.text.xTimerPendFunctionCallFromISR), (58 bytes).
    Removing timers.o(.ARM.exidx.text.xTimerPendFunctionCallFromISR), (8 bytes).
    Removing timers.o(.text.xTimerPendFunctionCall), (94 bytes).
    Removing timers.o(.ARM.exidx.text.xTimerPendFunctionCall), (8 bytes).
    Removing timers.o(.text.uxTimerGetTimerNumber), (12 bytes).
    Removing timers.o(.ARM.exidx.text.uxTimerGetTimerNumber), (8 bytes).
    Removing timers.o(.text.vTimerSetTimerNumber), (16 bytes).
    Removing timers.o(.ARM.exidx.text.vTimerSetTimerNumber), (8 bytes).
    Removing timers.o(.ARM.exidx.text.prvGetNextExpireTime), (8 bytes).
    Removing timers.o(.ARM.exidx.text.prvProcessTimerOrBlockTask), (8 bytes).
    Removing timers.o(.ARM.exidx.text.prvProcessReceivedCommands), (8 bytes).
    Removing timers.o(.ARM.exidx.text.prvSampleTimeNow), (8 bytes).
    Removing timers.o(.ARM.exidx.text.prvProcessExpiredTimer), (8 bytes).
    Removing timers.o(.ARM.exidx.text.prvSwitchTimerLists), (8 bytes).
    Removing timers.o(.ARM.exidx.text.prvInsertTimerInActiveList), (8 bytes).
    Removing cmsis_os2.o(.text), (0 bytes).
    Removing cmsis_os2.o(.ARM.exidx.text.SysTick_Handler), (8 bytes).
    Removing cmsis_os2.o(.ARM.exidx.text.osKernelInitialize), (8 bytes).
    Removing cmsis_os2.o(.text.osKernelGetInfo), (84 bytes).
    Removing cmsis_os2.o(.ARM.exidx.text.osKernelGetInfo), (8 bytes).
    Removing cmsis_os2.o(.text.osKernelGetState), (82 bytes).
    Removing cmsis_os2.o(.ARM.exidx.text.osKernelGetState), (8 bytes).
    Removing cmsis_os2.o(.ARM.exidx.text.osKernelStart), (8 bytes).
    Removing cmsis_os2.o(.ARM.exidx.text.SVC_Setup), (8 bytes).
    Removing cmsis_os2.o(.text.osKernelLock), (86 bytes).
    Removing cmsis_os2.o(.ARM.exidx.text.osKernelLock), (8 bytes).
    Removing cmsis_os2.o(.text.osKernelUnlock), (110 bytes).
    Removing cmsis_os2.o(.ARM.exidx.text.osKernelUnlock), (8 bytes).
    Removing cmsis_os2.o(.text.osKernelRestoreLock), (136 bytes).
    Removing cmsis_os2.o(.ARM.exidx.text.osKernelRestoreLock), (8 bytes).
    Removing cmsis_os2.o(.text.osKernelGetTickCount), (38 bytes).
    Removing cmsis_os2.o(.ARM.exidx.text.osKernelGetTickCount), (8 bytes).
    Removing cmsis_os2.o(.text.osKernelGetTickFreq), (6 bytes).
    Removing cmsis_os2.o(.ARM.exidx.text.osKernelGetTickFreq), (8 bytes).
    Removing cmsis_os2.o(.text.osKernelGetSysTimerCount), (118 bytes).
    Removing cmsis_os2.o(.ARM.exidx.text.osKernelGetSysTimerCount), (8 bytes).
    Removing cmsis_os2.o(.text.OS_Tick_GetCount), (32 bytes).
    Removing cmsis_os2.o(.ARM.exidx.text.OS_Tick_GetCount), (8 bytes).
    Removing cmsis_os2.o(.text.OS_Tick_GetOverflow), (16 bytes).
    Removing cmsis_os2.o(.ARM.exidx.text.OS_Tick_GetOverflow), (8 bytes).
    Removing cmsis_os2.o(.text.OS_Tick_GetInterval), (14 bytes).
    Removing cmsis_os2.o(.ARM.exidx.text.OS_Tick_GetInterval), (8 bytes).
    Removing cmsis_os2.o(.text.osKernelGetSysTimerFreq), (12 bytes).
    Removing cmsis_os2.o(.ARM.exidx.text.osKernelGetSysTimerFreq), (8 bytes).
    Removing cmsis_os2.o(.ARM.exidx.text.osThreadNew), (8 bytes).
    Removing cmsis_os2.o(.text.osThreadGetName), (50 bytes).
    Removing cmsis_os2.o(.ARM.exidx.text.osThreadGetName), (8 bytes).
    Removing cmsis_os2.o(.text.osThreadGetId), (16 bytes).
    Removing cmsis_os2.o(.ARM.exidx.text.osThreadGetId), (8 bytes).
    Removing cmsis_os2.o(.text.osThreadGetState), (104 bytes).
    Removing cmsis_os2.o(.ARM.exidx.text.osThreadGetState), (8 bytes).
    Removing cmsis_os2.o(.text.osThreadGetStackSpace), (52 bytes).
    Removing cmsis_os2.o(.ARM.exidx.text.osThreadGetStackSpace), (8 bytes).
    Removing cmsis_os2.o(.text.osThreadSetPriority), (84 bytes).
    Removing cmsis_os2.o(.ARM.exidx.text.osThreadSetPriority), (8 bytes).
    Removing cmsis_os2.o(.text.osThreadGetPriority), (52 bytes).
    Removing cmsis_os2.o(.ARM.exidx.text.osThreadGetPriority), (8 bytes).
    Removing cmsis_os2.o(.text.osThreadYield), (56 bytes).
    Removing cmsis_os2.o(.ARM.exidx.text.osThreadYield), (8 bytes).
    Removing cmsis_os2.o(.text.osThreadSuspend), (64 bytes).
    Removing cmsis_os2.o(.ARM.exidx.text.osThreadSuspend), (8 bytes).
    Removing cmsis_os2.o(.text.osThreadResume), (64 bytes).
    Removing cmsis_os2.o(.ARM.exidx.text.osThreadResume), (8 bytes).
    Removing cmsis_os2.o(.text.osThreadExit), (10 bytes).
    Removing cmsis_os2.o(.ARM.exidx.text.osThreadExit), (8 bytes).
    Removing cmsis_os2.o(.text.osThreadTerminate), (94 bytes).
    Removing cmsis_os2.o(.ARM.exidx.text.osThreadTerminate), (8 bytes).
    Removing cmsis_os2.o(.text.osThreadGetCount), (36 bytes).
    Removing cmsis_os2.o(.ARM.exidx.text.osThreadGetCount), (8 bytes).
    Removing cmsis_os2.o(.text.osThreadEnumerate), (180 bytes).
    Removing cmsis_os2.o(.ARM.exidx.text.osThreadEnumerate), (8 bytes).
    Removing cmsis_os2.o(.text.osThreadFlagsSet), (164 bytes).
    Removing cmsis_os2.o(.ARM.exidx.text.osThreadFlagsSet), (8 bytes).
    Removing cmsis_os2.o(.text.osThreadFlagsClear), (128 bytes).
    Removing cmsis_os2.o(.ARM.exidx.text.osThreadFlagsClear), (8 bytes).
    Removing cmsis_os2.o(.text.osThreadFlagsGet), (64 bytes).
    Removing cmsis_os2.o(.ARM.exidx.text.osThreadFlagsGet), (8 bytes).
    Removing cmsis_os2.o(.text.osThreadFlagsWait), (282 bytes).
    Removing cmsis_os2.o(.ARM.exidx.text.osThreadFlagsWait), (8 bytes).
    Removing cmsis_os2.o(.ARM.exidx.text.osDelay), (8 bytes).
    Removing cmsis_os2.o(.text.osDelayUntil), (88 bytes).
    Removing cmsis_os2.o(.ARM.exidx.text.osDelayUntil), (8 bytes).
    Removing cmsis_os2.o(.text.osTimerNew), (290 bytes).
    Removing cmsis_os2.o(.ARM.exidx.text.osTimerNew), (8 bytes).
    Removing cmsis_os2.o(.text.TimerCallback), (34 bytes).
    Removing cmsis_os2.o(.ARM.exidx.text.TimerCallback), (8 bytes).
    Removing cmsis_os2.o(.text.osTimerGetName), (50 bytes).
    Removing cmsis_os2.o(.ARM.exidx.text.osTimerGetName), (8 bytes).
    Removing cmsis_os2.o(.text.osTimerStart), (92 bytes).
    Removing cmsis_os2.o(.ARM.exidx.text.osTimerStart), (8 bytes).
    Removing cmsis_os2.o(.text.osTimerStop), (110 bytes).
    Removing cmsis_os2.o(.ARM.exidx.text.osTimerStop), (8 bytes).
    Removing cmsis_os2.o(.text.osTimerIsRunning), (50 bytes).
    Removing cmsis_os2.o(.ARM.exidx.text.osTimerIsRunning), (8 bytes).
    Removing cmsis_os2.o(.text.osTimerDelete), (104 bytes).
    Removing cmsis_os2.o(.ARM.exidx.text.osTimerDelete), (8 bytes).
    Removing cmsis_os2.o(.text.osEventFlagsNew), (134 bytes).
    Removing cmsis_os2.o(.ARM.exidx.text.osEventFlagsNew), (8 bytes).
    Removing cmsis_os2.o(.text.osEventFlagsSet), (130 bytes).
    Removing cmsis_os2.o(.ARM.exidx.text.osEventFlagsSet), (8 bytes).
    Removing cmsis_os2.o(.text.osEventFlagsClear), (96 bytes).
    Removing cmsis_os2.o(.ARM.exidx.text.osEventFlagsClear), (8 bytes).
    Removing cmsis_os2.o(.text.osEventFlagsGet), (64 bytes).
    Removing cmsis_os2.o(.ARM.exidx.text.osEventFlagsGet), (8 bytes).
    Removing cmsis_os2.o(.text.osEventFlagsWait), (222 bytes).
    Removing cmsis_os2.o(.ARM.exidx.text.osEventFlagsWait), (8 bytes).
    Removing cmsis_os2.o(.text.osEventFlagsDelete), (64 bytes).
    Removing cmsis_os2.o(.ARM.exidx.text.osEventFlagsDelete), (8 bytes).
    Removing cmsis_os2.o(.text.osMutexNew), (296 bytes).
    Removing cmsis_os2.o(.ARM.exidx.text.osMutexNew), (8 bytes).
    Removing cmsis_os2.o(.text.osMutexAcquire), (158 bytes).
    Removing cmsis_os2.o(.ARM.exidx.text.osMutexAcquire), (8 bytes).
    Removing cmsis_os2.o(.text.osMutexRelease), (126 bytes).
    Removing cmsis_os2.o(.ARM.exidx.text.osMutexRelease), (8 bytes).
    Removing cmsis_os2.o(.text.osMutexGetOwner), (54 bytes).
    Removing cmsis_os2.o(.ARM.exidx.text.osMutexGetOwner), (8 bytes).
    Removing cmsis_os2.o(.text.osMutexDelete), (74 bytes).
    Removing cmsis_os2.o(.ARM.exidx.text.osMutexDelete), (8 bytes).
    Removing cmsis_os2.o(.text.osSemaphoreNew), (314 bytes).
    Removing cmsis_os2.o(.ARM.exidx.text.osSemaphoreNew), (8 bytes).
    Removing cmsis_os2.o(.text.osSemaphoreAcquire), (166 bytes).
    Removing cmsis_os2.o(.ARM.exidx.text.osSemaphoreAcquire), (8 bytes).
    Removing cmsis_os2.o(.text.osSemaphoreRelease), (136 bytes).
    Removing cmsis_os2.o(.ARM.exidx.text.osSemaphoreRelease), (8 bytes).
    Removing cmsis_os2.o(.text.osSemaphoreGetCount), (62 bytes).
    Removing cmsis_os2.o(.ARM.exidx.text.osSemaphoreGetCount), (8 bytes).
    Removing cmsis_os2.o(.text.osSemaphoreDelete), (70 bytes).
    Removing cmsis_os2.o(.ARM.exidx.text.osSemaphoreDelete), (8 bytes).
    Removing cmsis_os2.o(.text.osMessageQueueNew), (254 bytes).
    Removing cmsis_os2.o(.ARM.exidx.text.osMessageQueueNew), (8 bytes).
    Removing cmsis_os2.o(.text.osMessageQueuePut), (196 bytes).
    Removing cmsis_os2.o(.ARM.exidx.text.osMessageQueuePut), (8 bytes).
    Removing cmsis_os2.o(.text.osMessageQueueGet), (192 bytes).
    Removing cmsis_os2.o(.ARM.exidx.text.osMessageQueueGet), (8 bytes).
    Removing cmsis_os2.o(.text.osMessageQueueGetCapacity), (34 bytes).
    Removing cmsis_os2.o(.ARM.exidx.text.osMessageQueueGetCapacity), (8 bytes).
    Removing cmsis_os2.o(.text.osMessageQueueGetMsgSize), (34 bytes).
    Removing cmsis_os2.o(.ARM.exidx.text.osMessageQueueGetMsgSize), (8 bytes).
    Removing cmsis_os2.o(.text.osMessageQueueGetCount), (62 bytes).
    Removing cmsis_os2.o(.ARM.exidx.text.osMessageQueueGetCount), (8 bytes).
    Removing cmsis_os2.o(.text.osMessageQueueGetSpace), (102 bytes).
    Removing cmsis_os2.o(.ARM.exidx.text.osMessageQueueGetSpace), (8 bytes).
    Removing cmsis_os2.o(.text.osMessageQueueReset), (64 bytes).
    Removing cmsis_os2.o(.ARM.exidx.text.osMessageQueueReset), (8 bytes).
    Removing cmsis_os2.o(.text.osMessageQueueDelete), (70 bytes).
    Removing cmsis_os2.o(.ARM.exidx.text.osMessageQueueDelete), (8 bytes).
    Removing cmsis_os2.o(.text.osMemoryPoolNew), (440 bytes).
    Removing cmsis_os2.o(.ARM.exidx.text.osMemoryPoolNew), (8 bytes).
    Removing cmsis_os2.o(.text.osMemoryPoolGetName), (54 bytes).
    Removing cmsis_os2.o(.ARM.exidx.text.osMemoryPoolGetName), (8 bytes).
    Removing cmsis_os2.o(.text.osMemoryPoolAlloc), (254 bytes).
    Removing cmsis_os2.o(.ARM.exidx.text.osMemoryPoolAlloc), (8 bytes).
    Removing cmsis_os2.o(.text.AllocBlock), (38 bytes).
    Removing cmsis_os2.o(.ARM.exidx.text.AllocBlock), (8 bytes).
    Removing cmsis_os2.o(.text.CreateBlock), (50 bytes).
    Removing cmsis_os2.o(.ARM.exidx.text.CreateBlock), (8 bytes).
    Removing cmsis_os2.o(.text.osMemoryPoolFree), (306 bytes).
    Removing cmsis_os2.o(.ARM.exidx.text.osMemoryPoolFree), (8 bytes).
    Removing cmsis_os2.o(.text.FreeBlock), (28 bytes).
    Removing cmsis_os2.o(.ARM.exidx.text.FreeBlock), (8 bytes).
    Removing cmsis_os2.o(.text.osMemoryPoolGetCapacity), (60 bytes).
    Removing cmsis_os2.o(.ARM.exidx.text.osMemoryPoolGetCapacity), (8 bytes).
    Removing cmsis_os2.o(.text.osMemoryPoolGetBlockSize), (60 bytes).
    Removing cmsis_os2.o(.ARM.exidx.text.osMemoryPoolGetBlockSize), (8 bytes).
    Removing cmsis_os2.o(.text.osMemoryPoolGetCount), (102 bytes).
    Removing cmsis_os2.o(.ARM.exidx.text.osMemoryPoolGetCount), (8 bytes).
    Removing cmsis_os2.o(.text.osMemoryPoolGetSpace), (92 bytes).
    Removing cmsis_os2.o(.ARM.exidx.text.osMemoryPoolGetSpace), (8 bytes).
    Removing cmsis_os2.o(.text.osMemoryPoolDelete), (156 bytes).
    Removing cmsis_os2.o(.ARM.exidx.text.osMemoryPoolDelete), (8 bytes).
    Removing cmsis_os2.o(.ARM.exidx.text.vApplicationGetIdleTaskMemory), (8 bytes).
    Removing cmsis_os2.o(.ARM.exidx.text.vApplicationGetTimerTaskMemory), (8 bytes).
    Removing cmsis_os2.o(.ARM.exidx.text.__NVIC_SetPriority), (8 bytes).
    Removing cmsis_os2.o(.rodata.str1.1), (17 bytes).
    Removing heap_4.o(.text), (0 bytes).
    Removing heap_4.o(.ARM.exidx.text.pvPortMalloc), (8 bytes).
    Removing heap_4.o(.ARM.exidx.text.prvHeapInit), (8 bytes).
    Removing heap_4.o(.ARM.exidx.text.prvInsertBlockIntoFreeList), (8 bytes).
    Removing heap_4.o(.ARM.exidx.text.vPortFree), (8 bytes).
    Removing heap_4.o(.text.xPortGetFreeHeapSize), (12 bytes).
    Removing heap_4.o(.ARM.exidx.text.xPortGetFreeHeapSize), (8 bytes).
    Removing heap_4.o(.text.xPortGetMinimumEverFreeHeapSize), (12 bytes).
    Removing heap_4.o(.ARM.exidx.text.xPortGetMinimumEverFreeHeapSize), (8 bytes).
    Removing heap_4.o(.text.vPortInitialiseBlocks), (2 bytes).
    Removing heap_4.o(.ARM.exidx.text.vPortInitialiseBlocks), (8 bytes).
    Removing heap_4.o(.text.vPortGetHeapStats), (206 bytes).
    Removing heap_4.o(.ARM.exidx.text.vPortGetHeapStats), (8 bytes).
    Removing port.o(.text), (0 bytes).
    Removing port.o(.ARM.exidx.text.pxPortInitialiseStack), (8 bytes).
    Removing port.o(.ARM.exidx.text.prvTaskExitError), (8 bytes).
    Removing port.o(.ARM.exidx.text.SVC_Handler), (8 bytes).
    Removing port.o(.ARM.exidx.text.xPortStartScheduler), (8 bytes).
    Removing port.o(.ARM.exidx.text.vPortSetupTimerInterrupt), (8 bytes).
    Removing port.o(.ARM.exidx.text.vPortEnableVFP), (8 bytes).
    Removing port.o(.ARM.exidx.text.prvPortStartFirstTask), (8 bytes).
    Removing port.o(.text.vPortEndScheduler), (46 bytes).
    Removing port.o(.ARM.exidx.text.vPortEndScheduler), (8 bytes).
    Removing port.o(.ARM.exidx.text.vPortEnterCritical), (8 bytes).
    Removing port.o(.ARM.exidx.text.vPortExitCritical), (8 bytes).
    Removing port.o(.ARM.exidx.text.PendSV_Handler), (8 bytes).
    Removing port.o(.ARM.exidx.text.xPortSysTickHandler), (8 bytes).
    Removing port.o(.ARM.exidx.text.vPortValidateInterruptPriority), (8 bytes).
    Removing beep.o(.text), (0 bytes).
    Removing beep.o(.ARM.exidx.text.Beep_Init), (8 bytes).
    Removing beep.o(.text.Beep_Alarm), (24 bytes).
    Removing beep.o(.ARM.exidx.text.Beep_Alarm), (8 bytes).
    Removing led.o(.text), (0 bytes).
    Removing led.o(.ARM.exidx.text.Led_Water), (8 bytes).
    Removing exti_irqhandler.o(.text), (0 bytes).
    Removing exti_irqhandler.o(.text.HAL_GPIO_EXTI_Callback), (10 bytes).
    Removing exti_irqhandler.o(.ARM.exidx.text.HAL_GPIO_EXTI_Callback), (8 bytes).
    Removing tim_irqhandler.o(.text), (0 bytes).
    Removing tim_irqhandler.o(.ARM.exidx.text.TIM_PeriodElapsedCallback), (8 bytes).
    Removing uart_irqhandler.o(.text), (0 bytes).
    Removing uart_irqhandler.o(.ARM.exidx.text.UART_Start_Recieve), (8 bytes).
    Removing uart_irqhandler.o(.ARM.exidx.text.HAL_UART_RxCpltCallback), (8 bytes).
    Removing uart_irqhandler.o(.ARM.exidx.text.HAL_UARTEx_RxEventCallback), (8 bytes).
    Removing uart_irqhandler.o(.bss.tx_buffer), (5 bytes).
    Removing can_irqhandler.o(.text), (0 bytes).
    Removing can_irqhandler.o(.ARM.exidx.text.HAL_CAN_RxFifo0MsgPendingCallback), (8 bytes).
    Removing can_irqhandler.o(.ARM.exidx.text.HAL_CAN_RxFifo1MsgPendingCallback), (8 bytes).
    Removing bluetooth.o(.text), (0 bytes).
    Removing bluetooth.o(.ARM.exidx.text.Deal_RxPack), (8 bytes).
    Removing bluetooth.o(.ARM.exidx.text.Debug_Receive), (8 bytes).
    Removing bluetooth.o(.text.Deal_TxPack), (370 bytes).
    Removing bluetooth.o(.ARM.exidx.text.Deal_TxPack), (8 bytes).
    Removing bluetooth.o(.bss.TxMsgPack), (48 bytes).
    Removing mathfunc.o(.text), (0 bytes).
    Removing mathfunc.o(.ARM.exidx.text.ChangeDataByte), (8 bytes).
    Removing mathfunc.o(.text.buffer_32_to_float), (40 bytes).
    Removing mathfunc.o(.ARM.exidx.text.buffer_32_to_float), (8 bytes).
    Removing mathfunc.o(.text.get_s32_from_buffer), (32 bytes).
    Removing mathfunc.o(.ARM.exidx.text.get_s32_from_buffer), (8 bytes).
    Removing mathfunc.o(.text.buffer_16_to_float), (40 bytes).
    Removing mathfunc.o(.ARM.exidx.text.buffer_16_to_float), (8 bytes).
    Removing mathfunc.o(.text.get_s16_from_buffer), (42 bytes).
    Removing mathfunc.o(.ARM.exidx.text.get_s16_from_buffer), (8 bytes).
    Removing mathfunc.o(.text.buffer_s16_to_u8), (28 bytes).
    Removing mathfunc.o(.ARM.exidx.text.buffer_s16_to_u8), (8 bytes).
    Removing mathfunc.o(.text.buffer_u8_to_s16), (30 bytes).
    Removing mathfunc.o(.ARM.exidx.text.buffer_u8_to_s16), (8 bytes).
    Removing mathfunc.o(.text.buffer_float_to_u8), (82 bytes).
    Removing mathfunc.o(.ARM.exidx.text.buffer_float_to_u8), (8 bytes).
    Removing mathfunc.o(.text.buffer_u8_to_float), (32 bytes).
    Removing mathfunc.o(.ARM.exidx.text.buffer_u8_to_float), (8 bytes).
    Removing mathfunc.o(.text.buffer_int_to_u8), (40 bytes).
    Removing mathfunc.o(.ARM.exidx.text.buffer_int_to_u8), (8 bytes).
    Removing mathfunc.o(.text.buffer_u8_to_int), (24 bytes).
    Removing mathfunc.o(.ARM.exidx.text.buffer_u8_to_int), (8 bytes).
    Removing mathfunc.o(.text.buffer_s32_to_u8), (40 bytes).
    Removing mathfunc.o(.ARM.exidx.text.buffer_s32_to_u8), (8 bytes).
    Removing mathfunc.o(.text.buffer_u8_to_s32), (24 bytes).
    Removing mathfunc.o(.ARM.exidx.text.buffer_u8_to_s32), (8 bytes).
    Removing mathfunc.o(.text.int16_to_bytes), (36 bytes).
    Removing mathfunc.o(.ARM.exidx.text.int16_to_bytes), (8 bytes).
    Removing mathfunc.o(.text.int32_to_bytes), (64 bytes).
    Removing mathfunc.o(.ARM.exidx.text.int32_to_bytes), (8 bytes).
    Removing mathfunc.o(.text.bytes_to_int16), (32 bytes).
    Removing mathfunc.o(.ARM.exidx.text.bytes_to_int16), (8 bytes).
    Removing mathfunc.o(.text.bytes_to_int32), (20 bytes).
    Removing mathfunc.o(.ARM.exidx.text.bytes_to_int32), (8 bytes).
    Removing mathfunc.o(.text.bytes_to_float), (18 bytes).
    Removing mathfunc.o(.ARM.exidx.text.bytes_to_float), (8 bytes).
    Removing mathfunc.o(.text.buffer_append_int32), (98 bytes).
    Removing mathfunc.o(.ARM.exidx.text.buffer_append_int32), (8 bytes).
    Removing mathfunc.o(.text.cvtFloat2Double), (34 bytes).
    Removing mathfunc.o(.ARM.exidx.text.cvtFloat2Double), (8 bytes).
    Removing mathfunc.o(.text.uint2float), (82 bytes).
    Removing mathfunc.o(.ARM.exidx.text.uint2float), (8 bytes).
    Removing mathfunc.o(.text.float2uint), (92 bytes).
    Removing mathfunc.o(.ARM.exidx.text.float2uint), (8 bytes).
    Removing mathfunc.o(.text.Lerp), (94 bytes).
    Removing mathfunc.o(.ARM.exidx.text.Lerp), (8 bytes).
    Removing mathfunc.o(.ARM.exidx.text.N2DEG), (8 bytes).
    Removing mathfunc.o(.text.Rotate), (256 bytes).
    Removing mathfunc.o(.ARM.exidx.text.Rotate), (8 bytes).
    Removing mathfunc.o(.text.MSG_Byte2Int16), (36 bytes).
    Removing mathfunc.o(.ARM.exidx.text.MSG_Byte2Int16), (8 bytes).
    Removing mathfunc.o(.text.MSG_Byte2Int32), (24 bytes).
    Removing mathfunc.o(.ARM.exidx.text.MSG_Byte2Int32), (8 bytes).
    Removing mathfunc.o(.text.MSG_Int162Byte), (42 bytes).
    Removing mathfunc.o(.ARM.exidx.text.MSG_Int162Byte), (8 bytes).
    Removing mathfunc.o(.text.MSG_Int322Byte), (66 bytes).
    Removing mathfunc.o(.ARM.exidx.text.MSG_Int322Byte), (8 bytes).
    Removing mathfunc.o(.text.MSG_Float2Byte), (72 bytes).
    Removing mathfunc.o(.ARM.exidx.text.MSG_Float2Byte), (8 bytes).
    Removing mathfunc.o(.text.PVT_Calculate_Timing), (302 bytes).
    Removing mathfunc.o(.ARM.exidx.text.PVT_Calculate_Timing), (8 bytes).
    Removing mathfunc.o(.text.PVT_Calculate_Position), (432 bytes).
    Removing mathfunc.o(.ARM.exidx.text.PVT_Calculate_Position), (8 bytes).
    Removing mathfunc.o(.text.Bezier5_Calculate_Timing), (106 bytes).
    Removing mathfunc.o(.ARM.exidx.text.Bezier5_Calculate_Timing), (8 bytes).
    Removing mathfunc.o(.text.Bezier5_Calculate_Position), (224 bytes).
    Removing mathfunc.o(.ARM.exidx.text.Bezier5_Calculate_Position), (8 bytes).
    Removing mathfunc.o(.text.Bezier5_Calculate_Velocity), (170 bytes).
    Removing mathfunc.o(.ARM.exidx.text.Bezier5_Calculate_Velocity), (8 bytes).
    Removing mathfunc.o(.text.Bezier5_Calculate_Acceleration), (176 bytes).
    Removing mathfunc.o(.ARM.exidx.text.Bezier5_Calculate_Acceleration), (8 bytes).
    Removing mathfunc.o(.text.normalize_yaw_f), (128 bytes).
    Removing mathfunc.o(.ARM.exidx.text.normalize_yaw_f), (8 bytes).
    Removing pid.o(.text), (0 bytes).
    Removing pid.o(.ARM.exidx.text.PID_Init), (8 bytes).
    Removing pid.o(.ARM.exidx.text.PID_Reset), (8 bytes).
    Removing pid.o(.ARM.exidx.text.PID_Calculate), (8 bytes).
    Removing pid.o(.text.vector2fPIDInit), (54 bytes).
    Removing pid.o(.ARM.exidx.text.vector2fPIDInit), (8 bytes).
    Removing pid.o(.text.vector2fPIDReset), (78 bytes).
    Removing pid.o(.ARM.exidx.text.vector2fPIDReset), (8 bytes).
    Removing pid.o(.text.vector2fPIDOperation), (148 bytes).
    Removing pid.o(.ARM.exidx.text.vector2fPIDOperation), (8 bytes).
    Removing pid.o(.text.vector2fPIDPosCalculate), (372 bytes).
    Removing pid.o(.ARM.exidx.text.vector2fPIDPosCalculate), (8 bytes).
    Removing pid.o(.text.vector2fPIDIncCalculate), (336 bytes).
    Removing pid.o(.ARM.exidx.text.vector2fPIDIncCalculate), (8 bytes).
    Removing pid.o(.text.vector2fPIDLimitIntegral), (240 bytes).
    Removing pid.o(.ARM.exidx.text.vector2fPIDLimitIntegral), (8 bytes).
    Removing solenoid.o(.text), (0 bytes).
    Removing solenoid.o(.ARM.exidx.text.solenoid_init), (8 bytes).
    Removing solenoid.o(.ARM.exidx.text.solenoid_channel_init), (8 bytes).
    Removing solenoid.o(.ARM.exidx.text.solenoid_on), (8 bytes).
    Removing solenoid.o(.ARM.exidx.text.register_updata), (8 bytes).
    Removing vectoc.o(.text), (0 bytes).
    Removing vectoc.o(.text.Modulo2d), (40 bytes).
    Removing vectoc.o(.ARM.exidx.text.Modulo2d), (8 bytes).
    Removing vectoc.o(.text.Modulo3d), (56 bytes).
    Removing vectoc.o(.ARM.exidx.text.Modulo3d), (8 bytes).
    Removing vectoc.o(.text.InnerProduct2d), (50 bytes).
    Removing vectoc.o(.ARM.exidx.text.InnerProduct2d), (8 bytes).
    Removing vectoc.o(.text.Vector_Add), (62 bytes).
    Removing vectoc.o(.ARM.exidx.text.Vector_Add), (8 bytes).
    Removing vectoc.o(.text.Vector_Minus), (62 bytes).
    Removing vectoc.o(.ARM.exidx.text.Vector_Minus), (8 bytes).
    Removing vectoc.o(.text.Vector_MultiplyNum), (66 bytes).
    Removing vectoc.o(.ARM.exidx.text.Vector_MultiplyNum), (8 bytes).
    Removing canqueue.o(.text), (0 bytes).
    Removing canqueue.o(.ARM.exidx.text.CAN_InitSendQueue), (8 bytes).
    Removing canqueue.o(.ARM.exidx.text.CAN_Queue_IfEmpty), (8 bytes).
    Removing canqueue.o(.ARM.exidx.text.CAN_Queue_IfFull), (8 bytes).
    Removing canqueue.o(.ARM.exidx.text.CAN_DequeueTx), (8 bytes).
    Removing canqueue.o(.ARM.exidx.text.CAN_Enqueue), (8 bytes).
    Removing canqueue.o(.text.HeaderPrepare), (30 bytes).
    Removing canqueue.o(.ARM.exidx.text.HeaderPrepare), (8 bytes).
    Removing djmotor.o(.text), (0 bytes).
    Removing djmotor.o(.ARM.exidx.text.DJmotor_Init), (8 bytes).
    Removing djmotor.o(.text.DJmotor_PID_Reload), (74 bytes).
    Removing djmotor.o(.ARM.exidx.text.DJmotor_PID_Reload), (8 bytes).
    Removing djmotor.o(.ARM.exidx.text.DJmotor_SetZero), (8 bytes).
    Removing djmotor.o(.ARM.exidx.text.DJmotor_AngleCalculate), (8 bytes).
    Removing djmotor.o(.ARM.exidx.text.Get_Total_Ratio), (8 bytes).
    Removing djmotor.o(.ARM.exidx.text.DJmotor_Receive), (8 bytes).
    Removing djmotor.o(.ARM.exidx.text.is_M3508), (8 bytes).
    Removing djmotor.o(.ARM.exidx.text.DJmotor_CurrentTransmit), (8 bytes).
    Removing djmotor.o(.ARM.exidx.text.DJmotor_GetCanHandle), (8 bytes).
    Removing djmotor.o(.ARM.exidx.text.DJmotor_SpeedMode), (8 bytes).
    Removing djmotor.o(.ARM.exidx.text.ClampPeak), (8 bytes).
    Removing djmotor.o(.ARM.exidx.text.DJmotor_PositionMode), (8 bytes).
    Removing djmotor.o(.ARM.exidx.text.Clamp), (8 bytes).
    Removing djmotor.o(.ARM.exidx.text.DJmotor_ZeroMode), (8 bytes).
    Removing djmotor.o(.ARM.exidx.text.DJmotor_Func), (8 bytes).
    Removing djmotor.o(.ARM.exidx.text.DJmotor_SwitchMode), (8 bytes).
    Removing zdrive.o(.text), (0 bytes).
    Removing zdrive.o(.ARM.exidx.text.ZdriveDequeue), (8 bytes).
    Removing zdrive.o(.ARM.exidx.text.ZdriveInit), (8 bytes).
    Removing zdrive.o(.ARM.exidx.text.ZdriveAsk), (8 bytes).
    Removing zdrive.o(.ARM.exidx.text.ZdriveSet), (8 bytes).
    Removing zdrive.o(.ARM.exidx.text.DEG2N), (8 bytes).
    Removing zdrive.o(.ARM.exidx.text.ZdriveEnqueue), (8 bytes).
    Removing zdrive.o(.ARM.exidx.text.Zdrive_IsOurs), (8 bytes).
    Removing zdrive.o(.ARM.exidx.text.Zdrive_IdOnBus), (8 bytes).
    Removing zdrive.o(.ARM.exidx.text.ZdriveReceive), (8 bytes).
    Removing zdrive.o(.text.ZdriveSetPVT), (160 bytes).
    Removing zdrive.o(.ARM.exidx.text.ZdriveSetPVT), (8 bytes).
    Removing zdrive.o(.text.ZdriveSetMIT), (380 bytes).
    Removing zdrive.o(.ARM.exidx.text.ZdriveSetMIT), (8 bytes).
    Removing zdrive.o(.text.ZdriveParamConfig), (352 bytes).
    Removing zdrive.o(.ARM.exidx.text.ZdriveParamConfig), (8 bytes).
    Removing zdrive.o(.text.Clamp), (80 bytes).
    Removing zdrive.o(.ARM.exidx.text.Clamp), (8 bytes).
    Removing zdrive.o(.ARM.exidx.text.ZdriveFunc), (8 bytes).
    Removing zdrive.o(.ARM.exidx.text.Zdrive_ErrHandle), (8 bytes).
    Removing zdrive.o(.ARM.exidx.text.Zdrive_SwitchMachine), (8 bytes).
    Removing zdrive.o(.ARM.exidx.text.Zdrive_RunMachine), (8 bytes).
    Removing zdrive.o(.ARM.exidx.text.Zdrive_GetTxQueue), (8 bytes).
    Removing zdrive.o(.ARM.exidx.text.Zdrive_SplitActive), (8 bytes).
    Removing myostasks.o(.text), (0 bytes).
    Removing myostasks.o(.ARM.exidx.text.LedWaterTask), (8 bytes).
    Removing myostasks.o(.ARM.exidx.text.BeepAlarmTask), (8 bytes).
    Removing myostasks.o(.ARM.exidx.text.Ground_Block_Task), (8 bytes).
    Removing ground_block.o(.text), (0 bytes).
    Removing ground_block.o(.ARM.exidx.text.Ground_Block_Enable), (8 bytes).
    Removing ground_block.o(.ARM.exidx.text.Ground_Block_Disable), (8 bytes).
    Removing ground_block.o(.ARM.exidx.text.Ground_Block_Init), (8 bytes).
    Removing ground_block.o(.ARM.exidx.text.Ground_Block_reset), (8 bytes).
    Removing ground_block.o(.text.Ground_Block_close), (68 bytes).
    Removing ground_block.o(.ARM.exidx.text.Ground_Block_close), (8 bytes).
    Removing ground_block.o(.ARM.exidx.text.Ground_Block_GetReady), (8 bytes).
    Removing ground_block.o(.ARM.exidx.text.Ground_Block_Fetch), (8 bytes).
    Removing ground_block.o(.ARM.exidx.text.Ground_Block_Lay), (8 bytes).
    Removing ground_block.o(.ARM.exidx.text.Ground_Block_Func), (8 bytes).
    Removing ground_block.o(.ARM.exidx.text.Ground_Block_Process), (8 bytes).

1557 unused section(s) (total 97394 bytes) removed from the image.
