<html>
<body>
<pre>
<h1>µVision Build Log</h1>
<h2>Tool Versions:</h2>
IDE-Version: ¦ÌVision V5.37.0.0
Copyright (C) 2022 ARM Ltd and ARM Germany GmbH. All rights reserved.
License Information: w lenovo, w, LIC=D0D7S-LLCFN-WF5I7-EP3RL-N20WM-6ZL95
 
Tool Versions:
Toolchain:       MDK-ARM Plus  Version: 5.37.0.0
Toolchain Path:  D:\keil5\ARM\ARMCLANG\Bin
C Compiler:      ArmClang.exe V6.18
Assembler:       Armasm.exe V6.18
Linker/Locator:  ArmLink.exe V6.18
Library Manager: ArmAr.exe V6.18
Hex Converter:   FromElf.exe V6.18
CPU DLL:         SARMCM3.DLL V5.37.0.0
Dialog DLL:      DCM.DLL V1.17.5.0
Target DLL:      STLink\ST-LINKIII-KEIL_SWO.dll V3.0.9.0
Dialog DLL:      TCM.DLL V1.56.1.0
 
<h2>Project:</h2>
D:\RC_Study_project\Ground_Block\Ground_Block\MDK-ARM\Ground_Block.uvprojx
Project File Date:  08/26/2026

<h2>Output:</h2>
*** Using Compiler 'V6.18', folder: 'D:\keil5\ARM\ARMCLANG\Bin'
Build target 'Ground_Block'
compiling can.c...
compiling BlueTooth.c...
../Core/Src/main.c(161): warning: implicit declaration of function 'Ground_Block_close' is invalid in C99 [-Wimplicit-function-declaration]
      Ground_Block_close();
      ^
1 warning generated.
compiling main.c...
compiling CanQueue.c...
compiling dma.c...
compiling myostasks.c...
compiling pid.c...
compiling EXTI_IRQHandler.c...
compiling Solenoid.c...
compiling ZDrive.c...
compiling UART_IRQHandler.c...
compiling stm32f4xx_hal_msp.c...
../APL/Tasks/Src/Ground_Block.c(86): warning: using the result of an assignment as a condition without parentheses [-Wparentheses]
     if (solenoid_is_open = 1)
         ~~~~~~~~~~~~~~~~~^~~
../APL/Tasks/Src/Ground_Block.c(86): note: place parentheses around the assignment to silence this warning
     if (solenoid_is_open = 1)
                          ^
         (                   )
../APL/Tasks/Src/Ground_Block.c(86): note: use '==' to turn this assignment into an equality comparison
     if (solenoid_is_open = 1)
                          ^
                          ==
1 warning generated.
compiling Ground_Block.c...
compiling gpio.c...
compiling Beep.c...
compiling Led.c...
compiling usart.c...
compiling freertos.c...
compiling TIM_IRQHandler.c...
compiling CAN_IRQHandler.c...
compiling stm32f4xx_it.c...
compiling tim.c...
compiling DJmotor.c...
linking...
Program Size: Code=42408 RO-data=564 RW-data=16 ZI-data=25784  
FromELF: creating hex file...
".\Ground_Block\Ground_Block.axf" - 0 Error(s), 2 Warning(s).

<h2>Software Packages used:</h2>

Package Vendor: ARM
                http://www.keil.com/pack/ARM.CMSIS.5.9.0.pack
                ARM.CMSIS.5.9.0
                CMSIS (Common Microcontroller Software Interface Standard)
   * Component: CORE Version: 5.6.0

Package Vendor: Keil
                https://www.keil.com/pack/Keil.STM32F4xx_DFP.3.1.1.pack
                Keil.STM32F4xx_DFP.3.1.1
                STMicroelectronics STM32F4 Series Device Support

<h2>Collection of Component include folders:</h2>
  ./RTE/_Ground_Block
  D:/keil5/ARM/PACK/ARM/CMSIS/5.9.0/CMSIS/Core/Include

<h2>Collection of Component Files used:</h2>

   * Component: ARM::CMSIS:CORE:5.6.0
      Include file:  CMSIS/Core/Include/tz_context.h
Build Time Elapsed:  00:00:03
</pre>
</body>
</html>
